-- The C compiler identification is GNU 11.4.0
-- The CXX compiler identification is GNU 11.4.0
-- Detecting C compiler ABI info
-- Detecting C compiler ABI info - done
-- Check for working C compiler: /usr/bin/cc - skipped
-- Detecting C compile features
-- Detecting C compile features - done
-- Detecting CXX compiler ABI info
-- Detecting CXX compiler ABI info - done
-- Check for working CXX compiler: /usr/bin/c++ - skipped
-- Detecting CXX compile features
-- Detecting CXX compile features - done
-- Found ament_cmake: 1.3.12 (/opt/ros/humble/share/ament_cmake/cmake)
-- Found Python3: /usr/bin/python3 (found version "3.10.12") found components: Interpreter 
-- Found rclcpp_lifecycle: 16.0.14 (/opt/ros/humble/share/rclcpp_lifecycle/cmake)
-- Found rosidl_generator_c: 3.1.7 (/opt/ros/humble/share/rosidl_generator_c/cmake)
-- Found rosidl_adapter: 3.1.7 (/opt/ros/humble/share/rosidl_adapter/cmake)
-- Found rosidl_generator_cpp: 3.1.7 (/opt/ros/humble/share/rosidl_generator_cpp/cmake)
-- Using all available rosidl_typesupport_c: rosidl_typesupport_fastrtps_c;rosidl_typesupport_introspection_c
-- Using all available rosidl_typesupport_cpp: rosidl_typesupport_fastrtps_cpp;rosidl_typesupport_introspection_cpp
-- Found rmw_implementation_cmake: 6.1.2 (/opt/ros/humble/share/rmw_implementation_cmake/cmake)
-- Found rmw_fastrtps_cpp: 6.2.8 (/opt/ros/humble/share/rmw_fastrtps_cpp/cmake)
-- Found OpenSSL: /usr/lib/x86_64-linux-gnu/libcrypto.so (found version "3.0.2")  
-- Found FastRTPS: /opt/ros/humble/include  
-- Using RMW implementation 'rmw_fastrtps_cpp' as default
-- Looking for pthread.h
-- Looking for pthread.h - found
-- Performing Test CMAKE_HAVE_LIBC_PTHREAD
-- Performing Test CMAKE_HAVE_LIBC_PTHREAD - Success
-- Found Threads: TRUE  
-- Configuring done
-- Generating done
-- Build files have been written to: /home/kirill/VNIIA/Projects/black_plat/build/t21_lidar
-- Install configuration: ""
-- Installing: /home/kirill/VNIIA/Projects/black_plat/install/t21_lidar/share/t21_lidar/launch
-- Installing: /home/kirill/VNIIA/Projects/black_plat/install/t21_lidar/share/t21_lidar/launch/t21_lidar.launch.py
-- Installing: /home/kirill/VNIIA/Projects/black_plat/install/t21_lidar/share/t21_lidar/config
-- Installing: /home/kirill/VNIIA/Projects/black_plat/install/t21_lidar/share/t21_lidar/config/VLP16-velodyne_driver_node-params.yaml
-- Installing: /home/kirill/VNIIA/Projects/black_plat/install/t21_lidar/share/t21_lidar/config/VLP16-velodyne_transform_node-params.yaml
-- Up-to-date: /home/kirill/VNIIA/Projects/black_plat/install/t21_lidar/share/t21_lidar/config/VLP16-velodyne_driver_node-params.yaml
-- Up-to-date: /home/kirill/VNIIA/Projects/black_plat/install/t21_lidar/share/t21_lidar/config/VLP16-velodyne_transform_node-params.yaml
-- Installing: /home/kirill/VNIIA/Projects/black_plat/install/t21_lidar/share/ament_index/resource_index/package_run_dependencies/t21_lidar
-- Installing: /home/kirill/VNIIA/Projects/black_plat/install/t21_lidar/share/ament_index/resource_index/parent_prefix_path/t21_lidar
-- Installing: /home/kirill/VNIIA/Projects/black_plat/install/t21_lidar/share/t21_lidar/environment/ament_prefix_path.sh
-- Installing: /home/kirill/VNIIA/Projects/black_plat/install/t21_lidar/share/t21_lidar/environment/ament_prefix_path.dsv
-- Installing: /home/kirill/VNIIA/Projects/black_plat/install/t21_lidar/share/t21_lidar/environment/path.sh
-- Installing: /home/kirill/VNIIA/Projects/black_plat/install/t21_lidar/share/t21_lidar/environment/path.dsv
-- Installing: /home/kirill/VNIIA/Projects/black_plat/install/t21_lidar/share/t21_lidar/local_setup.bash
-- Installing: /home/kirill/VNIIA/Projects/black_plat/install/t21_lidar/share/t21_lidar/local_setup.sh
-- Installing: /home/kirill/VNIIA/Projects/black_plat/install/t21_lidar/share/t21_lidar/local_setup.zsh
-- Installing: /home/kirill/VNIIA/Projects/black_plat/install/t21_lidar/share/t21_lidar/local_setup.dsv
-- Installing: /home/kirill/VNIIA/Projects/black_plat/install/t21_lidar/share/t21_lidar/package.dsv
-- Installing: /home/kirill/VNIIA/Projects/black_plat/install/t21_lidar/share/ament_index/resource_index/packages/t21_lidar
-- Installing: /home/kirill/VNIIA/Projects/black_plat/install/t21_lidar/share/t21_lidar/cmake/ament_cmake_export_dependencies-extras.cmake
-- Installing: /home/kirill/VNIIA/Projects/black_plat/install/t21_lidar/share/t21_lidar/cmake/t21_lidarConfig.cmake
-- Installing: /home/kirill/VNIIA/Projects/black_plat/install/t21_lidar/share/t21_lidar/cmake/t21_lidarConfig-version.cmake
-- Installing: /home/kirill/VNIIA/Projects/black_plat/install/t21_lidar/share/t21_lidar/package.xml
