[0.021s] Invoking command in '/home/kirill/VNIIA/Projects/black_plat/build/t21_lidar': CMAKE_PREFIX_PATH=${CMAKE_PREFIX_PATH}:/home/kirill/VNIIA/Projects/black_plat/install/t21_teleop:/opt/ros/humble /usr/bin/cmake /home/kirill/VNIIA/Projects/black_plat/src/t21_lidar -DCMAKE_INSTALL_PREFIX=/home/kirill/VNIIA/Projects/black_plat/install/t21_lidar
[0.118s] -- The C compiler identification is GNU 11.4.0
[0.215s] -- The CXX compiler identification is GNU 11.4.0
[0.225s] -- Detecting C compiler ABI info
[0.306s] -- Detecting C compiler ABI info - done
[0.317s] -- Check for working C compiler: /usr/bin/cc - skipped
[0.321s] -- Detecting C compile features
[0.321s] -- Detecting C compile features - done
[0.326s] -- Detecting CXX compiler ABI info
[0.417s] -- Detecting CXX compiler ABI info - done
[0.428s] -- Check for working CXX compiler: /usr/bin/c++ - skipped
[0.430s] -- Detecting CXX compile features
[0.430s] -- Detecting CXX compile features - done
[0.432s] -- Found ament_cmake: 1.3.12 (/opt/ros/humble/share/ament_cmake/cmake)
[0.626s] -- Found Python3: /usr/bin/python3 (found version "3.10.12") found components: Interpreter 
[0.759s] -- Found rclcpp_lifecycle: 16.0.14 (/opt/ros/humble/share/rclcpp_lifecycle/cmake)
[0.832s] -- Found rosidl_generator_c: 3.1.7 (/opt/ros/humble/share/rosidl_generator_c/cmake)
[0.839s] -- Found rosidl_adapter: 3.1.7 (/opt/ros/humble/share/rosidl_adapter/cmake)
[0.860s] -- Found rosidl_generator_cpp: 3.1.7 (/opt/ros/humble/share/rosidl_generator_cpp/cmake)
[0.876s] -- Using all available rosidl_typesupport_c: rosidl_typesupport_fastrtps_c;rosidl_typesupport_introspection_c
[0.899s] -- Using all available rosidl_typesupport_cpp: rosidl_typesupport_fastrtps_cpp;rosidl_typesupport_introspection_cpp
[0.971s] -- Found rmw_implementation_cmake: 6.1.2 (/opt/ros/humble/share/rmw_implementation_cmake/cmake)
[0.975s] -- Found rmw_fastrtps_cpp: 6.2.8 (/opt/ros/humble/share/rmw_fastrtps_cpp/cmake)
[1.077s] -- Found OpenSSL: /usr/lib/x86_64-linux-gnu/libcrypto.so (found version "3.0.2")  
[1.113s] -- Found FastRTPS: /opt/ros/humble/include  
[1.171s] -- Using RMW implementation 'rmw_fastrtps_cpp' as default
[1.180s] -- Looking for pthread.h
[1.251s] -- Looking for pthread.h - found
[1.251s] -- Performing Test CMAKE_HAVE_LIBC_PTHREAD
[1.336s] -- Performing Test CMAKE_HAVE_LIBC_PTHREAD - Success
[1.337s] -- Found Threads: TRUE  
[1.512s] -- Configuring done
[1.517s] -- Generating done
[1.523s] -- Build files have been written to: /home/kirill/VNIIA/Projects/black_plat/build/t21_lidar
[1.532s] Invoked command in '/home/kirill/VNIIA/Projects/black_plat/build/t21_lidar' returned '0': CMAKE_PREFIX_PATH=${CMAKE_PREFIX_PATH}:/home/kirill/VNIIA/Projects/black_plat/install/t21_teleop:/opt/ros/humble /usr/bin/cmake /home/kirill/VNIIA/Projects/black_plat/src/t21_lidar -DCMAKE_INSTALL_PREFIX=/home/kirill/VNIIA/Projects/black_plat/install/t21_lidar
[1.537s] Invoking command in '/home/kirill/VNIIA/Projects/black_plat/build/t21_lidar': CMAKE_PREFIX_PATH=${CMAKE_PREFIX_PATH}:/home/kirill/VNIIA/Projects/black_plat/install/t21_teleop:/opt/ros/humble /usr/bin/cmake --build /home/kirill/VNIIA/Projects/black_plat/build/t21_lidar -- -j8 -l8
[1.572s] Invoked command in '/home/kirill/VNIIA/Projects/black_plat/build/t21_lidar' returned '0': CMAKE_PREFIX_PATH=${CMAKE_PREFIX_PATH}:/home/kirill/VNIIA/Projects/black_plat/install/t21_teleop:/opt/ros/humble /usr/bin/cmake --build /home/kirill/VNIIA/Projects/black_plat/build/t21_lidar -- -j8 -l8
[1.574s] Invoking command in '/home/kirill/VNIIA/Projects/black_plat/build/t21_lidar': CMAKE_PREFIX_PATH=${CMAKE_PREFIX_PATH}:/home/kirill/VNIIA/Projects/black_plat/install/t21_teleop:/opt/ros/humble /usr/bin/cmake --install /home/kirill/VNIIA/Projects/black_plat/build/t21_lidar
[1.579s] -- Install configuration: ""
[1.579s] -- Installing: /home/kirill/VNIIA/Projects/black_plat/install/t21_lidar/share/t21_lidar/launch
[1.579s] -- Installing: /home/kirill/VNIIA/Projects/black_plat/install/t21_lidar/share/t21_lidar/launch/t21_lidar.launch.py
[1.579s] -- Installing: /home/kirill/VNIIA/Projects/black_plat/install/t21_lidar/share/t21_lidar/config
[1.579s] -- Installing: /home/kirill/VNIIA/Projects/black_plat/install/t21_lidar/share/t21_lidar/config/VLP16-velodyne_driver_node-params.yaml
[1.580s] -- Installing: /home/kirill/VNIIA/Projects/black_plat/install/t21_lidar/share/t21_lidar/config/VLP16-velodyne_transform_node-params.yaml
[1.580s] -- Up-to-date: /home/kirill/VNIIA/Projects/black_plat/install/t21_lidar/share/t21_lidar/config/VLP16-velodyne_driver_node-params.yaml
[1.580s] -- Up-to-date: /home/kirill/VNIIA/Projects/black_plat/install/t21_lidar/share/t21_lidar/config/VLP16-velodyne_transform_node-params.yaml
[1.580s] -- Installing: /home/kirill/VNIIA/Projects/black_plat/install/t21_lidar/share/ament_index/resource_index/package_run_dependencies/t21_lidar
[1.580s] -- Installing: /home/kirill/VNIIA/Projects/black_plat/install/t21_lidar/share/ament_index/resource_index/parent_prefix_path/t21_lidar
[1.580s] -- Installing: /home/kirill/VNIIA/Projects/black_plat/install/t21_lidar/share/t21_lidar/environment/ament_prefix_path.sh
[1.580s] -- Installing: /home/kirill/VNIIA/Projects/black_plat/install/t21_lidar/share/t21_lidar/environment/ament_prefix_path.dsv
[1.581s] -- Installing: /home/kirill/VNIIA/Projects/black_plat/install/t21_lidar/share/t21_lidar/environment/path.sh
[1.581s] -- Installing: /home/kirill/VNIIA/Projects/black_plat/install/t21_lidar/share/t21_lidar/environment/path.dsv
[1.581s] -- Installing: /home/kirill/VNIIA/Projects/black_plat/install/t21_lidar/share/t21_lidar/local_setup.bash
[1.581s] -- Installing: /home/kirill/VNIIA/Projects/black_plat/install/t21_lidar/share/t21_lidar/local_setup.sh
[1.581s] -- Installing: /home/kirill/VNIIA/Projects/black_plat/install/t21_lidar/share/t21_lidar/local_setup.zsh
[1.581s] -- Installing: /home/kirill/VNIIA/Projects/black_plat/install/t21_lidar/share/t21_lidar/local_setup.dsv
[1.581s] -- Installing: /home/kirill/VNIIA/Projects/black_plat/install/t21_lidar/share/t21_lidar/package.dsv
[1.581s] -- Installing: /home/kirill/VNIIA/Projects/black_plat/install/t21_lidar/share/ament_index/resource_index/packages/t21_lidar
[1.582s] -- Installing: /home/kirill/VNIIA/Projects/black_plat/install/t21_lidar/share/t21_lidar/cmake/ament_cmake_export_dependencies-extras.cmake
[1.582s] -- Installing: /home/kirill/VNIIA/Projects/black_plat/install/t21_lidar/share/t21_lidar/cmake/t21_lidarConfig.cmake
[1.582s] -- Installing: /home/kirill/VNIIA/Projects/black_plat/install/t21_lidar/share/t21_lidar/cmake/t21_lidarConfig-version.cmake
[1.582s] -- Installing: /home/kirill/VNIIA/Projects/black_plat/install/t21_lidar/share/t21_lidar/package.xml
[1.584s] Invoked command in '/home/kirill/VNIIA/Projects/black_plat/build/t21_lidar' returned '0': CMAKE_PREFIX_PATH=${CMAKE_PREFIX_PATH}:/home/kirill/VNIIA/Projects/black_plat/install/t21_teleop:/opt/ros/humble /usr/bin/cmake --install /home/kirill/VNIIA/Projects/black_plat/build/t21_lidar
