running egg_info
writing ../../build/t21_teleop/t21_teleop.egg-info/PKG-INFO
writing dependency_links to ../../build/t21_teleop/t21_teleop.egg-info/dependency_links.txt
writing entry points to ../../build/t21_teleop/t21_teleop.egg-info/entry_points.txt
writing requirements to ../../build/t21_teleop/t21_teleop.egg-info/requires.txt
writing top-level names to ../../build/t21_teleop/t21_teleop.egg-info/top_level.txt
reading manifest file '../../build/t21_teleop/t21_teleop.egg-info/SOURCES.txt'
writing manifest file '../../build/t21_teleop/t21_teleop.egg-info/SOURCES.txt'
running build
running build_py
running install
running install_lib
running install_data
running install_egg_info
removing '/home/kirill/VNIIA/Projects/black_plat/install/t21_teleop/lib/python3.10/site-packages/t21_teleop-0.0.0-py3.10.egg-info' (and everything under it)
Copying ../../build/t21_teleop/t21_teleop.egg-info to /home/kirill/VNIIA/Projects/black_plat/install/t21_teleop/lib/python3.10/site-packages/t21_teleop-0.0.0-py3.10.egg-info
running install_scripts
Installing drive_test script to /home/kirill/VNIIA/Projects/black_plat/install/t21_teleop/lib/t21_teleop
Installing flipper_teleop script to /home/kirill/VNIIA/Projects/black_plat/install/t21_teleop/lib/t21_teleop
Installing joy_flipper_teleop script to /home/kirill/VNIIA/Projects/black_plat/install/t21_teleop/lib/t21_teleop
Installing joy_full_teleop script to /home/kirill/VNIIA/Projects/black_plat/install/t21_teleop/lib/t21_teleop
Installing joy_platform_teleop script to /home/kirill/VNIIA/Projects/black_plat/install/t21_teleop/lib/t21_teleop
writing list of installed files to '/home/kirill/VNIIA/Projects/black_plat/build/t21_teleop/install.log'
