[0.025s] Invoking command in '/home/kirill/VNIIA/Projects/black_plat/build/lio_sam': CMAKE_PREFIX_PATH=${CMAKE_PREFIX_PATH}:/home/kirill/VNIIA/Projects/black_plat/install/t21_teleop:/opt/ros/humble /usr/bin/cmake --build /home/kirill/VNIIA/Projects/black_plat/build/lio_sam -- -j8 -l8
[0.090s] [  2%] Built target lio_sam__cpp
[0.093s] [ 10%] Built target lio_sam__rosidl_generator_c
[0.118s] [ 10%] Built target ament_cmake_python_copy_lio_sam
[0.126s] [ 19%] Built target lio_sam__rosidl_typesupport_introspection_cpp
[0.127s] [ 27%] Built target lio_sam__rosidl_typesupport_cpp
[0.128s] [ 40%] Built target lio_sam__rosidl_typesupport_introspection_c
[0.129s] [ 44%] Built target lio_sam__rosidl_typesupport_fastrtps_cpp
[0.133s] [ 53%] Built target lio_sam__rosidl_typesupport_c
[0.138s] [ 61%] Built target lio_sam__rosidl_typesupport_fastrtps_c
[0.154s] [35m[1mConsolidate compiler generated dependencies of target lio_sam_imuPreintegration[0m
[0.160s] [ 61%] Built target lio_sam
[0.172s] [ 63%] [32mBuilding CXX object CMakeFiles/lio_sam_featureExtraction.dir/src/featureExtraction.cpp.o[0m
[0.174s] [ 65%] [32mBuilding CXX object CMakeFiles/lio_sam_imageProjection.dir/src/imageProjection.cpp.o[0m
[0.186s] [ 68%] Built target lio_sam__py
[0.187s] [ 70%] [32mBuilding CXX object CMakeFiles/lio_sam_mapOptimization.dir/src/mapOptmization.cpp.o[0m
[0.199s] [ 72%] [32mBuilding CXX object CMakeFiles/lio_sam_imuPreintegration.dir/src/imuPreintegration.cpp.o[0m
[0.228s] [ 78%] Built target lio_sam__rosidl_generator_py
[0.247s] [ 82%] Built target lio_sam__rosidl_typesupport_fastrtps_c__pyext
[0.248s] [ 87%] Built target lio_sam__rosidl_typesupport_introspection_c__pyext
[0.249s] [ 91%] Built target lio_sam__rosidl_typesupport_c__pyext
[0.382s] running egg_info
[0.383s] writing lio_sam.egg-info/PKG-INFO
[0.383s] writing dependency_links to lio_sam.egg-info/dependency_links.txt
[0.383s] writing top-level names to lio_sam.egg-info/top_level.txt
[0.385s] reading manifest file 'lio_sam.egg-info/SOURCES.txt'
[0.386s] writing manifest file 'lio_sam.egg-info/SOURCES.txt'
[0.406s] [ 91%] Built target ament_cmake_python_build_lio_sam_egg
[25.076s] [ 93%] [32m[1mLinking CXX executable lio_sam_featureExtraction[0m
[25.496s] [ 93%] Built target lio_sam_featureExtraction
[30.696s] [ 95%] [32m[1mLinking CXX executable lio_sam_imageProjection[0m
[31.190s] [ 95%] Built target lio_sam_imageProjection
[37.280s] [ 97%] [32m[1mLinking CXX executable lio_sam_imuPreintegration[0m
[37.748s] [ 97%] Built target lio_sam_imuPreintegration
[56.972s] [100%] [32m[1mLinking CXX executable lio_sam_mapOptimization[0m
[57.366s] /usr/bin/ld: warning: libtbb.so.2, needed by /usr/lib/x86_64-linux-gnu/libopencv_core.so.4.5.4d, may conflict with libtbb.so.12
[57.544s] [100%] Built target lio_sam_mapOptimization
[57.553s] Invoked command in '/home/kirill/VNIIA/Projects/black_plat/build/lio_sam' returned '0': CMAKE_PREFIX_PATH=${CMAKE_PREFIX_PATH}:/home/kirill/VNIIA/Projects/black_plat/install/t21_teleop:/opt/ros/humble /usr/bin/cmake --build /home/kirill/VNIIA/Projects/black_plat/build/lio_sam -- -j8 -l8
[57.555s] Invoking command in '/home/kirill/VNIIA/Projects/black_plat/build/lio_sam': CMAKE_PREFIX_PATH=${CMAKE_PREFIX_PATH}:/home/kirill/VNIIA/Projects/black_plat/install/t21_teleop:/opt/ros/humble /usr/bin/cmake --install /home/kirill/VNIIA/Projects/black_plat/build/lio_sam
[57.560s] -- Install configuration: "Release"
[57.560s] -- Up-to-date: /home/kirill/VNIIA/Projects/black_plat/install/lio_sam/share/ament_index/resource_index/rosidl_interfaces/lio_sam
[57.560s] -- Up-to-date: /home/kirill/VNIIA/Projects/black_plat/install/lio_sam/include/lio_sam/lio_sam
[57.560s] -- Up-to-date: /home/kirill/VNIIA/Projects/black_plat/install/lio_sam/include/lio_sam/lio_sam/msg
[57.560s] -- Up-to-date: /home/kirill/VNIIA/Projects/black_plat/install/lio_sam/include/lio_sam/lio_sam/msg/rosidl_generator_c__visibility_control.h
[57.560s] -- Up-to-date: /home/kirill/VNIIA/Projects/black_plat/install/lio_sam/include/lio_sam/lio_sam/msg/detail
[57.560s] -- Up-to-date: /home/kirill/VNIIA/Projects/black_plat/install/lio_sam/include/lio_sam/lio_sam/msg/detail/cloud_info__functions.h
[57.560s] -- Up-to-date: /home/kirill/VNIIA/Projects/black_plat/install/lio_sam/include/lio_sam/lio_sam/msg/detail/cloud_info__functions.c
[57.560s] -- Up-to-date: /home/kirill/VNIIA/Projects/black_plat/install/lio_sam/include/lio_sam/lio_sam/msg/detail/cloud_info__type_support.h
[57.560s] -- Up-to-date: /home/kirill/VNIIA/Projects/black_plat/install/lio_sam/include/lio_sam/lio_sam/msg/detail/cloud_info__struct.h
[57.560s] -- Up-to-date: /home/kirill/VNIIA/Projects/black_plat/install/lio_sam/include/lio_sam/lio_sam/msg/cloud_info.h
[57.561s] -- Up-to-date: /home/kirill/VNIIA/Projects/black_plat/install/lio_sam/include/lio_sam/lio_sam/srv
[57.561s] -- Up-to-date: /home/kirill/VNIIA/Projects/black_plat/install/lio_sam/include/lio_sam/lio_sam/srv/save_map.h
[57.561s] -- Up-to-date: /home/kirill/VNIIA/Projects/black_plat/install/lio_sam/include/lio_sam/lio_sam/srv/detail
[57.561s] -- Up-to-date: /home/kirill/VNIIA/Projects/black_plat/install/lio_sam/include/lio_sam/lio_sam/srv/detail/save_map__struct.h
[57.561s] -- Up-to-date: /home/kirill/VNIIA/Projects/black_plat/install/lio_sam/include/lio_sam/lio_sam/srv/detail/save_map__functions.h
[57.561s] -- Up-to-date: /home/kirill/VNIIA/Projects/black_plat/install/lio_sam/include/lio_sam/lio_sam/srv/detail/save_map__functions.c
[57.561s] -- Up-to-date: /home/kirill/VNIIA/Projects/black_plat/install/lio_sam/include/lio_sam/lio_sam/srv/detail/save_map__type_support.h
[57.561s] -- Up-to-date: /home/kirill/VNIIA/Projects/black_plat/install/lio_sam/share/lio_sam/environment/library_path.sh
[57.561s] -- Up-to-date: /home/kirill/VNIIA/Projects/black_plat/install/lio_sam/share/lio_sam/environment/library_path.dsv
[57.561s] -- Up-to-date: /home/kirill/VNIIA/Projects/black_plat/install/lio_sam/lib/liblio_sam__rosidl_generator_c.so
[57.561s] -- Up-to-date: /home/kirill/VNIIA/Projects/black_plat/install/lio_sam/include/lio_sam/lio_sam
[57.561s] -- Up-to-date: /home/kirill/VNIIA/Projects/black_plat/install/lio_sam/include/lio_sam/lio_sam/msg
[57.561s] -- Up-to-date: /home/kirill/VNIIA/Projects/black_plat/install/lio_sam/include/lio_sam/lio_sam/msg/rosidl_typesupport_fastrtps_c__visibility_control.h
[57.561s] -- Up-to-date: /home/kirill/VNIIA/Projects/black_plat/install/lio_sam/include/lio_sam/lio_sam/msg/detail
[57.561s] -- Up-to-date: /home/kirill/VNIIA/Projects/black_plat/install/lio_sam/include/lio_sam/lio_sam/msg/detail/cloud_info__rosidl_typesupport_fastrtps_c.h
[57.561s] -- Up-to-date: /home/kirill/VNIIA/Projects/black_plat/install/lio_sam/include/lio_sam/lio_sam/srv
[57.561s] -- Up-to-date: /home/kirill/VNIIA/Projects/black_plat/install/lio_sam/include/lio_sam/lio_sam/srv/detail
[57.561s] -- Up-to-date: /home/kirill/VNIIA/Projects/black_plat/install/lio_sam/include/lio_sam/lio_sam/srv/detail/save_map__rosidl_typesupport_fastrtps_c.h
[57.561s] -- Up-to-date: /home/kirill/VNIIA/Projects/black_plat/install/lio_sam/lib/liblio_sam__rosidl_typesupport_fastrtps_c.so
[57.561s] -- Up-to-date: /home/kirill/VNIIA/Projects/black_plat/install/lio_sam/include/lio_sam/lio_sam
[57.561s] -- Up-to-date: /home/kirill/VNIIA/Projects/black_plat/install/lio_sam/include/lio_sam/lio_sam/msg
[57.562s] -- Up-to-date: /home/kirill/VNIIA/Projects/black_plat/install/lio_sam/include/lio_sam/lio_sam/msg/rosidl_typesupport_introspection_c__visibility_control.h
[57.562s] -- Up-to-date: /home/kirill/VNIIA/Projects/black_plat/install/lio_sam/include/lio_sam/lio_sam/msg/detail
[57.562s] -- Up-to-date: /home/kirill/VNIIA/Projects/black_plat/install/lio_sam/include/lio_sam/lio_sam/msg/detail/cloud_info__type_support.c
[57.562s] -- Up-to-date: /home/kirill/VNIIA/Projects/black_plat/install/lio_sam/include/lio_sam/lio_sam/msg/detail/cloud_info__rosidl_typesupport_introspection_c.h
[57.562s] -- Up-to-date: /home/kirill/VNIIA/Projects/black_plat/install/lio_sam/include/lio_sam/lio_sam/srv
[57.562s] -- Up-to-date: /home/kirill/VNIIA/Projects/black_plat/install/lio_sam/include/lio_sam/lio_sam/srv/detail
[57.562s] -- Up-to-date: /home/kirill/VNIIA/Projects/black_plat/install/lio_sam/include/lio_sam/lio_sam/srv/detail/save_map__type_support.c
[57.562s] -- Up-to-date: /home/kirill/VNIIA/Projects/black_plat/install/lio_sam/include/lio_sam/lio_sam/srv/detail/save_map__rosidl_typesupport_introspection_c.h
[57.562s] -- Up-to-date: /home/kirill/VNIIA/Projects/black_plat/install/lio_sam/lib/liblio_sam__rosidl_typesupport_introspection_c.so
[57.562s] -- Up-to-date: /home/kirill/VNIIA/Projects/black_plat/install/lio_sam/lib/liblio_sam__rosidl_typesupport_c.so
[57.562s] -- Up-to-date: /home/kirill/VNIIA/Projects/black_plat/install/lio_sam/include/lio_sam/lio_sam
[57.562s] -- Up-to-date: /home/kirill/VNIIA/Projects/black_plat/install/lio_sam/include/lio_sam/lio_sam/msg
[57.562s] -- Up-to-date: /home/kirill/VNIIA/Projects/black_plat/install/lio_sam/include/lio_sam/lio_sam/msg/rosidl_generator_cpp__visibility_control.hpp
[57.562s] -- Up-to-date: /home/kirill/VNIIA/Projects/black_plat/install/lio_sam/include/lio_sam/lio_sam/msg/cloud_info.hpp
[57.562s] -- Up-to-date: /home/kirill/VNIIA/Projects/black_plat/install/lio_sam/include/lio_sam/lio_sam/msg/detail
[57.562s] -- Up-to-date: /home/kirill/VNIIA/Projects/black_plat/install/lio_sam/include/lio_sam/lio_sam/msg/detail/cloud_info__struct.hpp
[57.562s] -- Up-to-date: /home/kirill/VNIIA/Projects/black_plat/install/lio_sam/include/lio_sam/lio_sam/msg/detail/cloud_info__builder.hpp
[57.562s] -- Up-to-date: /home/kirill/VNIIA/Projects/black_plat/install/lio_sam/include/lio_sam/lio_sam/msg/detail/cloud_info__traits.hpp
[57.563s] -- Up-to-date: /home/kirill/VNIIA/Projects/black_plat/install/lio_sam/include/lio_sam/lio_sam/msg/detail/cloud_info__type_support.hpp
[57.563s] -- Up-to-date: /home/kirill/VNIIA/Projects/black_plat/install/lio_sam/include/lio_sam/lio_sam/srv
[57.563s] -- Up-to-date: /home/kirill/VNIIA/Projects/black_plat/install/lio_sam/include/lio_sam/lio_sam/srv/save_map.hpp
[57.563s] -- Up-to-date: /home/kirill/VNIIA/Projects/black_plat/install/lio_sam/include/lio_sam/lio_sam/srv/detail
[57.563s] -- Up-to-date: /home/kirill/VNIIA/Projects/black_plat/install/lio_sam/include/lio_sam/lio_sam/srv/detail/save_map__traits.hpp
[57.563s] -- Up-to-date: /home/kirill/VNIIA/Projects/black_plat/install/lio_sam/include/lio_sam/lio_sam/srv/detail/save_map__builder.hpp
[57.563s] -- Up-to-date: /home/kirill/VNIIA/Projects/black_plat/install/lio_sam/include/lio_sam/lio_sam/srv/detail/save_map__type_support.hpp
[57.563s] -- Up-to-date: /home/kirill/VNIIA/Projects/black_plat/install/lio_sam/include/lio_sam/lio_sam/srv/detail/save_map__struct.hpp
[57.563s] -- Up-to-date: /home/kirill/VNIIA/Projects/black_plat/install/lio_sam/include/lio_sam/lio_sam
[57.563s] -- Up-to-date: /home/kirill/VNIIA/Projects/black_plat/install/lio_sam/include/lio_sam/lio_sam/msg
[57.563s] -- Up-to-date: /home/kirill/VNIIA/Projects/black_plat/install/lio_sam/include/lio_sam/lio_sam/msg/rosidl_typesupport_fastrtps_cpp__visibility_control.h
[57.563s] -- Up-to-date: /home/kirill/VNIIA/Projects/black_plat/install/lio_sam/include/lio_sam/lio_sam/msg/detail
[57.563s] -- Up-to-date: /home/kirill/VNIIA/Projects/black_plat/install/lio_sam/include/lio_sam/lio_sam/msg/detail/cloud_info__rosidl_typesupport_fastrtps_cpp.hpp
[57.563s] -- Up-to-date: /home/kirill/VNIIA/Projects/black_plat/install/lio_sam/include/lio_sam/lio_sam/msg/detail/dds_fastrtps
[57.563s] -- Up-to-date: /home/kirill/VNIIA/Projects/black_plat/install/lio_sam/include/lio_sam/lio_sam/srv
[57.563s] -- Up-to-date: /home/kirill/VNIIA/Projects/black_plat/install/lio_sam/include/lio_sam/lio_sam/srv/detail
[57.563s] -- Up-to-date: /home/kirill/VNIIA/Projects/black_plat/install/lio_sam/include/lio_sam/lio_sam/srv/detail/save_map__rosidl_typesupport_fastrtps_cpp.hpp
[57.563s] -- Up-to-date: /home/kirill/VNIIA/Projects/black_plat/install/lio_sam/include/lio_sam/lio_sam/srv/detail/dds_fastrtps
[57.563s] -- Up-to-date: /home/kirill/VNIIA/Projects/black_plat/install/lio_sam/lib/liblio_sam__rosidl_typesupport_fastrtps_cpp.so
[57.563s] -- Up-to-date: /home/kirill/VNIIA/Projects/black_plat/install/lio_sam/include/lio_sam/lio_sam
[57.563s] -- Up-to-date: /home/kirill/VNIIA/Projects/black_plat/install/lio_sam/include/lio_sam/lio_sam/msg
[57.564s] -- Up-to-date: /home/kirill/VNIIA/Projects/black_plat/install/lio_sam/include/lio_sam/lio_sam/msg/detail
[57.564s] -- Up-to-date: /home/kirill/VNIIA/Projects/black_plat/install/lio_sam/include/lio_sam/lio_sam/msg/detail/cloud_info__type_support.cpp
[57.564s] -- Up-to-date: /home/kirill/VNIIA/Projects/black_plat/install/lio_sam/include/lio_sam/lio_sam/msg/detail/cloud_info__rosidl_typesupport_introspection_cpp.hpp
[57.564s] -- Up-to-date: /home/kirill/VNIIA/Projects/black_plat/install/lio_sam/include/lio_sam/lio_sam/srv
[57.564s] -- Up-to-date: /home/kirill/VNIIA/Projects/black_plat/install/lio_sam/include/lio_sam/lio_sam/srv/detail
[57.564s] -- Up-to-date: /home/kirill/VNIIA/Projects/black_plat/install/lio_sam/include/lio_sam/lio_sam/srv/detail/save_map__rosidl_typesupport_introspection_cpp.hpp
[57.564s] -- Up-to-date: /home/kirill/VNIIA/Projects/black_plat/install/lio_sam/include/lio_sam/lio_sam/srv/detail/save_map__type_support.cpp
[57.564s] -- Up-to-date: /home/kirill/VNIIA/Projects/black_plat/install/lio_sam/lib/liblio_sam__rosidl_typesupport_introspection_cpp.so
[57.564s] -- Up-to-date: /home/kirill/VNIIA/Projects/black_plat/install/lio_sam/lib/liblio_sam__rosidl_typesupport_cpp.so
[57.564s] -- Up-to-date: /home/kirill/VNIIA/Projects/black_plat/install/lio_sam/share/lio_sam/environment/pythonpath.sh
[57.564s] -- Up-to-date: /home/kirill/VNIIA/Projects/black_plat/install/lio_sam/share/lio_sam/environment/pythonpath.dsv
[57.564s] -- Up-to-date: /home/kirill/VNIIA/Projects/black_plat/install/lio_sam/local/lib/python3.10/dist-packages/lio_sam-1.0.0-py3.10.egg-info
[57.564s] -- Installing: /home/kirill/VNIIA/Projects/black_plat/install/lio_sam/local/lib/python3.10/dist-packages/lio_sam-1.0.0-py3.10.egg-info/top_level.txt
[57.564s] -- Installing: /home/kirill/VNIIA/Projects/black_plat/install/lio_sam/local/lib/python3.10/dist-packages/lio_sam-1.0.0-py3.10.egg-info/SOURCES.txt
[57.564s] -- Installing: /home/kirill/VNIIA/Projects/black_plat/install/lio_sam/local/lib/python3.10/dist-packages/lio_sam-1.0.0-py3.10.egg-info/PKG-INFO
[57.565s] -- Installing: /home/kirill/VNIIA/Projects/black_plat/install/lio_sam/local/lib/python3.10/dist-packages/lio_sam-1.0.0-py3.10.egg-info/dependency_links.txt
[57.565s] -- Up-to-date: /home/kirill/VNIIA/Projects/black_plat/install/lio_sam/local/lib/python3.10/dist-packages/lio_sam
[57.565s] -- Up-to-date: /home/kirill/VNIIA/Projects/black_plat/install/lio_sam/local/lib/python3.10/dist-packages/lio_sam/lio_sam_s__rosidl_typesupport_fastrtps_c.cpython-310-x86_64-linux-gnu.so
[57.565s] -- Up-to-date: /home/kirill/VNIIA/Projects/black_plat/install/lio_sam/local/lib/python3.10/dist-packages/lio_sam/lio_sam_s__rosidl_typesupport_introspection_c.cpython-310-x86_64-linux-gnu.so
[57.565s] -- Up-to-date: /home/kirill/VNIIA/Projects/black_plat/install/lio_sam/local/lib/python3.10/dist-packages/lio_sam/_lio_sam_s.ep.rosidl_typesupport_introspection_c.c
[57.565s] -- Up-to-date: /home/kirill/VNIIA/Projects/black_plat/install/lio_sam/local/lib/python3.10/dist-packages/lio_sam/msg
[57.565s] -- Up-to-date: /home/kirill/VNIIA/Projects/black_plat/install/lio_sam/local/lib/python3.10/dist-packages/lio_sam/msg/_cloud_info_s.c
[57.565s] -- Up-to-date: /home/kirill/VNIIA/Projects/black_plat/install/lio_sam/local/lib/python3.10/dist-packages/lio_sam/msg/_cloud_info.py
[57.565s] -- Up-to-date: /home/kirill/VNIIA/Projects/black_plat/install/lio_sam/local/lib/python3.10/dist-packages/lio_sam/msg/__init__.py
[57.565s] -- Up-to-date: /home/kirill/VNIIA/Projects/black_plat/install/lio_sam/local/lib/python3.10/dist-packages/lio_sam/liblio_sam__rosidl_generator_py.so
[57.565s] -- Up-to-date: /home/kirill/VNIIA/Projects/black_plat/install/lio_sam/local/lib/python3.10/dist-packages/lio_sam/_lio_sam_s.ep.rosidl_typesupport_fastrtps_c.c
[57.565s] -- Up-to-date: /home/kirill/VNIIA/Projects/black_plat/install/lio_sam/local/lib/python3.10/dist-packages/lio_sam/__init__.py
[57.565s] -- Up-to-date: /home/kirill/VNIIA/Projects/black_plat/install/lio_sam/local/lib/python3.10/dist-packages/lio_sam/_lio_sam_s.ep.rosidl_typesupport_c.c
[57.565s] -- Up-to-date: /home/kirill/VNIIA/Projects/black_plat/install/lio_sam/local/lib/python3.10/dist-packages/lio_sam/srv
[57.565s] -- Up-to-date: /home/kirill/VNIIA/Projects/black_plat/install/lio_sam/local/lib/python3.10/dist-packages/lio_sam/srv/_save_map_s.c
[57.565s] -- Up-to-date: /home/kirill/VNIIA/Projects/black_plat/install/lio_sam/local/lib/python3.10/dist-packages/lio_sam/srv/_save_map.py
[57.565s] -- Up-to-date: /home/kirill/VNIIA/Projects/black_plat/install/lio_sam/local/lib/python3.10/dist-packages/lio_sam/srv/__init__.py
[57.565s] -- Up-to-date: /home/kirill/VNIIA/Projects/black_plat/install/lio_sam/local/lib/python3.10/dist-packages/lio_sam/lio_sam_s__rosidl_typesupport_c.cpython-310-x86_64-linux-gnu.so
[57.599s] Listing '/home/kirill/VNIIA/Projects/black_plat/install/lio_sam/local/lib/python3.10/dist-packages/lio_sam'...
[57.599s] Listing '/home/kirill/VNIIA/Projects/black_plat/install/lio_sam/local/lib/python3.10/dist-packages/lio_sam/msg'...
[57.599s] Listing '/home/kirill/VNIIA/Projects/black_plat/install/lio_sam/local/lib/python3.10/dist-packages/lio_sam/srv'...
[57.602s] -- Up-to-date: /home/kirill/VNIIA/Projects/black_plat/install/lio_sam/local/lib/python3.10/dist-packages/lio_sam/lio_sam_s__rosidl_typesupport_fastrtps_c.cpython-310-x86_64-linux-gnu.so
[57.602s] -- Up-to-date: /home/kirill/VNIIA/Projects/black_plat/install/lio_sam/local/lib/python3.10/dist-packages/lio_sam/lio_sam_s__rosidl_typesupport_introspection_c.cpython-310-x86_64-linux-gnu.so
[57.602s] -- Up-to-date: /home/kirill/VNIIA/Projects/black_plat/install/lio_sam/local/lib/python3.10/dist-packages/lio_sam/lio_sam_s__rosidl_typesupport_c.cpython-310-x86_64-linux-gnu.so
[57.602s] -- Up-to-date: /home/kirill/VNIIA/Projects/black_plat/install/lio_sam/lib/liblio_sam__rosidl_generator_py.so
[57.602s] -- Up-to-date: /home/kirill/VNIIA/Projects/black_plat/install/lio_sam/share/lio_sam/msg/CloudInfo.idl
[57.602s] -- Up-to-date: /home/kirill/VNIIA/Projects/black_plat/install/lio_sam/share/lio_sam/srv/SaveMap.idl
[57.603s] -- Up-to-date: /home/kirill/VNIIA/Projects/black_plat/install/lio_sam/share/lio_sam/msg/CloudInfo.msg
[57.603s] -- Up-to-date: /home/kirill/VNIIA/Projects/black_plat/install/lio_sam/share/lio_sam/srv/SaveMap.srv
[57.603s] -- Up-to-date: /home/kirill/VNIIA/Projects/black_plat/install/lio_sam/share/lio_sam/srv/SaveMap_Request.msg
[57.603s] -- Up-to-date: /home/kirill/VNIIA/Projects/black_plat/install/lio_sam/share/lio_sam/srv/SaveMap_Response.msg
[57.603s] -- Up-to-date: /home/kirill/VNIIA/Projects/black_plat/install/lio_sam/share/lio_sam//launch
[57.603s] -- Up-to-date: /home/kirill/VNIIA/Projects/black_plat/install/lio_sam/share/lio_sam//launch/run.launch.py
[57.603s] -- Up-to-date: /home/kirill/VNIIA/Projects/black_plat/install/lio_sam/share/lio_sam//config
[57.603s] -- Up-to-date: /home/kirill/VNIIA/Projects/black_plat/install/lio_sam/share/lio_sam//config/doc
[57.603s] -- Up-to-date: /home/kirill/VNIIA/Projects/black_plat/install/lio_sam/share/lio_sam//config/doc/imu-debug.gif
[57.603s] -- Up-to-date: /home/kirill/VNIIA/Projects/black_plat/install/lio_sam/share/lio_sam//config/doc/imu-transform.png
[57.603s] -- Up-to-date: /home/kirill/VNIIA/Projects/black_plat/install/lio_sam/share/lio_sam//config/doc/system.png
[57.603s] -- Up-to-date: /home/kirill/VNIIA/Projects/black_plat/install/lio_sam/share/lio_sam//config/doc/device-hand.png
[57.603s] -- Up-to-date: /home/kirill/VNIIA/Projects/black_plat/install/lio_sam/share/lio_sam//config/doc/demo.gif
[57.603s] -- Up-to-date: /home/kirill/VNIIA/Projects/black_plat/install/lio_sam/share/lio_sam//config/doc/ouster-demo.gif
[57.603s] -- Up-to-date: /home/kirill/VNIIA/Projects/black_plat/install/lio_sam/share/lio_sam//config/doc/device-hand-2.png
[57.603s] -- Up-to-date: /home/kirill/VNIIA/Projects/black_plat/install/lio_sam/share/lio_sam//config/doc/loop-closure.gif
[57.603s] -- Up-to-date: /home/kirill/VNIIA/Projects/black_plat/install/lio_sam/share/lio_sam//config/doc/kitti-map.png
[57.603s] -- Up-to-date: /home/kirill/VNIIA/Projects/black_plat/install/lio_sam/share/lio_sam//config/doc/kitti2bag
[57.603s] -- Up-to-date: /home/kirill/VNIIA/Projects/black_plat/install/lio_sam/share/lio_sam//config/doc/kitti2bag/README.md
[57.603s] -- Up-to-date: /home/kirill/VNIIA/Projects/black_plat/install/lio_sam/share/lio_sam//config/doc/kitti2bag/kitti2bag.py
[57.603s] -- Up-to-date: /home/kirill/VNIIA/Projects/black_plat/install/lio_sam/share/lio_sam//config/doc/device-boat.png
[57.603s] -- Up-to-date: /home/kirill/VNIIA/Projects/black_plat/install/lio_sam/share/lio_sam//config/doc/device-jackal.png
[57.603s] -- Up-to-date: /home/kirill/VNIIA/Projects/black_plat/install/lio_sam/share/lio_sam//config/doc/ouster-device.jpg
[57.603s] -- Up-to-date: /home/kirill/VNIIA/Projects/black_plat/install/lio_sam/share/lio_sam//config/doc/loop-closure-2.gif
[57.603s] -- Up-to-date: /home/kirill/VNIIA/Projects/black_plat/install/lio_sam/share/lio_sam//config/doc/kitti-demo.gif
[57.603s] -- Up-to-date: /home/kirill/VNIIA/Projects/black_plat/install/lio_sam/share/lio_sam//config/doc/gps-demo.gif
[57.603s] -- Up-to-date: /home/kirill/VNIIA/Projects/black_plat/install/lio_sam/share/lio_sam//config/doc/paper.pdf
[57.603s] -- Installing: /home/kirill/VNIIA/Projects/black_plat/install/lio_sam/share/lio_sam//config/params.yaml
[57.604s] -- Up-to-date: /home/kirill/VNIIA/Projects/black_plat/install/lio_sam/share/lio_sam//config/rviz2.rviz
[57.604s] -- Up-to-date: /home/kirill/VNIIA/Projects/black_plat/install/lio_sam/share/lio_sam//config/robot.urdf.xacro
[57.604s] -- Installing: /home/kirill/VNIIA/Projects/black_plat/install/lio_sam/lib/lio_sam/lio_sam_imageProjection
[57.605s] -- Set runtime path of "/home/kirill/VNIIA/Projects/black_plat/install/lio_sam/lib/lio_sam/lio_sam_imageProjection" to ""
[57.605s] -- Installing: /home/kirill/VNIIA/Projects/black_plat/install/lio_sam/lib/lio_sam/lio_sam_imuPreintegration
[57.606s] -- Set runtime path of "/home/kirill/VNIIA/Projects/black_plat/install/lio_sam/lib/lio_sam/lio_sam_imuPreintegration" to ""
[57.606s] -- Installing: /home/kirill/VNIIA/Projects/black_plat/install/lio_sam/lib/lio_sam/lio_sam_featureExtraction
[57.607s] -- Set runtime path of "/home/kirill/VNIIA/Projects/black_plat/install/lio_sam/lib/lio_sam/lio_sam_featureExtraction" to ""
[57.607s] -- Installing: /home/kirill/VNIIA/Projects/black_plat/install/lio_sam/lib/lio_sam/lio_sam_mapOptimization
[57.609s] -- Set runtime path of "/home/kirill/VNIIA/Projects/black_plat/install/lio_sam/lib/lio_sam/lio_sam_mapOptimization" to ""
[57.609s] -- Up-to-date: /home/kirill/VNIIA/Projects/black_plat/install/lio_sam/include
[57.609s] -- Up-to-date: /home/kirill/VNIIA/Projects/black_plat/install/lio_sam/include/lio_sam
[57.609s] -- Installing: /home/kirill/VNIIA/Projects/black_plat/install/lio_sam/include/lio_sam/utility.hpp
[57.609s] -- Up-to-date: /home/kirill/VNIIA/Projects/black_plat/install/lio_sam/share/ament_index/resource_index/package_run_dependencies/lio_sam
[57.609s] -- Up-to-date: /home/kirill/VNIIA/Projects/black_plat/install/lio_sam/share/ament_index/resource_index/parent_prefix_path/lio_sam
[57.609s] -- Up-to-date: /home/kirill/VNIIA/Projects/black_plat/install/lio_sam/share/lio_sam/environment/ament_prefix_path.sh
[57.609s] -- Up-to-date: /home/kirill/VNIIA/Projects/black_plat/install/lio_sam/share/lio_sam/environment/ament_prefix_path.dsv
[57.609s] -- Up-to-date: /home/kirill/VNIIA/Projects/black_plat/install/lio_sam/share/lio_sam/environment/path.sh
[57.609s] -- Up-to-date: /home/kirill/VNIIA/Projects/black_plat/install/lio_sam/share/lio_sam/environment/path.dsv
[57.610s] -- Up-to-date: /home/kirill/VNIIA/Projects/black_plat/install/lio_sam/share/lio_sam/local_setup.bash
[57.610s] -- Up-to-date: /home/kirill/VNIIA/Projects/black_plat/install/lio_sam/share/lio_sam/local_setup.sh
[57.610s] -- Up-to-date: /home/kirill/VNIIA/Projects/black_plat/install/lio_sam/share/lio_sam/local_setup.zsh
[57.610s] -- Up-to-date: /home/kirill/VNIIA/Projects/black_plat/install/lio_sam/share/lio_sam/local_setup.dsv
[57.610s] -- Installing: /home/kirill/VNIIA/Projects/black_plat/install/lio_sam/share/lio_sam/package.dsv
[57.610s] -- Up-to-date: /home/kirill/VNIIA/Projects/black_plat/install/lio_sam/share/ament_index/resource_index/packages/lio_sam
[57.610s] -- Up-to-date: /home/kirill/VNIIA/Projects/black_plat/install/lio_sam/share/lio_sam/cmake/export_lio_sam__rosidl_generator_cExport.cmake
[57.610s] -- Up-to-date: /home/kirill/VNIIA/Projects/black_plat/install/lio_sam/share/lio_sam/cmake/export_lio_sam__rosidl_generator_cExport-release.cmake
[57.610s] -- Up-to-date: /home/kirill/VNIIA/Projects/black_plat/install/lio_sam/share/lio_sam/cmake/export_lio_sam__rosidl_typesupport_fastrtps_cExport.cmake
[57.610s] -- Up-to-date: /home/kirill/VNIIA/Projects/black_plat/install/lio_sam/share/lio_sam/cmake/export_lio_sam__rosidl_typesupport_fastrtps_cExport-release.cmake
[57.610s] -- Up-to-date: /home/kirill/VNIIA/Projects/black_plat/install/lio_sam/share/lio_sam/cmake/lio_sam__rosidl_typesupport_introspection_cExport.cmake
[57.610s] -- Up-to-date: /home/kirill/VNIIA/Projects/black_plat/install/lio_sam/share/lio_sam/cmake/lio_sam__rosidl_typesupport_introspection_cExport-release.cmake
[57.610s] -- Up-to-date: /home/kirill/VNIIA/Projects/black_plat/install/lio_sam/share/lio_sam/cmake/lio_sam__rosidl_typesupport_cExport.cmake
[57.610s] -- Up-to-date: /home/kirill/VNIIA/Projects/black_plat/install/lio_sam/share/lio_sam/cmake/lio_sam__rosidl_typesupport_cExport-release.cmake
[57.611s] -- Up-to-date: /home/kirill/VNIIA/Projects/black_plat/install/lio_sam/share/lio_sam/cmake/export_lio_sam__rosidl_generator_cppExport.cmake
[57.611s] -- Up-to-date: /home/kirill/VNIIA/Projects/black_plat/install/lio_sam/share/lio_sam/cmake/export_lio_sam__rosidl_typesupport_fastrtps_cppExport.cmake
[57.611s] -- Up-to-date: /home/kirill/VNIIA/Projects/black_plat/install/lio_sam/share/lio_sam/cmake/export_lio_sam__rosidl_typesupport_fastrtps_cppExport-release.cmake
[57.611s] -- Up-to-date: /home/kirill/VNIIA/Projects/black_plat/install/lio_sam/share/lio_sam/cmake/lio_sam__rosidl_typesupport_introspection_cppExport.cmake
[57.611s] -- Up-to-date: /home/kirill/VNIIA/Projects/black_plat/install/lio_sam/share/lio_sam/cmake/lio_sam__rosidl_typesupport_introspection_cppExport-release.cmake
[57.611s] -- Up-to-date: /home/kirill/VNIIA/Projects/black_plat/install/lio_sam/share/lio_sam/cmake/lio_sam__rosidl_typesupport_cppExport.cmake
[57.611s] -- Up-to-date: /home/kirill/VNIIA/Projects/black_plat/install/lio_sam/share/lio_sam/cmake/lio_sam__rosidl_typesupport_cppExport-release.cmake
[57.611s] -- Up-to-date: /home/kirill/VNIIA/Projects/black_plat/install/lio_sam/share/lio_sam/cmake/export_lio_sam__rosidl_generator_pyExport.cmake
[57.611s] -- Up-to-date: /home/kirill/VNIIA/Projects/black_plat/install/lio_sam/share/lio_sam/cmake/export_lio_sam__rosidl_generator_pyExport-release.cmake
[57.611s] -- Up-to-date: /home/kirill/VNIIA/Projects/black_plat/install/lio_sam/share/lio_sam/cmake/rosidl_cmake-extras.cmake
[57.611s] -- Up-to-date: /home/kirill/VNIIA/Projects/black_plat/install/lio_sam/share/lio_sam/cmake/ament_cmake_export_dependencies-extras.cmake
[57.611s] -- Up-to-date: /home/kirill/VNIIA/Projects/black_plat/install/lio_sam/share/lio_sam/cmake/ament_cmake_export_include_directories-extras.cmake
[57.611s] -- Up-to-date: /home/kirill/VNIIA/Projects/black_plat/install/lio_sam/share/lio_sam/cmake/ament_cmake_export_libraries-extras.cmake
[57.611s] -- Up-to-date: /home/kirill/VNIIA/Projects/black_plat/install/lio_sam/share/lio_sam/cmake/ament_cmake_export_targets-extras.cmake
[57.611s] -- Up-to-date: /home/kirill/VNIIA/Projects/black_plat/install/lio_sam/share/lio_sam/cmake/rosidl_cmake_export_typesupport_targets-extras.cmake
[57.611s] -- Up-to-date: /home/kirill/VNIIA/Projects/black_plat/install/lio_sam/share/lio_sam/cmake/rosidl_cmake_export_typesupport_libraries-extras.cmake
[57.612s] -- Up-to-date: /home/kirill/VNIIA/Projects/black_plat/install/lio_sam/share/lio_sam/cmake/lio_samConfig.cmake
[57.612s] -- Up-to-date: /home/kirill/VNIIA/Projects/black_plat/install/lio_sam/share/lio_sam/cmake/lio_samConfig-version.cmake
[57.612s] -- Up-to-date: /home/kirill/VNIIA/Projects/black_plat/install/lio_sam/share/lio_sam/package.xml
[57.613s] Invoked command in '/home/kirill/VNIIA/Projects/black_plat/build/lio_sam' returned '0': CMAKE_PREFIX_PATH=${CMAKE_PREFIX_PATH}:/home/kirill/VNIIA/Projects/black_plat/install/t21_teleop:/opt/ros/humble /usr/bin/cmake --install /home/kirill/VNIIA/Projects/black_plat/build/lio_sam
