[0.007s] Invoking command in '/home/kirill/VNIIA/Projects/black_plat/build/t21_sim': CMAKE_PREFIX_PATH=/home/kirill/VNIIA/Projects/black_plat/install/tracked_description:/home/kirill/VNIIA/Projects/black_plat/install/odometry_fus:/home/kirill/VNIIA/Projects/black_plat/install/bluespace_ai_xsens_mti_driver:/home/kirill/VNIIA/Projects/black_plat/install/velodyne_simulator:/home/kirill/VNIIA/Projects/black_plat/install/velodyne_gazebo_plugins:/home/kirill/VNIIA/Projects/black_plat/install/velodyne_description:/home/kirill/VNIIA/Projects/black_plat/install/t21_sim:/home/kirill/VNIIA/Projects/black_plat/install/t21_tracked:/home/kirill/VNIIA/Projects/black_plat/install/t21_rtabmap:/home/kirill/VNIIA/Projects/black_plat/install/t21_navigation:/home/kirill/VNIIA/Projects/black_plat/install/t21_lidar:/home/kirill/VNIIA/Projects/black_plat/install/lio_sam:/home/kirill/VNIIA/Projects/black_plat/install/t21_teleop:/opt/ros/humble /usr/bin/cmake /home/kirill/VNIIA/Projects/black_plat/src/t21_sim -DCMAKE_INSTALL_PREFIX=/home/kirill/VNIIA/Projects/black_plat/install/t21_sim
[0.049s] -- The C compiler identification is GNU 11.4.0
[0.099s] -- The CXX compiler identification is GNU 11.4.0
[0.103s] -- Detecting C compiler ABI info
[0.155s] -- Detecting C compiler ABI info - done
[0.159s] -- Check for working C compiler: /usr/bin/cc - skipped
[0.159s] -- Detecting C compile features
[0.160s] -- Detecting C compile features - done
[0.162s] -- Detecting CXX compiler ABI info
[0.219s] -- Detecting CXX compiler ABI info - done
[0.224s] -- Check for working CXX compiler: /usr/bin/c++ - skipped
[0.224s] -- Detecting CXX compile features
[0.224s] -- Detecting CXX compile features - done
[0.226s] -- Found ament_cmake: 1.3.12 (/opt/ros/humble/share/ament_cmake/cmake)
[0.329s] -- Found Python3: /usr/bin/python3 (found version "3.10.12") found components: Interpreter 
[0.400s] -- Found ament_lint_auto: 0.12.14 (/opt/ros/humble/share/ament_lint_auto/cmake)
[0.456s] -- Added test 'copyright' to check source files copyright and LICENSE
[0.458s] -- Added test 'flake8' to check Python code syntax and style conventions
[0.458s] -- Added test 'lint_cmake' to check CMake code style
[0.459s] -- Added test 'pep257' to check Python code against some of the docstring style conventions in PEP 257
[0.460s] -- Added test 'xmllint' to check XML markup files
[0.461s] -- Configuring done
[0.462s] -- Generating done
[0.463s] -- Build files have been written to: /home/kirill/VNIIA/Projects/black_plat/build/t21_sim
[0.466s] Invoked command in '/home/kirill/VNIIA/Projects/black_plat/build/t21_sim' returned '0': CMAKE_PREFIX_PATH=/home/kirill/VNIIA/Projects/black_plat/install/tracked_description:/home/kirill/VNIIA/Projects/black_plat/install/odometry_fus:/home/kirill/VNIIA/Projects/black_plat/install/bluespace_ai_xsens_mti_driver:/home/kirill/VNIIA/Projects/black_plat/install/velodyne_simulator:/home/kirill/VNIIA/Projects/black_plat/install/velodyne_gazebo_plugins:/home/kirill/VNIIA/Projects/black_plat/install/velodyne_description:/home/kirill/VNIIA/Projects/black_plat/install/t21_sim:/home/kirill/VNIIA/Projects/black_plat/install/t21_tracked:/home/kirill/VNIIA/Projects/black_plat/install/t21_rtabmap:/home/kirill/VNIIA/Projects/black_plat/install/t21_navigation:/home/kirill/VNIIA/Projects/black_plat/install/t21_lidar:/home/kirill/VNIIA/Projects/black_plat/install/lio_sam:/home/kirill/VNIIA/Projects/black_plat/install/t21_teleop:/opt/ros/humble /usr/bin/cmake /home/kirill/VNIIA/Projects/black_plat/src/t21_sim -DCMAKE_INSTALL_PREFIX=/home/kirill/VNIIA/Projects/black_plat/install/t21_sim
[0.467s] Invoking command in '/home/kirill/VNIIA/Projects/black_plat/build/t21_sim': CMAKE_PREFIX_PATH=/home/kirill/VNIIA/Projects/black_plat/install/tracked_description:/home/kirill/VNIIA/Projects/black_plat/install/odometry_fus:/home/kirill/VNIIA/Projects/black_plat/install/bluespace_ai_xsens_mti_driver:/home/kirill/VNIIA/Projects/black_plat/install/velodyne_simulator:/home/kirill/VNIIA/Projects/black_plat/install/velodyne_gazebo_plugins:/home/kirill/VNIIA/Projects/black_plat/install/velodyne_description:/home/kirill/VNIIA/Projects/black_plat/install/t21_sim:/home/kirill/VNIIA/Projects/black_plat/install/t21_tracked:/home/kirill/VNIIA/Projects/black_plat/install/t21_rtabmap:/home/kirill/VNIIA/Projects/black_plat/install/t21_navigation:/home/kirill/VNIIA/Projects/black_plat/install/t21_lidar:/home/kirill/VNIIA/Projects/black_plat/install/lio_sam:/home/kirill/VNIIA/Projects/black_plat/install/t21_teleop:/opt/ros/humble /usr/bin/cmake --build /home/kirill/VNIIA/Projects/black_plat/build/t21_sim -- -j8 -l8
[0.493s] Invoked command in '/home/kirill/VNIIA/Projects/black_plat/build/t21_sim' returned '0': CMAKE_PREFIX_PATH=/home/kirill/VNIIA/Projects/black_plat/install/tracked_description:/home/kirill/VNIIA/Projects/black_plat/install/odometry_fus:/home/kirill/VNIIA/Projects/black_plat/install/bluespace_ai_xsens_mti_driver:/home/kirill/VNIIA/Projects/black_plat/install/velodyne_simulator:/home/kirill/VNIIA/Projects/black_plat/install/velodyne_gazebo_plugins:/home/kirill/VNIIA/Projects/black_plat/install/velodyne_description:/home/kirill/VNIIA/Projects/black_plat/install/t21_sim:/home/kirill/VNIIA/Projects/black_plat/install/t21_tracked:/home/kirill/VNIIA/Projects/black_plat/install/t21_rtabmap:/home/kirill/VNIIA/Projects/black_plat/install/t21_navigation:/home/kirill/VNIIA/Projects/black_plat/install/t21_lidar:/home/kirill/VNIIA/Projects/black_plat/install/lio_sam:/home/kirill/VNIIA/Projects/black_plat/install/t21_teleop:/opt/ros/humble /usr/bin/cmake --build /home/kirill/VNIIA/Projects/black_plat/build/t21_sim -- -j8 -l8
[0.494s] Invoking command in '/home/kirill/VNIIA/Projects/black_plat/build/t21_sim': CMAKE_PREFIX_PATH=/home/kirill/VNIIA/Projects/black_plat/install/tracked_description:/home/kirill/VNIIA/Projects/black_plat/install/odometry_fus:/home/kirill/VNIIA/Projects/black_plat/install/bluespace_ai_xsens_mti_driver:/home/kirill/VNIIA/Projects/black_plat/install/velodyne_simulator:/home/kirill/VNIIA/Projects/black_plat/install/velodyne_gazebo_plugins:/home/kirill/VNIIA/Projects/black_plat/install/velodyne_description:/home/kirill/VNIIA/Projects/black_plat/install/t21_sim:/home/kirill/VNIIA/Projects/black_plat/install/t21_tracked:/home/kirill/VNIIA/Projects/black_plat/install/t21_rtabmap:/home/kirill/VNIIA/Projects/black_plat/install/t21_navigation:/home/kirill/VNIIA/Projects/black_plat/install/t21_lidar:/home/kirill/VNIIA/Projects/black_plat/install/lio_sam:/home/kirill/VNIIA/Projects/black_plat/install/t21_teleop:/opt/ros/humble /usr/bin/cmake --install /home/kirill/VNIIA/Projects/black_plat/build/t21_sim
[0.499s] -- Install configuration: ""
[0.499s] -- Installing: /home/kirill/VNIIA/Projects/black_plat/install/t21_sim/share/t21_sim/config
[0.500s] -- Installing: /home/kirill/VNIIA/Projects/black_plat/install/t21_sim/share/t21_sim/config/odometry_fus.yaml
[0.500s] -- Installing: /home/kirill/VNIIA/Projects/black_plat/install/t21_sim/share/t21_sim/config/t21.ros2_control.xacro
[0.500s] -- Installing: /home/kirill/VNIIA/Projects/black_plat/install/t21_sim/share/t21_sim/config/gazebo_params.yaml
[0.500s] -- Installing: /home/kirill/VNIIA/Projects/black_plat/install/t21_sim/share/t21_sim/config/ekf.yaml
[0.501s] -- Installing: /home/kirill/VNIIA/Projects/black_plat/install/t21_sim/share/t21_sim/config/my_controllers.yaml
[0.501s] -- Installing: /home/kirill/VNIIA/Projects/black_plat/install/t21_sim/share/t21_sim/config/description.rviz
[0.501s] -- Installing: /home/kirill/VNIIA/Projects/black_plat/install/t21_sim/share/t21_sim/launch
[0.501s] -- Installing: /home/kirill/VNIIA/Projects/black_plat/install/t21_sim/share/t21_sim/launch/rsp.launch.py
[0.501s] -- Installing: /home/kirill/VNIIA/Projects/black_plat/install/t21_sim/share/t21_sim/launch/launch_sim.launch.py
[0.501s] -- Installing: /home/kirill/VNIIA/Projects/black_plat/install/t21_sim/share/t21_sim/meshes
[0.502s] -- Installing: /home/kirill/VNIIA/Projects/black_plat/install/t21_sim/share/t21_sim/meshes/fliper_link.STL
[0.503s] -- Installing: /home/kirill/VNIIA/Projects/black_plat/install/t21_sim/share/t21_sim/meshes/big_box.stl
[0.506s] -- Installing: /home/kirill/VNIIA/Projects/black_plat/install/t21_sim/share/t21_sim/meshes/base_link.STL
[0.507s] -- Installing: /home/kirill/VNIIA/Projects/black_plat/install/t21_sim/share/t21_sim/meshes/left_wheel_link.STL
[0.507s] -- Installing: /home/kirill/VNIIA/Projects/black_plat/install/t21_sim/share/t21_sim/meshes/right_wheel_link.STL
[0.508s] -- Installing: /home/kirill/VNIIA/Projects/black_plat/install/t21_sim/share/t21_sim/urdf
[0.508s] -- Installing: /home/kirill/VNIIA/Projects/black_plat/install/t21_sim/share/t21_sim/urdf/ros2_control.xacro
[0.508s] -- Installing: /home/kirill/VNIIA/Projects/black_plat/install/t21_sim/share/t21_sim/urdf/imu.xacro
[0.508s] -- Installing: /home/kirill/VNIIA/Projects/black_plat/install/t21_sim/share/t21_sim/urdf/depth_camera.xacro
[0.508s] -- Installing: /home/kirill/VNIIA/Projects/black_plat/install/t21_sim/share/t21_sim/urdf/t21_ros2_control.xacro
[0.509s] -- Installing: /home/kirill/VNIIA/Projects/black_plat/install/t21_sim/share/t21_sim/urdf/camera.xacro
[0.509s] -- Installing: /home/kirill/VNIIA/Projects/black_plat/install/t21_sim/share/t21_sim/urdf/t21.urdf.xacro
[0.509s] -- Installing: /home/kirill/VNIIA/Projects/black_plat/install/t21_sim/share/t21_sim/urdf/tracked_robot.urdf.xacro
[0.509s] -- Installing: /home/kirill/VNIIA/Projects/black_plat/install/t21_sim/share/t21_sim/worlds
[0.509s] -- Installing: /home/kirill/VNIIA/Projects/black_plat/install/t21_sim/share/t21_sim/worlds/playground.world
[0.510s] -- Installing: /home/kirill/VNIIA/Projects/black_plat/install/t21_sim/share/t21_sim/worlds/empty.world
[0.510s] -- Installing: /home/kirill/VNIIA/Projects/black_plat/install/t21_sim/share/t21_sim/worlds/cafe.world
[0.510s] -- Installing: /home/kirill/VNIIA/Projects/black_plat/install/t21_sim/share/ament_index/resource_index/package_run_dependencies/t21_sim
[0.510s] -- Installing: /home/kirill/VNIIA/Projects/black_plat/install/t21_sim/share/ament_index/resource_index/parent_prefix_path/t21_sim
[0.510s] -- Installing: /home/kirill/VNIIA/Projects/black_plat/install/t21_sim/share/t21_sim/environment/ament_prefix_path.sh
[0.510s] -- Installing: /home/kirill/VNIIA/Projects/black_plat/install/t21_sim/share/t21_sim/environment/ament_prefix_path.dsv
[0.511s] -- Installing: /home/kirill/VNIIA/Projects/black_plat/install/t21_sim/share/t21_sim/environment/path.sh
[0.511s] -- Installing: /home/kirill/VNIIA/Projects/black_plat/install/t21_sim/share/t21_sim/environment/path.dsv
[0.511s] -- Installing: /home/kirill/VNIIA/Projects/black_plat/install/t21_sim/share/t21_sim/local_setup.bash
[0.511s] -- Installing: /home/kirill/VNIIA/Projects/black_plat/install/t21_sim/share/t21_sim/local_setup.sh
[0.511s] -- Installing: /home/kirill/VNIIA/Projects/black_plat/install/t21_sim/share/t21_sim/local_setup.zsh
[0.511s] -- Installing: /home/kirill/VNIIA/Projects/black_plat/install/t21_sim/share/t21_sim/local_setup.dsv
[0.511s] -- Installing: /home/kirill/VNIIA/Projects/black_plat/install/t21_sim/share/t21_sim/package.dsv
[0.511s] -- Installing: /home/kirill/VNIIA/Projects/black_plat/install/t21_sim/share/ament_index/resource_index/packages/t21_sim
[0.511s] -- Installing: /home/kirill/VNIIA/Projects/black_plat/install/t21_sim/share/t21_sim/cmake/t21_simConfig.cmake
[0.511s] -- Installing: /home/kirill/VNIIA/Projects/black_plat/install/t21_sim/share/t21_sim/cmake/t21_simConfig-version.cmake
[0.511s] -- Installing: /home/kirill/VNIIA/Projects/black_plat/install/t21_sim/share/t21_sim/package.xml
[0.513s] Invoked command in '/home/kirill/VNIIA/Projects/black_plat/build/t21_sim' returned '0': CMAKE_PREFIX_PATH=/home/kirill/VNIIA/Projects/black_plat/install/tracked_description:/home/kirill/VNIIA/Projects/black_plat/install/odometry_fus:/home/kirill/VNIIA/Projects/black_plat/install/bluespace_ai_xsens_mti_driver:/home/kirill/VNIIA/Projects/black_plat/install/velodyne_simulator:/home/kirill/VNIIA/Projects/black_plat/install/velodyne_gazebo_plugins:/home/kirill/VNIIA/Projects/black_plat/install/velodyne_description:/home/kirill/VNIIA/Projects/black_plat/install/t21_sim:/home/kirill/VNIIA/Projects/black_plat/install/t21_tracked:/home/kirill/VNIIA/Projects/black_plat/install/t21_rtabmap:/home/kirill/VNIIA/Projects/black_plat/install/t21_navigation:/home/kirill/VNIIA/Projects/black_plat/install/t21_lidar:/home/kirill/VNIIA/Projects/black_plat/install/lio_sam:/home/kirill/VNIIA/Projects/black_plat/install/t21_teleop:/opt/ros/humble /usr/bin/cmake --install /home/kirill/VNIIA/Projects/black_plat/build/t21_sim
