[0.022s] Invoking command in '/home/kirill/VNIIA/Projects/black_plat/build/lio_sam': CMAKE_PREFIX_PATH=${CMAKE_PREFIX_PATH}:/home/kirill/VNIIA/Projects/black_plat/install/t21_teleop:/opt/ros/humble /usr/bin/cmake /home/kirill/VNIIA/Projects/black_plat/src/LIO-SAM -DCMAKE_INSTALL_PREFIX=/home/kirill/VNIIA/Projects/black_plat/install/lio_sam
[0.083s] -- The C compiler identification is GNU 11.4.0
[0.130s] -- The CXX compiler identification is GNU 11.4.0
[0.134s] -- Detecting C compiler ABI info
[0.183s] -- Detecting C compiler ABI info - done
[0.188s] -- Check for working C compiler: /usr/bin/cc - skipped
[0.188s] -- Detecting C compile features
[0.188s] -- Detecting C compile features - done
[0.190s] -- Detecting CXX compiler ABI info
[0.244s] -- Detecting CXX compiler ABI info - done
[0.249s] -- Check for working CXX compiler: /usr/bin/c++ - skipped
[0.249s] -- Detecting CXX compile features
[0.249s] -- Detecting CXX compile features - done
[0.252s] -- Found ament_cmake: 1.3.12 (/opt/ros/humble/share/ament_cmake/cmake)
[0.358s] -- Found Python3: /usr/bin/python3 (found version "3.10.12") found components: Interpreter 
[0.447s] -- Found rosidl_default_generators: 1.2.0 (/opt/ros/humble/share/rosidl_default_generators/cmake)
[0.451s] -- Using all available rosidl_typesupport_c: rosidl_typesupport_fastrtps_c;rosidl_typesupport_introspection_c
[0.460s] -- Found rosidl_adapter: 3.1.7 (/opt/ros/humble/share/rosidl_adapter/cmake)
[0.499s] -- Using all available rosidl_typesupport_cpp: rosidl_typesupport_fastrtps_cpp;rosidl_typesupport_introspection_cpp
[0.532s] -- Found rclcpp: 16.0.14 (/opt/ros/humble/share/rclcpp/cmake)
[0.576s] -- Found rmw_implementation_cmake: 6.1.2 (/opt/ros/humble/share/rmw_implementation_cmake/cmake)
[0.579s] -- Found rmw_fastrtps_cpp: 6.2.8 (/opt/ros/humble/share/rmw_fastrtps_cpp/cmake)
[0.641s] -- Found OpenSSL: /usr/lib/x86_64-linux-gnu/libcrypto.so (found version "3.0.2")  
[0.662s] -- Found FastRTPS: /opt/ros/humble/include  
[0.693s] -- Using RMW implementation 'rmw_fastrtps_cpp' as default
[0.701s] -- Looking for pthread.h
[0.753s] -- Looking for pthread.h - found
[0.753s] -- Performing Test CMAKE_HAVE_LIBC_PTHREAD
[0.802s] -- Performing Test CMAKE_HAVE_LIBC_PTHREAD - Success
[0.803s] -- Found Threads: TRUE  
[0.844s] -- Found rclpy: 3.3.17 (/opt/ros/humble/share/rclpy/cmake)
[0.847s] -- Found cv_bridge: 3.2.1 (/opt/ros/humble/share/cv_bridge/cmake)
[0.884s] -- Found nav_msgs: 4.9.0 (/opt/ros/humble/share/nav_msgs/cmake)
[0.898s] -- Found visualization_msgs: 4.9.0 (/opt/ros/humble/share/visualization_msgs/cmake)
[0.914s] -- Found pcl_conversions: 2.4.5 (/opt/ros/humble/share/pcl_conversions/cmake)
[0.946s] -- Checking for module 'eigen3'
[0.955s] --   Found eigen3, version 3.4.0
[0.977s] -- Found Eigen: /usr/include/eigen3 (Required is at least version "3.1") 
[0.977s] -- Eigen found (include: /usr/include/eigen3, version: 3.4.0)
[1.008s] -- Checking for module 'flann'
[1.016s] --   Found flann, version 1.9.1
[1.042s] -- Found FLANN: /usr/lib/x86_64-linux-gnu/libflann_cpp.so  
[1.042s] -- FLANN found (include: /usr/include, lib: /usr/lib/x86_64-linux-gnu/libflann_cpp.so)
[1.719s] -- Checking for module 'libusb-1.0'
[1.728s] --   Found libusb-1.0, version 1.0.25
[1.763s] -- Found libusb: /usr/lib/x86_64-linux-gnu/libusb-1.0.so  
[1.764s] -- OpenNI found (version: 1.5.4.0, include: /usr/include/ni, lib: /usr/lib/libOpenNI.so;libusb::libusb)
[1.834s] -- OpenNI2 found (version: 2.2.0.33, include: /usr/include/openni2, lib: /usr/lib/x86_64-linux-gnu/libOpenNI2.so;libusb::libusb)
[1.938s] -- Eigen found (include: /usr/include/eigen3, version: 3.4.0)
[1.942s] -- OpenNI found (version: 1.5.4.0, include: /usr/include/ni, lib: /usr/lib/libOpenNI.so;libusb::libusb)
[1.946s] -- OpenNI2 found (version: 2.2.0.33, include: /usr/include/openni2, lib: /usr/lib/x86_64-linux-gnu/libOpenNI2.so;libusb::libusb)
[2.047s] -- Found Qhull version 8.0.2
[2.169s] -- OpenNI found (version: 1.5.4.0, include: /usr/include/ni, lib: /usr/lib/libOpenNI.so;libusb::libusb)
[2.269s] -- Found PCL_COMMON: /usr/lib/x86_64-linux-gnu/libpcl_common.so  
[2.270s] -- Found PCL_KDTREE: /usr/lib/x86_64-linux-gnu/libpcl_kdtree.so  
[2.270s] -- Found PCL_OCTREE: /usr/lib/x86_64-linux-gnu/libpcl_octree.so  
[2.271s] -- Found PCL_SEARCH: /usr/lib/x86_64-linux-gnu/libpcl_search.so  
[2.272s] -- Found PCL_SAMPLE_CONSENSUS: /usr/lib/x86_64-linux-gnu/libpcl_sample_consensus.so  
[2.272s] -- Found PCL_FILTERS: /usr/lib/x86_64-linux-gnu/libpcl_filters.so  
[2.272s] -- Found PCL_2D: /usr/include/pcl-1.12  
[2.273s] -- Found PCL_GEOMETRY: /usr/include/pcl-1.12  
[2.273s] -- Found PCL_IO: /usr/lib/x86_64-linux-gnu/libpcl_io.so  
[2.274s] -- Found PCL_FEATURES: /usr/lib/x86_64-linux-gnu/libpcl_features.so  
[2.275s] -- Found PCL_ML: /usr/lib/x86_64-linux-gnu/libpcl_ml.so  
[2.275s] -- Found PCL_SEGMENTATION: /usr/lib/x86_64-linux-gnu/libpcl_segmentation.so  
[2.276s] -- Found PCL_VISUALIZATION: /usr/lib/x86_64-linux-gnu/libpcl_visualization.so  
[2.277s] -- Found PCL_SURFACE: /usr/lib/x86_64-linux-gnu/libpcl_surface.so  
[2.277s] -- Found PCL_REGISTRATION: /usr/lib/x86_64-linux-gnu/libpcl_registration.so  
[2.278s] -- Found PCL_KEYPOINTS: /usr/lib/x86_64-linux-gnu/libpcl_keypoints.so  
[2.278s] -- Found PCL_TRACKING: /usr/lib/x86_64-linux-gnu/libpcl_tracking.so  
[2.279s] -- Found PCL_RECOGNITION: /usr/lib/x86_64-linux-gnu/libpcl_recognition.so  
[2.280s] -- Found PCL_STEREO: /usr/lib/x86_64-linux-gnu/libpcl_stereo.so  
[2.280s] -- Found PCL_APPS: /usr/lib/x86_64-linux-gnu/libpcl_apps.so  
[2.281s] -- Found PCL_IN_HAND_SCANNER: /usr/include/pcl-1.12  
[2.281s] -- Found PCL_MODELER: /usr/include/pcl-1.12  
[2.281s] -- Found PCL_POINT_CLOUD_EDITOR: /usr/include/pcl-1.12  
[2.282s] -- Found PCL_OUTOFCORE: /usr/lib/x86_64-linux-gnu/libpcl_outofcore.so  
[2.283s] -- Found PCL_PEOPLE: /usr/lib/x86_64-linux-gnu/libpcl_people.so  
[2.286s] -- Found tf2: 0.25.15 (/opt/ros/humble/share/tf2/cmake)
[2.295s] -- Found tf2_geometry_msgs: 0.25.15 (/opt/ros/humble/share/tf2_geometry_msgs/cmake)
[2.307s] -- Found eigen3_cmake_module: 0.1.1 (/opt/ros/humble/share/eigen3_cmake_module/cmake)
[2.308s] -- Found Eigen3: TRUE (found version "3.4.0") 
[2.308s] -- Ensuring Eigen3 include directory is part of orocos-kdl CMake target
[2.378s] -- Found tf2_sensor_msgs: 0.25.15 (/opt/ros/humble/share/tf2_sensor_msgs/cmake)
[2.382s] -- Found tf2_eigen: 0.25.15 (/opt/ros/humble/share/tf2_eigen/cmake)
[2.387s] -- Found OpenCV: /usr (found version "4.5.4") 
[2.387s] [33mCMake Warning (dev) at CMakeLists.txt:29 (find_package):
[2.387s]   Policy CMP0074 is not set: find_package uses <PackageName>_ROOT variables.
[2.387s]   Run "cmake --help-policy CMP0074" for policy details.  Use the cmake_policy
[2.387s]   command to set the policy and suppress this warning.
[2.387s] 
[2.387s]   CMake variable PCL_ROOT is set to:
[2.387s] 
[2.387s]     /usr
[2.387s] 
[2.387s]   For compatibility, CMake is ignoring the variable.
[2.387s] This warning is for project developers.  Use -Wno-dev to suppress it.
[2.387s] [0m
[2.413s] -- Found Boost: /usr/lib/x86_64-linux-gnu/cmake/Boost-1.74.0/BoostConfig.cmake (found suitable version "1.74.0", minimum required is "1.65") found components: serialization system filesystem thread program_options date_time timer chrono regex 
[2.416s] -- GTSAM include directory:  /opt/ros/humble/lib/cmake/GTSAM/../../../include
[2.421s] -- Found Eigen: /usr/include/eigen3  
[2.421s] -- Eigen found (include: /usr/include/eigen3, version: 3.4.0)
[2.594s] -- Found OpenMP_C: -fopenmp (found version "4.5") 
[2.661s] -- Found OpenMP_CXX: -fopenmp (found version "4.5") 
[2.661s] -- Found OpenMP: TRUE (found version "4.5")  
[2.875s] -- Found ament_cmake_ros: 0.10.0 (/opt/ros/humble/share/ament_cmake_ros/cmake)
[3.079s] -- Using all available rosidl_typesupport_c: rosidl_typesupport_fastrtps_c;rosidl_typesupport_introspection_c
[3.343s] -- Using all available rosidl_typesupport_cpp: rosidl_typesupport_fastrtps_cpp;rosidl_typesupport_introspection_cpp
[3.359s] -- Found PythonInterp: /usr/bin/python3 (found suitable version "3.10.12", minimum required is "3.6") 
[3.361s] -- Found python_cmake_module: 0.10.0 (/opt/ros/humble/share/python_cmake_module/cmake)
[3.380s] -- Found PythonLibs: /usr/lib/x86_64-linux-gnu/libpython3.10.so (found suitable version "3.10.12", minimum required is "3.5") 
[3.380s] -- Using PYTHON_EXECUTABLE: /usr/bin/python3
[3.380s] -- Using PYTHON_INCLUDE_DIRS: /usr/include/python3.10
[3.380s] -- Using PYTHON_LIBRARIES: /usr/lib/x86_64-linux-gnu/libpython3.10.so
[3.394s] -- Found PythonExtra: .so  
[3.506s] -- Found ament_lint_auto: 0.12.14 (/opt/ros/humble/share/ament_lint_auto/cmake)
[3.529s] -- Added test 'copyright' to check source files copyright and LICENSE
[3.531s] -- Added test 'cppcheck' to perform static code analysis on C / C++ code
[3.532s] -- Configured cppcheck include dirs: /home/kirill/VNIIA/Projects/black_plat/src/LIO-SAM/include/lio_sam
[3.533s] -- Configured cppcheck exclude dirs and/or files: 
[3.535s] -- Added test 'cpplint' to check C / C++ code against the Google style
[3.535s] -- Configured cpplint exclude dirs and/or files: 
[3.535s] -- Added test 'flake8' to check Python code syntax and style conventions
[3.537s] -- Added test 'lint_cmake' to check CMake code style
[3.537s] -- Added test 'pep257' to check Python code against some of the docstring style conventions in PEP 257
[3.539s] -- Added test 'uncrustify' to check C / C++ code style
[3.540s] -- Configured uncrustify additional arguments: 
[3.540s] -- Added test 'xmllint' to check XML markup files
[3.542s] -- Configuring done
[3.638s] -- Generating done
[3.668s] -- Build files have been written to: /home/kirill/VNIIA/Projects/black_plat/build/lio_sam
[3.685s] Invoked command in '/home/kirill/VNIIA/Projects/black_plat/build/lio_sam' returned '0': CMAKE_PREFIX_PATH=${CMAKE_PREFIX_PATH}:/home/kirill/VNIIA/Projects/black_plat/install/t21_teleop:/opt/ros/humble /usr/bin/cmake /home/kirill/VNIIA/Projects/black_plat/src/LIO-SAM -DCMAKE_INSTALL_PREFIX=/home/kirill/VNIIA/Projects/black_plat/install/lio_sam
[3.686s] Invoking command in '/home/kirill/VNIIA/Projects/black_plat/build/lio_sam': CMAKE_PREFIX_PATH=${CMAKE_PREFIX_PATH}:/home/kirill/VNIIA/Projects/black_plat/install/t21_teleop:/opt/ros/humble /usr/bin/cmake --build /home/kirill/VNIIA/Projects/black_plat/build/lio_sam -- -j8 -l8
[3.717s] [  2%] [34m[1mGenerating C code for ROS interfaces[0m
[3.724s] [  4%] [34m[1mGenerating C++ code for ROS interfaces[0m
[3.730s] [  4%] Built target ament_cmake_python_copy_lio_sam
[3.931s] running egg_info
[3.932s] creating lio_sam.egg-info
[3.932s] writing lio_sam.egg-info/PKG-INFO
[3.932s] writing dependency_links to lio_sam.egg-info/dependency_links.txt
[3.932s] writing top-level names to lio_sam.egg-info/top_level.txt
[3.932s] writing manifest file 'lio_sam.egg-info/SOURCES.txt'
[3.934s] reading manifest file 'lio_sam.egg-info/SOURCES.txt'
[3.934s] writing manifest file 'lio_sam.egg-info/SOURCES.txt'
[3.964s] [  4%] Built target ament_cmake_python_build_lio_sam_egg
[4.065s] [  4%] Built target lio_sam__cpp
[4.066s] [  8%] [32mBuilding C object CMakeFiles/lio_sam__rosidl_generator_c.dir/rosidl_generator_c/lio_sam/msg/detail/cloud_info__functions.c.o[0m
[4.066s] [  8%] [32mBuilding C object CMakeFiles/lio_sam__rosidl_generator_c.dir/rosidl_generator_c/lio_sam/srv/detail/save_map__functions.c.o[0m
[4.074s] [ 12%] [34m[1mGenerating C++ type support dispatch for ROS interfaces[0m
[4.074s] [ 12%] [34m[1mGenerating C++ introspection for ROS interfaces[0m
[4.074s] [ 14%] [34m[1mGenerating C++ type support for eProsima Fast-RTPS[0m
[4.187s] [ 17%] [32m[1mLinking C shared library liblio_sam__rosidl_generator_c.so[0m
[4.218s] [ 17%] Built target lio_sam__rosidl_generator_c
[4.230s] [ 19%] [34m[1mGenerating C type support for eProsima Fast-RTPS[0m
[4.230s] [ 21%] [34m[1mGenerating C type support dispatch for ROS interfaces[0m
[4.230s] [ 23%] [34m[1mGenerating C introspection for ROS interfaces[0m
[4.566s] [ 25%] [32mBuilding CXX object CMakeFiles/lio_sam__rosidl_typesupport_c.dir/rosidl_typesupport_c/lio_sam/msg/cloud_info__type_support.cpp.o[0m
[4.568s] [ 27%] [32mBuilding CXX object CMakeFiles/lio_sam__rosidl_typesupport_c.dir/rosidl_typesupport_c/lio_sam/srv/save_map__type_support.cpp.o[0m
[4.608s] [ 31%] [32mBuilding CXX object CMakeFiles/lio_sam__rosidl_typesupport_fastrtps_cpp.dir/rosidl_typesupport_fastrtps_cpp/lio_sam/msg/detail/dds_fastrtps/cloud_info__type_support.cpp.o[0m
[4.608s] [ 31%] [32mBuilding CXX object CMakeFiles/lio_sam__rosidl_typesupport_fastrtps_cpp.dir/rosidl_typesupport_fastrtps_cpp/lio_sam/srv/detail/dds_fastrtps/save_map__type_support.cpp.o[0m
[4.615s] [ 34%] [32m[1mLinking CXX shared library liblio_sam__rosidl_typesupport_c.so[0m
[4.617s] [ 36%] [32mBuilding CXX object CMakeFiles/lio_sam__rosidl_typesupport_cpp.dir/rosidl_typesupport_cpp/lio_sam/msg/cloud_info__type_support.cpp.o[0m
[4.625s] [ 38%] [32mBuilding CXX object CMakeFiles/lio_sam__rosidl_typesupport_cpp.dir/rosidl_typesupport_cpp/lio_sam/srv/save_map__type_support.cpp.o[0m
[4.644s] [ 40%] [32mBuilding CXX object CMakeFiles/lio_sam__rosidl_typesupport_introspection_cpp.dir/rosidl_typesupport_introspection_cpp/lio_sam/msg/detail/cloud_info__type_support.cpp.o[0m
[4.660s] [ 42%] [32mBuilding CXX object CMakeFiles/lio_sam__rosidl_typesupport_fastrtps_c.dir/rosidl_typesupport_fastrtps_c/lio_sam/msg/detail/cloud_info__type_support_c.cpp.o[0m
[4.665s] [ 42%] Built target lio_sam__rosidl_typesupport_c
[4.677s] [ 44%] [32mBuilding CXX object CMakeFiles/lio_sam__rosidl_typesupport_introspection_cpp.dir/rosidl_typesupport_introspection_cpp/lio_sam/srv/detail/save_map__type_support.cpp.o[0m
[4.835s] [ 46%] [32mBuilding C object CMakeFiles/lio_sam__rosidl_typesupport_introspection_c.dir/rosidl_typesupport_introspection_c/lio_sam/msg/detail/cloud_info__type_support.c.o[0m
[4.927s] [ 48%] [32mBuilding C object CMakeFiles/lio_sam__rosidl_typesupport_introspection_c.dir/rosidl_typesupport_introspection_c/lio_sam/srv/detail/save_map__type_support.c.o[0m
[4.979s] [ 51%] [32mBuilding CXX object CMakeFiles/lio_sam__rosidl_typesupport_fastrtps_c.dir/rosidl_typesupport_fastrtps_c/lio_sam/srv/detail/save_map__type_support_c.cpp.o[0m
[4.986s] [ 53%] [32m[1mLinking C shared library liblio_sam__rosidl_typesupport_introspection_c.so[0m
[5.001s] [ 55%] [32m[1mLinking CXX shared library liblio_sam__rosidl_typesupport_cpp.so[0m
[5.033s] [ 55%] Built target lio_sam__rosidl_typesupport_introspection_c
[5.054s] [ 55%] Built target lio_sam__rosidl_typesupport_cpp
[5.083s] [ 59%] [32mBuilding CXX object CMakeFiles/lio_sam_imageProjection.dir/src/imageProjection.cpp.o[0m
[5.083s] [ 59%] [32mBuilding CXX object CMakeFiles/lio_sam_featureExtraction.dir/src/featureExtraction.cpp.o[0m
[5.190s] [ 61%] [32mBuilding CXX object CMakeFiles/lio_sam_imuPreintegration.dir/src/imuPreintegration.cpp.o[0m
[5.203s] [ 63%] [32mBuilding CXX object CMakeFiles/lio_sam_mapOptimization.dir/src/mapOptmization.cpp.o[0m
[5.336s] [ 65%] [32m[1mLinking CXX shared library liblio_sam__rosidl_typesupport_introspection_cpp.so[0m
[5.345s] [ 68%] [32m[1mLinking CXX shared library liblio_sam__rosidl_typesupport_fastrtps_cpp.so[0m
[5.434s] [ 68%] Built target lio_sam__rosidl_typesupport_introspection_cpp
[5.445s] [ 68%] Built target lio_sam__rosidl_typesupport_fastrtps_cpp
[5.457s] [ 70%] [32m[1mLinking CXX shared library liblio_sam__rosidl_typesupport_fastrtps_c.so[0m
[5.537s] [ 70%] Built target lio_sam__rosidl_typesupport_fastrtps_c
[5.553s] [ 70%] Built target lio_sam
[5.570s] [ 72%] [34m[1mGenerating Python code for ROS interfaces[0m
[6.139s] [ 72%] Built target lio_sam__py
[6.157s] [ 74%] [32mBuilding C object CMakeFiles/lio_sam__rosidl_generator_py.dir/rosidl_generator_py/lio_sam/msg/_cloud_info_s.c.o[0m
[6.159s] [ 76%] [32mBuilding C object CMakeFiles/lio_sam__rosidl_generator_py.dir/rosidl_generator_py/lio_sam/srv/_save_map_s.c.o[0m
[6.460s] [ 78%] [32m[1mLinking C shared library rosidl_generator_py/lio_sam/liblio_sam__rosidl_generator_py.so[0m
[6.496s] [ 78%] Built target lio_sam__rosidl_generator_py
[6.519s] [ 80%] [32mBuilding C object CMakeFiles/lio_sam__rosidl_typesupport_fastrtps_c__pyext.dir/rosidl_generator_py/lio_sam/_lio_sam_s.ep.rosidl_typesupport_fastrtps_c.c.o[0m
[6.519s] [ 82%] [32mBuilding C object CMakeFiles/lio_sam__rosidl_typesupport_c__pyext.dir/rosidl_generator_py/lio_sam/_lio_sam_s.ep.rosidl_typesupport_c.c.o[0m
[6.519s] [ 85%] [32mBuilding C object CMakeFiles/lio_sam__rosidl_typesupport_introspection_c__pyext.dir/rosidl_generator_py/lio_sam/_lio_sam_s.ep.rosidl_typesupport_introspection_c.c.o[0m
[6.697s] [ 87%] [32m[1mLinking C shared library rosidl_generator_py/lio_sam/lio_sam_s__rosidl_typesupport_fastrtps_c.cpython-310-x86_64-linux-gnu.so[0m
[6.710s] [ 89%] [32m[1mLinking C shared library rosidl_generator_py/lio_sam/lio_sam_s__rosidl_typesupport_c.cpython-310-x86_64-linux-gnu.so[0m
[6.736s] [ 91%] [32m[1mLinking C shared library rosidl_generator_py/lio_sam/lio_sam_s__rosidl_typesupport_introspection_c.cpython-310-x86_64-linux-gnu.so[0m
[6.750s] [ 91%] Built target lio_sam__rosidl_typesupport_fastrtps_c__pyext
[6.762s] [ 91%] Built target lio_sam__rosidl_typesupport_c__pyext
[6.785s] [ 91%] Built target lio_sam__rosidl_typesupport_introspection_c__pyext
[28.846s] [ 93%] [32m[1mLinking CXX executable lio_sam_featureExtraction[0m
[29.510s] [ 93%] Built target lio_sam_featureExtraction
[34.871s] [ 95%] [32m[1mLinking CXX executable lio_sam_imageProjection[0m
[35.333s] [ 95%] Built target lio_sam_imageProjection
[41.398s] [ 97%] [32m[1mLinking CXX executable lio_sam_imuPreintegration[0m
[41.859s] [ 97%] Built target lio_sam_imuPreintegration
[62.503s] [100%] [32m[1mLinking CXX executable lio_sam_mapOptimization[0m
[62.929s] /usr/bin/ld: warning: libtbb.so.2, needed by /usr/lib/x86_64-linux-gnu/libopencv_core.so.4.5.4d, may conflict with libtbb.so.12
[63.168s] [100%] Built target lio_sam_mapOptimization
[63.188s] Invoked command in '/home/kirill/VNIIA/Projects/black_plat/build/lio_sam' returned '0': CMAKE_PREFIX_PATH=${CMAKE_PREFIX_PATH}:/home/kirill/VNIIA/Projects/black_plat/install/t21_teleop:/opt/ros/humble /usr/bin/cmake --build /home/kirill/VNIIA/Projects/black_plat/build/lio_sam -- -j8 -l8
[63.194s] Invoking command in '/home/kirill/VNIIA/Projects/black_plat/build/lio_sam': CMAKE_PREFIX_PATH=${CMAKE_PREFIX_PATH}:/home/kirill/VNIIA/Projects/black_plat/install/t21_teleop:/opt/ros/humble /usr/bin/cmake --install /home/kirill/VNIIA/Projects/black_plat/build/lio_sam
[63.203s] -- Install configuration: "Release"
[63.203s] -- Installing: /home/kirill/VNIIA/Projects/black_plat/install/lio_sam/share/ament_index/resource_index/rosidl_interfaces/lio_sam
[63.204s] -- Installing: /home/kirill/VNIIA/Projects/black_plat/install/lio_sam/include/lio_sam/lio_sam
[63.204s] -- Installing: /home/kirill/VNIIA/Projects/black_plat/install/lio_sam/include/lio_sam/lio_sam/msg
[63.204s] -- Installing: /home/kirill/VNIIA/Projects/black_plat/install/lio_sam/include/lio_sam/lio_sam/msg/rosidl_generator_c__visibility_control.h
[63.204s] -- Installing: /home/kirill/VNIIA/Projects/black_plat/install/lio_sam/include/lio_sam/lio_sam/msg/detail
[63.204s] -- Installing: /home/kirill/VNIIA/Projects/black_plat/install/lio_sam/include/lio_sam/lio_sam/msg/detail/cloud_info__functions.h
[63.204s] -- Installing: /home/kirill/VNIIA/Projects/black_plat/install/lio_sam/include/lio_sam/lio_sam/msg/detail/cloud_info__functions.c
[63.204s] -- Installing: /home/kirill/VNIIA/Projects/black_plat/install/lio_sam/include/lio_sam/lio_sam/msg/detail/cloud_info__type_support.h
[63.204s] -- Installing: /home/kirill/VNIIA/Projects/black_plat/install/lio_sam/include/lio_sam/lio_sam/msg/detail/cloud_info__struct.h
[63.205s] -- Installing: /home/kirill/VNIIA/Projects/black_plat/install/lio_sam/include/lio_sam/lio_sam/msg/cloud_info.h
[63.205s] -- Installing: /home/kirill/VNIIA/Projects/black_plat/install/lio_sam/include/lio_sam/lio_sam/srv
[63.205s] -- Installing: /home/kirill/VNIIA/Projects/black_plat/install/lio_sam/include/lio_sam/lio_sam/srv/save_map.h
[63.205s] -- Installing: /home/kirill/VNIIA/Projects/black_plat/install/lio_sam/include/lio_sam/lio_sam/srv/detail
[63.205s] -- Installing: /home/kirill/VNIIA/Projects/black_plat/install/lio_sam/include/lio_sam/lio_sam/srv/detail/save_map__struct.h
[63.205s] -- Installing: /home/kirill/VNIIA/Projects/black_plat/install/lio_sam/include/lio_sam/lio_sam/srv/detail/save_map__functions.h
[63.206s] -- Installing: /home/kirill/VNIIA/Projects/black_plat/install/lio_sam/include/lio_sam/lio_sam/srv/detail/save_map__functions.c
[63.206s] -- Installing: /home/kirill/VNIIA/Projects/black_plat/install/lio_sam/include/lio_sam/lio_sam/srv/detail/save_map__type_support.h
[63.206s] -- Installing: /home/kirill/VNIIA/Projects/black_plat/install/lio_sam/share/lio_sam/environment/library_path.sh
[63.206s] -- Installing: /home/kirill/VNIIA/Projects/black_plat/install/lio_sam/share/lio_sam/environment/library_path.dsv
[63.206s] -- Installing: /home/kirill/VNIIA/Projects/black_plat/install/lio_sam/lib/liblio_sam__rosidl_generator_c.so
[63.206s] -- Set runtime path of "/home/kirill/VNIIA/Projects/black_plat/install/lio_sam/lib/liblio_sam__rosidl_generator_c.so" to ""
[63.206s] -- Up-to-date: /home/kirill/VNIIA/Projects/black_plat/install/lio_sam/include/lio_sam/lio_sam
[63.206s] -- Up-to-date: /home/kirill/VNIIA/Projects/black_plat/install/lio_sam/include/lio_sam/lio_sam/msg
[63.206s] -- Installing: /home/kirill/VNIIA/Projects/black_plat/install/lio_sam/include/lio_sam/lio_sam/msg/rosidl_typesupport_fastrtps_c__visibility_control.h
[63.206s] -- Up-to-date: /home/kirill/VNIIA/Projects/black_plat/install/lio_sam/include/lio_sam/lio_sam/msg/detail
[63.207s] -- Installing: /home/kirill/VNIIA/Projects/black_plat/install/lio_sam/include/lio_sam/lio_sam/msg/detail/cloud_info__rosidl_typesupport_fastrtps_c.h
[63.207s] -- Up-to-date: /home/kirill/VNIIA/Projects/black_plat/install/lio_sam/include/lio_sam/lio_sam/srv
[63.207s] -- Up-to-date: /home/kirill/VNIIA/Projects/black_plat/install/lio_sam/include/lio_sam/lio_sam/srv/detail
[63.207s] -- Installing: /home/kirill/VNIIA/Projects/black_plat/install/lio_sam/include/lio_sam/lio_sam/srv/detail/save_map__rosidl_typesupport_fastrtps_c.h
[63.207s] -- Installing: /home/kirill/VNIIA/Projects/black_plat/install/lio_sam/lib/liblio_sam__rosidl_typesupport_fastrtps_c.so
[63.207s] -- Set runtime path of "/home/kirill/VNIIA/Projects/black_plat/install/lio_sam/lib/liblio_sam__rosidl_typesupport_fastrtps_c.so" to ""
[63.207s] -- Up-to-date: /home/kirill/VNIIA/Projects/black_plat/install/lio_sam/include/lio_sam/lio_sam
[63.207s] -- Up-to-date: /home/kirill/VNIIA/Projects/black_plat/install/lio_sam/include/lio_sam/lio_sam/msg
[63.207s] -- Installing: /home/kirill/VNIIA/Projects/black_plat/install/lio_sam/include/lio_sam/lio_sam/msg/rosidl_typesupport_introspection_c__visibility_control.h
[63.207s] -- Up-to-date: /home/kirill/VNIIA/Projects/black_plat/install/lio_sam/include/lio_sam/lio_sam/msg/detail
[63.207s] -- Installing: /home/kirill/VNIIA/Projects/black_plat/install/lio_sam/include/lio_sam/lio_sam/msg/detail/cloud_info__type_support.c
[63.207s] -- Installing: /home/kirill/VNIIA/Projects/black_plat/install/lio_sam/include/lio_sam/lio_sam/msg/detail/cloud_info__rosidl_typesupport_introspection_c.h
[63.207s] -- Up-to-date: /home/kirill/VNIIA/Projects/black_plat/install/lio_sam/include/lio_sam/lio_sam/srv
[63.208s] -- Up-to-date: /home/kirill/VNIIA/Projects/black_plat/install/lio_sam/include/lio_sam/lio_sam/srv/detail
[63.208s] -- Installing: /home/kirill/VNIIA/Projects/black_plat/install/lio_sam/include/lio_sam/lio_sam/srv/detail/save_map__type_support.c
[63.208s] -- Installing: /home/kirill/VNIIA/Projects/black_plat/install/lio_sam/include/lio_sam/lio_sam/srv/detail/save_map__rosidl_typesupport_introspection_c.h
[63.208s] -- Installing: /home/kirill/VNIIA/Projects/black_plat/install/lio_sam/lib/liblio_sam__rosidl_typesupport_introspection_c.so
[63.208s] -- Set runtime path of "/home/kirill/VNIIA/Projects/black_plat/install/lio_sam/lib/liblio_sam__rosidl_typesupport_introspection_c.so" to ""
[63.208s] -- Installing: /home/kirill/VNIIA/Projects/black_plat/install/lio_sam/lib/liblio_sam__rosidl_typesupport_c.so
[63.208s] -- Set runtime path of "/home/kirill/VNIIA/Projects/black_plat/install/lio_sam/lib/liblio_sam__rosidl_typesupport_c.so" to ""
[63.208s] -- Up-to-date: /home/kirill/VNIIA/Projects/black_plat/install/lio_sam/include/lio_sam/lio_sam
[63.208s] -- Up-to-date: /home/kirill/VNIIA/Projects/black_plat/install/lio_sam/include/lio_sam/lio_sam/msg
[63.208s] -- Installing: /home/kirill/VNIIA/Projects/black_plat/install/lio_sam/include/lio_sam/lio_sam/msg/rosidl_generator_cpp__visibility_control.hpp
[63.209s] -- Installing: /home/kirill/VNIIA/Projects/black_plat/install/lio_sam/include/lio_sam/lio_sam/msg/cloud_info.hpp
[63.209s] -- Up-to-date: /home/kirill/VNIIA/Projects/black_plat/install/lio_sam/include/lio_sam/lio_sam/msg/detail
[63.209s] -- Installing: /home/kirill/VNIIA/Projects/black_plat/install/lio_sam/include/lio_sam/lio_sam/msg/detail/cloud_info__struct.hpp
[63.209s] -- Installing: /home/kirill/VNIIA/Projects/black_plat/install/lio_sam/include/lio_sam/lio_sam/msg/detail/cloud_info__builder.hpp
[63.209s] -- Installing: /home/kirill/VNIIA/Projects/black_plat/install/lio_sam/include/lio_sam/lio_sam/msg/detail/cloud_info__traits.hpp
[63.209s] -- Installing: /home/kirill/VNIIA/Projects/black_plat/install/lio_sam/include/lio_sam/lio_sam/msg/detail/cloud_info__type_support.hpp
[63.209s] -- Up-to-date: /home/kirill/VNIIA/Projects/black_plat/install/lio_sam/include/lio_sam/lio_sam/srv
[63.209s] -- Installing: /home/kirill/VNIIA/Projects/black_plat/install/lio_sam/include/lio_sam/lio_sam/srv/save_map.hpp
[63.209s] -- Up-to-date: /home/kirill/VNIIA/Projects/black_plat/install/lio_sam/include/lio_sam/lio_sam/srv/detail
[63.209s] -- Installing: /home/kirill/VNIIA/Projects/black_plat/install/lio_sam/include/lio_sam/lio_sam/srv/detail/save_map__traits.hpp
[63.209s] -- Installing: /home/kirill/VNIIA/Projects/black_plat/install/lio_sam/include/lio_sam/lio_sam/srv/detail/save_map__builder.hpp
[63.209s] -- Installing: /home/kirill/VNIIA/Projects/black_plat/install/lio_sam/include/lio_sam/lio_sam/srv/detail/save_map__type_support.hpp
[63.209s] -- Installing: /home/kirill/VNIIA/Projects/black_plat/install/lio_sam/include/lio_sam/lio_sam/srv/detail/save_map__struct.hpp
[63.209s] -- Up-to-date: /home/kirill/VNIIA/Projects/black_plat/install/lio_sam/include/lio_sam/lio_sam
[63.209s] -- Up-to-date: /home/kirill/VNIIA/Projects/black_plat/install/lio_sam/include/lio_sam/lio_sam/msg
[63.210s] -- Installing: /home/kirill/VNIIA/Projects/black_plat/install/lio_sam/include/lio_sam/lio_sam/msg/rosidl_typesupport_fastrtps_cpp__visibility_control.h
[63.210s] -- Up-to-date: /home/kirill/VNIIA/Projects/black_plat/install/lio_sam/include/lio_sam/lio_sam/msg/detail
[63.210s] -- Installing: /home/kirill/VNIIA/Projects/black_plat/install/lio_sam/include/lio_sam/lio_sam/msg/detail/cloud_info__rosidl_typesupport_fastrtps_cpp.hpp
[63.210s] -- Installing: /home/kirill/VNIIA/Projects/black_plat/install/lio_sam/include/lio_sam/lio_sam/msg/detail/dds_fastrtps
[63.210s] -- Up-to-date: /home/kirill/VNIIA/Projects/black_plat/install/lio_sam/include/lio_sam/lio_sam/srv
[63.210s] -- Up-to-date: /home/kirill/VNIIA/Projects/black_plat/install/lio_sam/include/lio_sam/lio_sam/srv/detail
[63.210s] -- Installing: /home/kirill/VNIIA/Projects/black_plat/install/lio_sam/include/lio_sam/lio_sam/srv/detail/save_map__rosidl_typesupport_fastrtps_cpp.hpp
[63.210s] -- Installing: /home/kirill/VNIIA/Projects/black_plat/install/lio_sam/include/lio_sam/lio_sam/srv/detail/dds_fastrtps
[63.210s] -- Installing: /home/kirill/VNIIA/Projects/black_plat/install/lio_sam/lib/liblio_sam__rosidl_typesupport_fastrtps_cpp.so
[63.210s] -- Set runtime path of "/home/kirill/VNIIA/Projects/black_plat/install/lio_sam/lib/liblio_sam__rosidl_typesupport_fastrtps_cpp.so" to ""
[63.210s] -- Up-to-date: /home/kirill/VNIIA/Projects/black_plat/install/lio_sam/include/lio_sam/lio_sam
[63.210s] -- Up-to-date: /home/kirill/VNIIA/Projects/black_plat/install/lio_sam/include/lio_sam/lio_sam/msg
[63.210s] -- Up-to-date: /home/kirill/VNIIA/Projects/black_plat/install/lio_sam/include/lio_sam/lio_sam/msg/detail
[63.211s] -- Installing: /home/kirill/VNIIA/Projects/black_plat/install/lio_sam/include/lio_sam/lio_sam/msg/detail/cloud_info__type_support.cpp
[63.211s] -- Installing: /home/kirill/VNIIA/Projects/black_plat/install/lio_sam/include/lio_sam/lio_sam/msg/detail/cloud_info__rosidl_typesupport_introspection_cpp.hpp
[63.211s] -- Up-to-date: /home/kirill/VNIIA/Projects/black_plat/install/lio_sam/include/lio_sam/lio_sam/srv
[63.211s] -- Up-to-date: /home/kirill/VNIIA/Projects/black_plat/install/lio_sam/include/lio_sam/lio_sam/srv/detail
[63.211s] -- Installing: /home/kirill/VNIIA/Projects/black_plat/install/lio_sam/include/lio_sam/lio_sam/srv/detail/save_map__rosidl_typesupport_introspection_cpp.hpp
[63.211s] -- Installing: /home/kirill/VNIIA/Projects/black_plat/install/lio_sam/include/lio_sam/lio_sam/srv/detail/save_map__type_support.cpp
[63.211s] -- Installing: /home/kirill/VNIIA/Projects/black_plat/install/lio_sam/lib/liblio_sam__rosidl_typesupport_introspection_cpp.so
[63.211s] -- Set runtime path of "/home/kirill/VNIIA/Projects/black_plat/install/lio_sam/lib/liblio_sam__rosidl_typesupport_introspection_cpp.so" to ""
[63.211s] -- Installing: /home/kirill/VNIIA/Projects/black_plat/install/lio_sam/lib/liblio_sam__rosidl_typesupport_cpp.so
[63.211s] -- Set runtime path of "/home/kirill/VNIIA/Projects/black_plat/install/lio_sam/lib/liblio_sam__rosidl_typesupport_cpp.so" to ""
[63.211s] -- Installing: /home/kirill/VNIIA/Projects/black_plat/install/lio_sam/share/lio_sam/environment/pythonpath.sh
[63.211s] -- Installing: /home/kirill/VNIIA/Projects/black_plat/install/lio_sam/share/lio_sam/environment/pythonpath.dsv
[63.212s] -- Installing: /home/kirill/VNIIA/Projects/black_plat/install/lio_sam/local/lib/python3.10/dist-packages/lio_sam-1.0.0-py3.10.egg-info
[63.212s] -- Installing: /home/kirill/VNIIA/Projects/black_plat/install/lio_sam/local/lib/python3.10/dist-packages/lio_sam-1.0.0-py3.10.egg-info/top_level.txt
[63.212s] -- Installing: /home/kirill/VNIIA/Projects/black_plat/install/lio_sam/local/lib/python3.10/dist-packages/lio_sam-1.0.0-py3.10.egg-info/SOURCES.txt
[63.212s] -- Installing: /home/kirill/VNIIA/Projects/black_plat/install/lio_sam/local/lib/python3.10/dist-packages/lio_sam-1.0.0-py3.10.egg-info/PKG-INFO
[63.212s] -- Installing: /home/kirill/VNIIA/Projects/black_plat/install/lio_sam/local/lib/python3.10/dist-packages/lio_sam-1.0.0-py3.10.egg-info/dependency_links.txt
[63.212s] -- Installing: /home/kirill/VNIIA/Projects/black_plat/install/lio_sam/local/lib/python3.10/dist-packages/lio_sam
[63.212s] -- Installing: /home/kirill/VNIIA/Projects/black_plat/install/lio_sam/local/lib/python3.10/dist-packages/lio_sam/lio_sam_s__rosidl_typesupport_fastrtps_c.cpython-310-x86_64-linux-gnu.so
[63.212s] -- Installing: /home/kirill/VNIIA/Projects/black_plat/install/lio_sam/local/lib/python3.10/dist-packages/lio_sam/lio_sam_s__rosidl_typesupport_introspection_c.cpython-310-x86_64-linux-gnu.so
[63.212s] -- Installing: /home/kirill/VNIIA/Projects/black_plat/install/lio_sam/local/lib/python3.10/dist-packages/lio_sam/_lio_sam_s.ep.rosidl_typesupport_introspection_c.c
[63.212s] -- Installing: /home/kirill/VNIIA/Projects/black_plat/install/lio_sam/local/lib/python3.10/dist-packages/lio_sam/msg
[63.212s] -- Installing: /home/kirill/VNIIA/Projects/black_plat/install/lio_sam/local/lib/python3.10/dist-packages/lio_sam/msg/_cloud_info_s.c
[63.212s] -- Installing: /home/kirill/VNIIA/Projects/black_plat/install/lio_sam/local/lib/python3.10/dist-packages/lio_sam/msg/_cloud_info.py
[63.212s] -- Installing: /home/kirill/VNIIA/Projects/black_plat/install/lio_sam/local/lib/python3.10/dist-packages/lio_sam/msg/__init__.py
[63.212s] -- Installing: /home/kirill/VNIIA/Projects/black_plat/install/lio_sam/local/lib/python3.10/dist-packages/lio_sam/liblio_sam__rosidl_generator_py.so
[63.212s] -- Installing: /home/kirill/VNIIA/Projects/black_plat/install/lio_sam/local/lib/python3.10/dist-packages/lio_sam/_lio_sam_s.ep.rosidl_typesupport_fastrtps_c.c
[63.213s] -- Installing: /home/kirill/VNIIA/Projects/black_plat/install/lio_sam/local/lib/python3.10/dist-packages/lio_sam/__init__.py
[63.213s] -- Installing: /home/kirill/VNIIA/Projects/black_plat/install/lio_sam/local/lib/python3.10/dist-packages/lio_sam/_lio_sam_s.ep.rosidl_typesupport_c.c
[63.213s] -- Installing: /home/kirill/VNIIA/Projects/black_plat/install/lio_sam/local/lib/python3.10/dist-packages/lio_sam/srv
[63.213s] -- Installing: /home/kirill/VNIIA/Projects/black_plat/install/lio_sam/local/lib/python3.10/dist-packages/lio_sam/srv/_save_map_s.c
[63.213s] -- Installing: /home/kirill/VNIIA/Projects/black_plat/install/lio_sam/local/lib/python3.10/dist-packages/lio_sam/srv/_save_map.py
[63.213s] -- Installing: /home/kirill/VNIIA/Projects/black_plat/install/lio_sam/local/lib/python3.10/dist-packages/lio_sam/srv/__init__.py
[63.213s] -- Installing: /home/kirill/VNIIA/Projects/black_plat/install/lio_sam/local/lib/python3.10/dist-packages/lio_sam/lio_sam_s__rosidl_typesupport_c.cpython-310-x86_64-linux-gnu.so
[63.256s] Listing '/home/kirill/VNIIA/Projects/black_plat/install/lio_sam/local/lib/python3.10/dist-packages/lio_sam'...
[63.256s] Compiling '/home/kirill/VNIIA/Projects/black_plat/install/lio_sam/local/lib/python3.10/dist-packages/lio_sam/__init__.py'...
[63.257s] Listing '/home/kirill/VNIIA/Projects/black_plat/install/lio_sam/local/lib/python3.10/dist-packages/lio_sam/msg'...
[63.257s] Compiling '/home/kirill/VNIIA/Projects/black_plat/install/lio_sam/local/lib/python3.10/dist-packages/lio_sam/msg/__init__.py'...
[63.257s] Compiling '/home/kirill/VNIIA/Projects/black_plat/install/lio_sam/local/lib/python3.10/dist-packages/lio_sam/msg/_cloud_info.py'...
[63.257s] Listing '/home/kirill/VNIIA/Projects/black_plat/install/lio_sam/local/lib/python3.10/dist-packages/lio_sam/srv'...
[63.257s] Compiling '/home/kirill/VNIIA/Projects/black_plat/install/lio_sam/local/lib/python3.10/dist-packages/lio_sam/srv/__init__.py'...
[63.257s] Compiling '/home/kirill/VNIIA/Projects/black_plat/install/lio_sam/local/lib/python3.10/dist-packages/lio_sam/srv/_save_map.py'...
[63.261s] -- Installing: /home/kirill/VNIIA/Projects/black_plat/install/lio_sam/local/lib/python3.10/dist-packages/lio_sam/lio_sam_s__rosidl_typesupport_fastrtps_c.cpython-310-x86_64-linux-gnu.so
[63.261s] -- Set runtime path of "/home/kirill/VNIIA/Projects/black_plat/install/lio_sam/local/lib/python3.10/dist-packages/lio_sam/lio_sam_s__rosidl_typesupport_fastrtps_c.cpython-310-x86_64-linux-gnu.so" to ""
[63.262s] -- Installing: /home/kirill/VNIIA/Projects/black_plat/install/lio_sam/local/lib/python3.10/dist-packages/lio_sam/lio_sam_s__rosidl_typesupport_introspection_c.cpython-310-x86_64-linux-gnu.so
[63.262s] -- Set runtime path of "/home/kirill/VNIIA/Projects/black_plat/install/lio_sam/local/lib/python3.10/dist-packages/lio_sam/lio_sam_s__rosidl_typesupport_introspection_c.cpython-310-x86_64-linux-gnu.so" to ""
[63.262s] -- Installing: /home/kirill/VNIIA/Projects/black_plat/install/lio_sam/local/lib/python3.10/dist-packages/lio_sam/lio_sam_s__rosidl_typesupport_c.cpython-310-x86_64-linux-gnu.so
[63.262s] -- Set runtime path of "/home/kirill/VNIIA/Projects/black_plat/install/lio_sam/local/lib/python3.10/dist-packages/lio_sam/lio_sam_s__rosidl_typesupport_c.cpython-310-x86_64-linux-gnu.so" to ""
[63.262s] -- Installing: /home/kirill/VNIIA/Projects/black_plat/install/lio_sam/lib/liblio_sam__rosidl_generator_py.so
[63.262s] -- Set runtime path of "/home/kirill/VNIIA/Projects/black_plat/install/lio_sam/lib/liblio_sam__rosidl_generator_py.so" to ""
[63.263s] -- Installing: /home/kirill/VNIIA/Projects/black_plat/install/lio_sam/share/lio_sam/msg/CloudInfo.idl
[63.263s] -- Installing: /home/kirill/VNIIA/Projects/black_plat/install/lio_sam/share/lio_sam/srv/SaveMap.idl
[63.263s] -- Installing: /home/kirill/VNIIA/Projects/black_plat/install/lio_sam/share/lio_sam/msg/CloudInfo.msg
[63.263s] -- Installing: /home/kirill/VNIIA/Projects/black_plat/install/lio_sam/share/lio_sam/srv/SaveMap.srv
[63.263s] -- Installing: /home/kirill/VNIIA/Projects/black_plat/install/lio_sam/share/lio_sam/srv/SaveMap_Request.msg
[63.263s] -- Installing: /home/kirill/VNIIA/Projects/black_plat/install/lio_sam/share/lio_sam/srv/SaveMap_Response.msg
[63.263s] -- Installing: /home/kirill/VNIIA/Projects/black_plat/install/lio_sam/share/lio_sam//launch
[63.263s] -- Installing: /home/kirill/VNIIA/Projects/black_plat/install/lio_sam/share/lio_sam//launch/run.launch.py
[63.263s] -- Installing: /home/kirill/VNIIA/Projects/black_plat/install/lio_sam/share/lio_sam//config
[63.263s] -- Installing: /home/kirill/VNIIA/Projects/black_plat/install/lio_sam/share/lio_sam//config/doc
[63.263s] -- Installing: /home/kirill/VNIIA/Projects/black_plat/install/lio_sam/share/lio_sam//config/doc/imu-debug.gif
[63.267s] -- Installing: /home/kirill/VNIIA/Projects/black_plat/install/lio_sam/share/lio_sam//config/doc/imu-transform.png
[63.267s] -- Installing: /home/kirill/VNIIA/Projects/black_plat/install/lio_sam/share/lio_sam//config/doc/system.png
[63.268s] -- Installing: /home/kirill/VNIIA/Projects/black_plat/install/lio_sam/share/lio_sam//config/doc/device-hand.png
[63.268s] -- Installing: /home/kirill/VNIIA/Projects/black_plat/install/lio_sam/share/lio_sam//config/doc/demo.gif
[63.274s] -- Installing: /home/kirill/VNIIA/Projects/black_plat/install/lio_sam/share/lio_sam//config/doc/ouster-demo.gif
[63.280s] -- Installing: /home/kirill/VNIIA/Projects/black_plat/install/lio_sam/share/lio_sam//config/doc/device-hand-2.png
[63.281s] -- Installing: /home/kirill/VNIIA/Projects/black_plat/install/lio_sam/share/lio_sam//config/doc/loop-closure.gif
[63.288s] -- Installing: /home/kirill/VNIIA/Projects/black_plat/install/lio_sam/share/lio_sam//config/doc/kitti-map.png
[63.288s] -- Installing: /home/kirill/VNIIA/Projects/black_plat/install/lio_sam/share/lio_sam//config/doc/kitti2bag
[63.289s] -- Installing: /home/kirill/VNIIA/Projects/black_plat/install/lio_sam/share/lio_sam//config/doc/kitti2bag/README.md
[63.289s] -- Installing: /home/kirill/VNIIA/Projects/black_plat/install/lio_sam/share/lio_sam//config/doc/kitti2bag/kitti2bag.py
[63.289s] -- Installing: /home/kirill/VNIIA/Projects/black_plat/install/lio_sam/share/lio_sam//config/doc/device-boat.png
[63.289s] -- Installing: /home/kirill/VNIIA/Projects/black_plat/install/lio_sam/share/lio_sam//config/doc/device-jackal.png
[63.289s] -- Installing: /home/kirill/VNIIA/Projects/black_plat/install/lio_sam/share/lio_sam//config/doc/ouster-device.jpg
[63.289s] -- Installing: /home/kirill/VNIIA/Projects/black_plat/install/lio_sam/share/lio_sam//config/doc/loop-closure-2.gif
[63.297s] -- Installing: /home/kirill/VNIIA/Projects/black_plat/install/lio_sam/share/lio_sam//config/doc/kitti-demo.gif
[63.305s] -- Installing: /home/kirill/VNIIA/Projects/black_plat/install/lio_sam/share/lio_sam//config/doc/gps-demo.gif
[63.308s] -- Installing: /home/kirill/VNIIA/Projects/black_plat/install/lio_sam/share/lio_sam//config/doc/paper.pdf
[63.311s] -- Installing: /home/kirill/VNIIA/Projects/black_plat/install/lio_sam/share/lio_sam//config/params.yaml
[63.311s] -- Installing: /home/kirill/VNIIA/Projects/black_plat/install/lio_sam/share/lio_sam//config/rviz2.rviz
[63.311s] -- Installing: /home/kirill/VNIIA/Projects/black_plat/install/lio_sam/share/lio_sam//config/robot.urdf.xacro
[63.311s] -- Installing: /home/kirill/VNIIA/Projects/black_plat/install/lio_sam/lib/lio_sam/lio_sam_imageProjection
[63.312s] -- Set runtime path of "/home/kirill/VNIIA/Projects/black_plat/install/lio_sam/lib/lio_sam/lio_sam_imageProjection" to ""
[63.313s] -- Installing: /home/kirill/VNIIA/Projects/black_plat/install/lio_sam/lib/lio_sam/lio_sam_imuPreintegration
[63.314s] -- Set runtime path of "/home/kirill/VNIIA/Projects/black_plat/install/lio_sam/lib/lio_sam/lio_sam_imuPreintegration" to ""
[63.314s] -- Installing: /home/kirill/VNIIA/Projects/black_plat/install/lio_sam/lib/lio_sam/lio_sam_featureExtraction
[63.314s] -- Set runtime path of "/home/kirill/VNIIA/Projects/black_plat/install/lio_sam/lib/lio_sam/lio_sam_featureExtraction" to ""
[63.314s] -- Installing: /home/kirill/VNIIA/Projects/black_plat/install/lio_sam/lib/lio_sam/lio_sam_mapOptimization
[63.316s] -- Set runtime path of "/home/kirill/VNIIA/Projects/black_plat/install/lio_sam/lib/lio_sam/lio_sam_mapOptimization" to ""
[63.316s] -- Up-to-date: /home/kirill/VNIIA/Projects/black_plat/install/lio_sam/include
[63.316s] -- Up-to-date: /home/kirill/VNIIA/Projects/black_plat/install/lio_sam/include/lio_sam
[63.316s] -- Installing: /home/kirill/VNIIA/Projects/black_plat/install/lio_sam/include/lio_sam/utility.hpp
[63.316s] -- Installing: /home/kirill/VNIIA/Projects/black_plat/install/lio_sam/share/ament_index/resource_index/package_run_dependencies/lio_sam
[63.316s] -- Installing: /home/kirill/VNIIA/Projects/black_plat/install/lio_sam/share/ament_index/resource_index/parent_prefix_path/lio_sam
[63.316s] -- Installing: /home/kirill/VNIIA/Projects/black_plat/install/lio_sam/share/lio_sam/environment/ament_prefix_path.sh
[63.316s] -- Installing: /home/kirill/VNIIA/Projects/black_plat/install/lio_sam/share/lio_sam/environment/ament_prefix_path.dsv
[63.317s] -- Installing: /home/kirill/VNIIA/Projects/black_plat/install/lio_sam/share/lio_sam/environment/path.sh
[63.317s] -- Installing: /home/kirill/VNIIA/Projects/black_plat/install/lio_sam/share/lio_sam/environment/path.dsv
[63.317s] -- Installing: /home/kirill/VNIIA/Projects/black_plat/install/lio_sam/share/lio_sam/local_setup.bash
[63.317s] -- Installing: /home/kirill/VNIIA/Projects/black_plat/install/lio_sam/share/lio_sam/local_setup.sh
[63.317s] -- Installing: /home/kirill/VNIIA/Projects/black_plat/install/lio_sam/share/lio_sam/local_setup.zsh
[63.317s] -- Installing: /home/kirill/VNIIA/Projects/black_plat/install/lio_sam/share/lio_sam/local_setup.dsv
[63.318s] -- Installing: /home/kirill/VNIIA/Projects/black_plat/install/lio_sam/share/lio_sam/package.dsv
[63.318s] -- Installing: /home/kirill/VNIIA/Projects/black_plat/install/lio_sam/share/ament_index/resource_index/packages/lio_sam
[63.318s] -- Installing: /home/kirill/VNIIA/Projects/black_plat/install/lio_sam/share/lio_sam/cmake/export_lio_sam__rosidl_generator_cExport.cmake
[63.318s] -- Installing: /home/kirill/VNIIA/Projects/black_plat/install/lio_sam/share/lio_sam/cmake/export_lio_sam__rosidl_generator_cExport-release.cmake
[63.318s] -- Installing: /home/kirill/VNIIA/Projects/black_plat/install/lio_sam/share/lio_sam/cmake/export_lio_sam__rosidl_typesupport_fastrtps_cExport.cmake
[63.318s] -- Installing: /home/kirill/VNIIA/Projects/black_plat/install/lio_sam/share/lio_sam/cmake/export_lio_sam__rosidl_typesupport_fastrtps_cExport-release.cmake
[63.319s] -- Installing: /home/kirill/VNIIA/Projects/black_plat/install/lio_sam/share/lio_sam/cmake/lio_sam__rosidl_typesupport_introspection_cExport.cmake
[63.319s] -- Installing: /home/kirill/VNIIA/Projects/black_plat/install/lio_sam/share/lio_sam/cmake/lio_sam__rosidl_typesupport_introspection_cExport-release.cmake
[63.319s] -- Installing: /home/kirill/VNIIA/Projects/black_plat/install/lio_sam/share/lio_sam/cmake/lio_sam__rosidl_typesupport_cExport.cmake
[63.319s] -- Installing: /home/kirill/VNIIA/Projects/black_plat/install/lio_sam/share/lio_sam/cmake/lio_sam__rosidl_typesupport_cExport-release.cmake
[63.319s] -- Installing: /home/kirill/VNIIA/Projects/black_plat/install/lio_sam/share/lio_sam/cmake/export_lio_sam__rosidl_generator_cppExport.cmake
[63.319s] -- Installing: /home/kirill/VNIIA/Projects/black_plat/install/lio_sam/share/lio_sam/cmake/export_lio_sam__rosidl_typesupport_fastrtps_cppExport.cmake
[63.319s] -- Installing: /home/kirill/VNIIA/Projects/black_plat/install/lio_sam/share/lio_sam/cmake/export_lio_sam__rosidl_typesupport_fastrtps_cppExport-release.cmake
[63.319s] -- Installing: /home/kirill/VNIIA/Projects/black_plat/install/lio_sam/share/lio_sam/cmake/lio_sam__rosidl_typesupport_introspection_cppExport.cmake
[63.319s] -- Installing: /home/kirill/VNIIA/Projects/black_plat/install/lio_sam/share/lio_sam/cmake/lio_sam__rosidl_typesupport_introspection_cppExport-release.cmake
[63.319s] -- Installing: /home/kirill/VNIIA/Projects/black_plat/install/lio_sam/share/lio_sam/cmake/lio_sam__rosidl_typesupport_cppExport.cmake
[63.319s] -- Installing: /home/kirill/VNIIA/Projects/black_plat/install/lio_sam/share/lio_sam/cmake/lio_sam__rosidl_typesupport_cppExport-release.cmake
[63.319s] -- Installing: /home/kirill/VNIIA/Projects/black_plat/install/lio_sam/share/lio_sam/cmake/export_lio_sam__rosidl_generator_pyExport.cmake
[63.319s] -- Installing: /home/kirill/VNIIA/Projects/black_plat/install/lio_sam/share/lio_sam/cmake/export_lio_sam__rosidl_generator_pyExport-release.cmake
[63.320s] -- Installing: /home/kirill/VNIIA/Projects/black_plat/install/lio_sam/share/lio_sam/cmake/rosidl_cmake-extras.cmake
[63.320s] -- Installing: /home/kirill/VNIIA/Projects/black_plat/install/lio_sam/share/lio_sam/cmake/ament_cmake_export_dependencies-extras.cmake
[63.320s] -- Installing: /home/kirill/VNIIA/Projects/black_plat/install/lio_sam/share/lio_sam/cmake/ament_cmake_export_include_directories-extras.cmake
[63.320s] -- Installing: /home/kirill/VNIIA/Projects/black_plat/install/lio_sam/share/lio_sam/cmake/ament_cmake_export_libraries-extras.cmake
[63.320s] -- Installing: /home/kirill/VNIIA/Projects/black_plat/install/lio_sam/share/lio_sam/cmake/ament_cmake_export_targets-extras.cmake
[63.320s] -- Installing: /home/kirill/VNIIA/Projects/black_plat/install/lio_sam/share/lio_sam/cmake/rosidl_cmake_export_typesupport_targets-extras.cmake
[63.320s] -- Installing: /home/kirill/VNIIA/Projects/black_plat/install/lio_sam/share/lio_sam/cmake/rosidl_cmake_export_typesupport_libraries-extras.cmake
[63.320s] -- Installing: /home/kirill/VNIIA/Projects/black_plat/install/lio_sam/share/lio_sam/cmake/lio_samConfig.cmake
[63.320s] -- Installing: /home/kirill/VNIIA/Projects/black_plat/install/lio_sam/share/lio_sam/cmake/lio_samConfig-version.cmake
[63.320s] -- Installing: /home/kirill/VNIIA/Projects/black_plat/install/lio_sam/share/lio_sam/package.xml
[63.322s] Invoked command in '/home/kirill/VNIIA/Projects/black_plat/build/lio_sam' returned '0': CMAKE_PREFIX_PATH=${CMAKE_PREFIX_PATH}:/home/kirill/VNIIA/Projects/black_plat/install/t21_teleop:/opt/ros/humble /usr/bin/cmake --install /home/kirill/VNIIA/Projects/black_plat/build/lio_sam
