[0.022s] Invoking command in '/home/kirill/VNIIA/Projects/black_plat/build/velodyne_gazebo_plugins': CMAKE_PREFIX_PATH=${CMAKE_PREFIX_PATH}:/home/kirill/VNIIA/Projects/black_plat/install/t21_teleop:/opt/ros/humble /usr/bin/cmake /home/kirill/VNIIA/Projects/black_plat/src/velodyne_simulator/velodyne_gazebo_plugins -DCMAKE_INSTALL_PREFIX=/home/kirill/VNIIA/Projects/black_plat/install/velodyne_gazebo_plugins
[0.118s] -- The C compiler identification is GNU 11.4.0
[0.216s] -- The CXX compiler identification is GNU 11.4.0
[0.227s] -- Detecting C compiler ABI info
[0.309s] -- Detecting C compiler ABI info - done
[0.324s] -- Check for working C compiler: /usr/bin/cc - skipped
[0.324s] -- Detecting C compile features
[0.324s] -- Detecting C compile features - done
[0.329s] -- Detecting CXX compiler ABI info
[0.420s] -- Detecting CXX compiler ABI info - done
[0.432s] -- Check for working CXX compiler: /usr/bin/c++ - skipped
[0.432s] -- Detecting CXX compile features
[0.433s] -- Detecting CXX compile features - done
[0.435s] -- Found ament_cmake: 1.3.12 (/opt/ros/humble/share/ament_cmake/cmake)
[0.636s] -- Found Python3: /usr/bin/python3 (found version "3.10.12") found components: Interpreter 
[0.769s] -- Found gazebo_dev: 3.9.0 (/opt/ros/humble/share/gazebo_dev/cmake)
[0.780s] -- Found PkgConfig: /usr/bin/pkg-config (found version "0.29.2") 
[0.786s] -- Checking for module 'bullet>=2.82'
[0.801s] --   Found bullet, version 3.05
[0.934s] -- Found fcl: /usr/include (found suitable version "0.7.0", minimum required is "0.5.0") 
[0.987s] -- Found assimp: /usr/include (found version "5.2.0") 
[1.018s] -- Found DART: /usr/include (Required is at least version "6.6") found components: dart 
[1.212s] -- Found Boost: /usr/lib/x86_64-linux-gnu/cmake/Boost-1.74.0/BoostConfig.cmake (found suitable version "1.74.0", minimum required is "1.40.0") found components: thread system filesystem program_options regex iostreams date_time 
[1.241s] -- Found Protobuf: /usr/lib/x86_64-linux-gnu/libprotobuf.so (found version "3.12.4") 
[1.249s] -- Looking for ignition-math6 -- found version 6.15.1
[1.261s] -- Searching for dependencies of ignition-math6
[1.265s] -- Looking for OGRE...
[1.265s] -- OGRE_PREFIX_WATCH changed.
[1.269s] -- Checking for module 'OGRE'
[1.284s] --   Found OGRE, version 1.9.0
[1.324s] -- Found Ogre Ghadamon (1.9.0)
[1.342s] -- Found OGRE: optimized;/usr/lib/x86_64-linux-gnu/libOgreMain.so;debug;/usr/lib/x86_64-linux-gnu/libOgreMain.so
[1.354s] -- Looking for OGRE_Paging...
[1.363s] -- Found OGRE_Paging: optimized;/usr/lib/x86_64-linux-gnu/libOgrePaging.so;debug;/usr/lib/x86_64-linux-gnu/libOgrePaging.so
[1.364s] -- Looking for OGRE_Terrain...
[1.372s] -- Found OGRE_Terrain: optimized;/usr/lib/x86_64-linux-gnu/libOgreTerrain.so;debug;/usr/lib/x86_64-linux-gnu/libOgreTerrain.so
[1.372s] -- Looking for OGRE_Property...
[1.380s] -- Found OGRE_Property: optimized;/usr/lib/x86_64-linux-gnu/libOgreProperty.so;debug;/usr/lib/x86_64-linux-gnu/libOgreProperty.so
[1.380s] -- Looking for OGRE_RTShaderSystem...
[1.390s] -- Found OGRE_RTShaderSystem: optimized;/usr/lib/x86_64-linux-gnu/libOgreRTShaderSystem.so;debug;/usr/lib/x86_64-linux-gnu/libOgreRTShaderSystem.so
[1.390s] -- Looking for OGRE_Volume...
[1.398s] -- Found OGRE_Volume: optimized;/usr/lib/x86_64-linux-gnu/libOgreVolume.so;debug;/usr/lib/x86_64-linux-gnu/libOgreVolume.so
[1.398s] -- Looking for OGRE_Overlay...
[1.406s] -- Found OGRE_Overlay: optimized;/usr/lib/x86_64-linux-gnu/libOgreOverlay.so;debug;/usr/lib/x86_64-linux-gnu/libOgreOverlay.so
[1.601s] -- Looking for ignition-math6 -- found version 6.15.1
[1.605s] -- Looking for ignition-transport8 -- found version 8.2.1
[1.605s] -- Searching for dependencies of ignition-transport8
[1.628s] -- Found Protobuf: /usr/lib/x86_64-linux-gnu/libprotobuf.so (found suitable version "3.12.4", minimum required is "3") 
[1.642s] -- Config-file not installed for ZeroMQ -- checking for pkg-config
[1.647s] -- Checking for module 'libzmq >= 4'
[1.659s] --   Found libzmq , version 4.3.4
[1.689s] -- Found ZeroMQ: TRUE (Required is at least version "4") 
[1.695s] -- Checking for module 'uuid'
[1.706s] --   Found uuid, version 2.37.2
[1.730s] -- Found UUID: TRUE  
[1.733s] -- Looking for ignition-msgs5 -- found version 5.8.1
[1.733s] -- Searching for dependencies of ignition-msgs5
[1.749s] -- Looking for ignition-math6 -- found version 6.15.1
[1.753s] -- Checking for module 'tinyxml2'
[1.762s] --   Found tinyxml2, version 9.0.0
[1.785s] -- Looking for ignition-msgs5 -- found version 5.8.1
[1.787s] -- Looking for ignition-common3 -- found version 3.14.0
[1.787s] -- Searching for dependencies of ignition-common3
[1.788s] -- Looking for dlfcn.h - found
[1.789s] -- Looking for libdl - found
[1.790s] -- Found DL: TRUE  
[1.800s] -- Found tinyobjloader: /usr/lib/x86_64-linux-gnu/cmake/tinyobjloader/tinyobjloader-config.cmake (found version "2.0.0") 
[1.801s] -- Searching for <ignition-common3> component [graphics]
[1.803s] -- Looking for ignition-common3-graphics -- found version 3.14.0
[1.804s] -- Searching for dependencies of ignition-common3-graphics
[1.804s] -- Looking for ignition-math6 -- found version 6.15.1
[1.807s] -- Looking for ignition-fuel_tools4 -- found version 4.4.0
[1.807s] -- Searching for dependencies of ignition-fuel_tools4
[1.873s] -- Found CURL: /usr/lib/x86_64-linux-gnu/libcurl.so (found version "7.81.0")  
[1.884s] -- Checking for module 'jsoncpp'
[1.901s] --   Found jsoncpp, version 1.9.5
[1.929s] -- Found JSONCPP: TRUE  
[1.937s] -- Checking for module 'libzip'
[1.952s] --   Found libzip, version 1.7.3
[1.985s] -- Found ZIP: TRUE  
[1.986s] -- Looking for ignition-common3 -- found version 3.14.0
[1.986s] -- Looking for ignition-math6 -- found version 6.15.1
[1.987s] -- Looking for ignition-msgs5 -- found version 5.8.1
[1.993s] -- Gazebo version: 11.10
[1.993s] -- Checking for module 'tbb'
[2.005s] --   Found tbb, version 2021.5.0
[2.035s] -- Found gazebo_ros: 3.9.0 (/opt/ros/humble/share/gazebo_ros/cmake)
[2.093s] -- Found rosidl_generator_c: 3.1.7 (/opt/ros/humble/share/rosidl_generator_c/cmake)
[2.098s] -- Found rosidl_adapter: 3.1.7 (/opt/ros/humble/share/rosidl_adapter/cmake)
[2.109s] -- Found rosidl_generator_cpp: 3.1.7 (/opt/ros/humble/share/rosidl_generator_cpp/cmake)
[2.125s] -- Using all available rosidl_typesupport_c: rosidl_typesupport_fastrtps_c;rosidl_typesupport_introspection_c
[2.146s] -- Using all available rosidl_typesupport_cpp: rosidl_typesupport_fastrtps_cpp;rosidl_typesupport_introspection_cpp
[2.208s] -- Found rmw_implementation_cmake: 6.1.2 (/opt/ros/humble/share/rmw_implementation_cmake/cmake)
[2.212s] -- Found rmw_fastrtps_cpp: 6.2.8 (/opt/ros/humble/share/rmw_fastrtps_cpp/cmake)
[2.319s] -- Found OpenSSL: /usr/lib/x86_64-linux-gnu/libcrypto.so (found version "3.0.2")  
[2.349s] -- Found FastRTPS: /opt/ros/humble/include  
[2.409s] -- Using RMW implementation 'rmw_fastrtps_cpp' as default
[2.423s] -- Found Threads: TRUE  
[2.495s] -- Found gazebo_msgs: 3.9.0 (/opt/ros/humble/share/gazebo_msgs/cmake)
[2.556s] -- Found sensor_msgs: 4.9.0 (/opt/ros/humble/share/sensor_msgs/cmake)
[2.654s] -- Configuring done
[2.704s] -- Generating done
[2.709s] -- Build files have been written to: /home/kirill/VNIIA/Projects/black_plat/build/velodyne_gazebo_plugins
[2.721s] Invoked command in '/home/kirill/VNIIA/Projects/black_plat/build/velodyne_gazebo_plugins' returned '0': CMAKE_PREFIX_PATH=${CMAKE_PREFIX_PATH}:/home/kirill/VNIIA/Projects/black_plat/install/t21_teleop:/opt/ros/humble /usr/bin/cmake /home/kirill/VNIIA/Projects/black_plat/src/velodyne_simulator/velodyne_gazebo_plugins -DCMAKE_INSTALL_PREFIX=/home/kirill/VNIIA/Projects/black_plat/install/velodyne_gazebo_plugins
[2.723s] Invoking command in '/home/kirill/VNIIA/Projects/black_plat/build/velodyne_gazebo_plugins': CMAKE_PREFIX_PATH=${CMAKE_PREFIX_PATH}:/home/kirill/VNIIA/Projects/black_plat/install/t21_teleop:/opt/ros/humble /usr/bin/cmake --build /home/kirill/VNIIA/Projects/black_plat/build/velodyne_gazebo_plugins -- -j8 -l8
[2.778s] [ 50%] [32mBuilding CXX object CMakeFiles/gazebo_ros_velodyne_laser.dir/src/GazeboRosVelodyneLaser.cpp.o[0m
[19.878s] [100%] [32m[1mLinking CXX shared library libgazebo_ros_velodyne_laser.so[0m
[20.436s] [100%] Built target gazebo_ros_velodyne_laser
[20.444s] Invoked command in '/home/kirill/VNIIA/Projects/black_plat/build/velodyne_gazebo_plugins' returned '0': CMAKE_PREFIX_PATH=${CMAKE_PREFIX_PATH}:/home/kirill/VNIIA/Projects/black_plat/install/t21_teleop:/opt/ros/humble /usr/bin/cmake --build /home/kirill/VNIIA/Projects/black_plat/build/velodyne_gazebo_plugins -- -j8 -l8
[20.446s] Invoking command in '/home/kirill/VNIIA/Projects/black_plat/build/velodyne_gazebo_plugins': CMAKE_PREFIX_PATH=${CMAKE_PREFIX_PATH}:/home/kirill/VNIIA/Projects/black_plat/install/t21_teleop:/opt/ros/humble /usr/bin/cmake --install /home/kirill/VNIIA/Projects/black_plat/build/velodyne_gazebo_plugins
[20.451s] -- Install configuration: ""
[20.452s] -- Installing: /home/kirill/VNIIA/Projects/black_plat/install/velodyne_gazebo_plugins/lib/libgazebo_ros_velodyne_laser.so
[20.454s] -- Set runtime path of "/home/kirill/VNIIA/Projects/black_plat/install/velodyne_gazebo_plugins/lib/libgazebo_ros_velodyne_laser.so" to ""
[20.454s] -- Installing: /home/kirill/VNIIA/Projects/black_plat/install/velodyne_gazebo_plugins/include/velodyne_gazebo_plugins
[20.454s] -- Installing: /home/kirill/VNIIA/Projects/black_plat/install/velodyne_gazebo_plugins/include/velodyne_gazebo_plugins/GazeboRosVelodyneLaser.hpp
[20.454s] -- Installing: /home/kirill/VNIIA/Projects/black_plat/install/velodyne_gazebo_plugins/share/velodyne_gazebo_plugins/environment/library_path.sh
[20.454s] -- Installing: /home/kirill/VNIIA/Projects/black_plat/install/velodyne_gazebo_plugins/share/velodyne_gazebo_plugins/environment/library_path.dsv
[20.454s] -- Installing: /home/kirill/VNIIA/Projects/black_plat/install/velodyne_gazebo_plugins/share/ament_index/resource_index/package_run_dependencies/velodyne_gazebo_plugins
[20.454s] -- Installing: /home/kirill/VNIIA/Projects/black_plat/install/velodyne_gazebo_plugins/share/ament_index/resource_index/parent_prefix_path/velodyne_gazebo_plugins
[20.454s] -- Installing: /home/kirill/VNIIA/Projects/black_plat/install/velodyne_gazebo_plugins/share/velodyne_gazebo_plugins/environment/ament_prefix_path.sh
[20.454s] -- Installing: /home/kirill/VNIIA/Projects/black_plat/install/velodyne_gazebo_plugins/share/velodyne_gazebo_plugins/environment/ament_prefix_path.dsv
[20.454s] -- Installing: /home/kirill/VNIIA/Projects/black_plat/install/velodyne_gazebo_plugins/share/velodyne_gazebo_plugins/environment/path.sh
[20.455s] -- Installing: /home/kirill/VNIIA/Projects/black_plat/install/velodyne_gazebo_plugins/share/velodyne_gazebo_plugins/environment/path.dsv
[20.455s] -- Installing: /home/kirill/VNIIA/Projects/black_plat/install/velodyne_gazebo_plugins/share/velodyne_gazebo_plugins/local_setup.bash
[20.455s] -- Installing: /home/kirill/VNIIA/Projects/black_plat/install/velodyne_gazebo_plugins/share/velodyne_gazebo_plugins/local_setup.sh
[20.455s] -- Installing: /home/kirill/VNIIA/Projects/black_plat/install/velodyne_gazebo_plugins/share/velodyne_gazebo_plugins/local_setup.zsh
[20.455s] -- Installing: /home/kirill/VNIIA/Projects/black_plat/install/velodyne_gazebo_plugins/share/velodyne_gazebo_plugins/local_setup.dsv
[20.455s] -- Installing: /home/kirill/VNIIA/Projects/black_plat/install/velodyne_gazebo_plugins/share/velodyne_gazebo_plugins/package.dsv
[20.455s] -- Installing: /home/kirill/VNIIA/Projects/black_plat/install/velodyne_gazebo_plugins/share/ament_index/resource_index/packages/velodyne_gazebo_plugins
[20.455s] -- Installing: /home/kirill/VNIIA/Projects/black_plat/install/velodyne_gazebo_plugins/share/velodyne_gazebo_plugins/cmake/ament_cmake_export_include_directories-extras.cmake
[20.455s] -- Installing: /home/kirill/VNIIA/Projects/black_plat/install/velodyne_gazebo_plugins/share/velodyne_gazebo_plugins/cmake/ament_cmake_export_libraries-extras.cmake
[20.455s] -- Installing: /home/kirill/VNIIA/Projects/black_plat/install/velodyne_gazebo_plugins/share/velodyne_gazebo_plugins/cmake/ament_cmake_export_dependencies-extras.cmake
[20.455s] -- Installing: /home/kirill/VNIIA/Projects/black_plat/install/velodyne_gazebo_plugins/share/velodyne_gazebo_plugins/cmake/velodyne_gazebo_pluginsConfig.cmake
[20.455s] -- Installing: /home/kirill/VNIIA/Projects/black_plat/install/velodyne_gazebo_plugins/share/velodyne_gazebo_plugins/cmake/velodyne_gazebo_pluginsConfig-version.cmake
[20.455s] -- Installing: /home/kirill/VNIIA/Projects/black_plat/install/velodyne_gazebo_plugins/share/velodyne_gazebo_plugins/package.xml
[20.457s] Invoked command in '/home/kirill/VNIIA/Projects/black_plat/build/velodyne_gazebo_plugins' returned '0': CMAKE_PREFIX_PATH=${CMAKE_PREFIX_PATH}:/home/kirill/VNIIA/Projects/black_plat/install/t21_teleop:/opt/ros/humble /usr/bin/cmake --install /home/kirill/VNIIA/Projects/black_plat/build/velodyne_gazebo_plugins
