[0.045s] Invoking command in '/home/kirill/VNIIA/Projects/black_plat/build/tracked_description': CMAKE_PREFIX_PATH=/home/kirill/VNIIA/Projects/black_plat/install/bluespace_ai_xsens_mti_driver:/home/kirill/VNIIA/Projects/black_plat/install/velodyne_simulator:/home/kirill/VNIIA/Projects/black_plat/install/velodyne_gazebo_plugins:/home/kirill/VNIIA/Projects/black_plat/install/velodyne_description:/home/kirill/VNIIA/Projects/black_plat/install/t21_sim:/home/kirill/VNIIA/Projects/black_plat/install/tracked_description:/home/kirill/VNIIA/Projects/black_plat/install/t21_tracked:/home/kirill/VNIIA/Projects/black_plat/install/t21_rtabmap:/home/kirill/VNIIA/Projects/black_plat/install/t21_navigation:/home/kirill/VNIIA/Projects/black_plat/install/t21_lidar:/home/kirill/VNIIA/Projects/black_plat/install/odometry_fus:/home/kirill/VNIIA/Projects/black_plat/install/lio_sam:/home/kirill/VNIIA/Projects/black_plat/install/t21_teleop:/opt/ros/humble /usr/bin/cmake --build /home/kirill/VNIIA/Projects/black_plat/build/tracked_description -- -j8 -l8
[0.093s] [ 50%] Built target dummy
[0.096s] [100%] Built target cmd_vel_to_float
[0.123s] Invoked command in '/home/kirill/VNIIA/Projects/black_plat/build/tracked_description' returned '0': CMAKE_PREFIX_PATH=/home/kirill/VNIIA/Projects/black_plat/install/bluespace_ai_xsens_mti_driver:/home/kirill/VNIIA/Projects/black_plat/install/velodyne_simulator:/home/kirill/VNIIA/Projects/black_plat/install/velodyne_gazebo_plugins:/home/kirill/VNIIA/Projects/black_plat/install/velodyne_description:/home/kirill/VNIIA/Projects/black_plat/install/t21_sim:/home/kirill/VNIIA/Projects/black_plat/install/tracked_description:/home/kirill/VNIIA/Projects/black_plat/install/t21_tracked:/home/kirill/VNIIA/Projects/black_plat/install/t21_rtabmap:/home/kirill/VNIIA/Projects/black_plat/install/t21_navigation:/home/kirill/VNIIA/Projects/black_plat/install/t21_lidar:/home/kirill/VNIIA/Projects/black_plat/install/odometry_fus:/home/kirill/VNIIA/Projects/black_plat/install/lio_sam:/home/kirill/VNIIA/Projects/black_plat/install/t21_teleop:/opt/ros/humble /usr/bin/cmake --build /home/kirill/VNIIA/Projects/black_plat/build/tracked_description -- -j8 -l8
[0.124s] Invoking command in '/home/kirill/VNIIA/Projects/black_plat/build/tracked_description': CMAKE_PREFIX_PATH=/home/kirill/VNIIA/Projects/black_plat/install/bluespace_ai_xsens_mti_driver:/home/kirill/VNIIA/Projects/black_plat/install/velodyne_simulator:/home/kirill/VNIIA/Projects/black_plat/install/velodyne_gazebo_plugins:/home/kirill/VNIIA/Projects/black_plat/install/velodyne_description:/home/kirill/VNIIA/Projects/black_plat/install/t21_sim:/home/kirill/VNIIA/Projects/black_plat/install/tracked_description:/home/kirill/VNIIA/Projects/black_plat/install/t21_tracked:/home/kirill/VNIIA/Projects/black_plat/install/t21_rtabmap:/home/kirill/VNIIA/Projects/black_plat/install/t21_navigation:/home/kirill/VNIIA/Projects/black_plat/install/t21_lidar:/home/kirill/VNIIA/Projects/black_plat/install/odometry_fus:/home/kirill/VNIIA/Projects/black_plat/install/lio_sam:/home/kirill/VNIIA/Projects/black_plat/install/t21_teleop:/opt/ros/humble /usr/bin/cmake --install /home/kirill/VNIIA/Projects/black_plat/build/tracked_description
[0.130s] -- Install configuration: ""
[0.130s] -- Up-to-date: /home/kirill/VNIIA/Projects/black_plat/install/tracked_description/lib/tracked_description/dummy
[0.130s] -- Up-to-date: /home/kirill/VNIIA/Projects/black_plat/install/tracked_description/lib/tracked_description/cmd_vel_to_float
[0.130s] -- Up-to-date: /home/kirill/VNIIA/Projects/black_plat/install/tracked_description/share/tracked_description/launch
[0.130s] -- Up-to-date: /home/kirill/VNIIA/Projects/black_plat/install/tracked_description/share/tracked_description/launch/bringup_t21.launch.py
[0.130s] -- Up-to-date: /home/kirill/VNIIA/Projects/black_plat/install/tracked_description/share/tracked_description/launch/display.launch.py
[0.130s] -- Up-to-date: /home/kirill/VNIIA/Projects/black_plat/install/tracked_description/share/tracked_description/launch/bringup_t21_odom_test.launch.py
[0.130s] -- Up-to-date: /home/kirill/VNIIA/Projects/black_plat/install/tracked_description/share/tracked_description/urdf
[0.130s] -- Up-to-date: /home/kirill/VNIIA/Projects/black_plat/install/tracked_description/share/tracked_description/urdf/t21.urdf.xacro
[0.130s] -- Up-to-date: /home/kirill/VNIIA/Projects/black_plat/install/tracked_description/share/tracked_description/urdf/tracked_robot.urdf.xacro
[0.130s] -- Up-to-date: /home/kirill/VNIIA/Projects/black_plat/install/tracked_description/share/tracked_description/mesh
[0.130s] -- Up-to-date: /home/kirill/VNIIA/Projects/black_plat/install/tracked_description/share/tracked_description/mesh/base.stl
[0.130s] -- Up-to-date: /home/kirill/VNIIA/Projects/black_plat/install/tracked_description/share/tracked_description/mesh/fliper.stl
[0.130s] -- Up-to-date: /home/kirill/VNIIA/Projects/black_plat/install/tracked_description/share/tracked_description/mesh/big_box.stl
[0.130s] -- Up-to-date: /home/kirill/VNIIA/Projects/black_plat/install/tracked_description/share/tracked_description/config
[0.130s] -- Up-to-date: /home/kirill/VNIIA/Projects/black_plat/install/tracked_description/share/tracked_description/config/odometry_fus.yaml
[0.131s] -- Up-to-date: /home/kirill/VNIIA/Projects/black_plat/install/tracked_description/share/tracked_description/config/t21.ros2_control.xacro
[0.131s] -- Up-to-date: /home/kirill/VNIIA/Projects/black_plat/install/tracked_description/share/tracked_description/config/controllers.yaml
[0.131s] -- Up-to-date: /home/kirill/VNIIA/Projects/black_plat/install/tracked_description/share/tracked_description/config/t21.rviz
[0.131s] -- Up-to-date: /home/kirill/VNIIA/Projects/black_plat/install/tracked_description/share/tracked_description/config/ps4_teleop.yaml
[0.131s] -- Up-to-date: /home/kirill/VNIIA/Projects/black_plat/install/tracked_description/share/tracked_description/config/ekf.yaml
[0.131s] -- Up-to-date: /home/kirill/VNIIA/Projects/black_plat/install/tracked_description/share/ament_index/resource_index/package_run_dependencies/tracked_description
[0.131s] -- Up-to-date: /home/kirill/VNIIA/Projects/black_plat/install/tracked_description/share/ament_index/resource_index/parent_prefix_path/tracked_description
[0.131s] -- Up-to-date: /home/kirill/VNIIA/Projects/black_plat/install/tracked_description/share/tracked_description/environment/ament_prefix_path.sh
[0.131s] -- Up-to-date: /home/kirill/VNIIA/Projects/black_plat/install/tracked_description/share/tracked_description/environment/ament_prefix_path.dsv
[0.131s] -- Up-to-date: /home/kirill/VNIIA/Projects/black_plat/install/tracked_description/share/tracked_description/environment/path.sh
[0.131s] -- Up-to-date: /home/kirill/VNIIA/Projects/black_plat/install/tracked_description/share/tracked_description/environment/path.dsv
[0.131s] -- Up-to-date: /home/kirill/VNIIA/Projects/black_plat/install/tracked_description/share/tracked_description/local_setup.bash
[0.131s] -- Up-to-date: /home/kirill/VNIIA/Projects/black_plat/install/tracked_description/share/tracked_description/local_setup.sh
[0.131s] -- Up-to-date: /home/kirill/VNIIA/Projects/black_plat/install/tracked_description/share/tracked_description/local_setup.zsh
[0.131s] -- Up-to-date: /home/kirill/VNIIA/Projects/black_plat/install/tracked_description/share/tracked_description/local_setup.dsv
[0.131s] -- Installing: /home/kirill/VNIIA/Projects/black_plat/install/tracked_description/share/tracked_description/package.dsv
[0.131s] -- Up-to-date: /home/kirill/VNIIA/Projects/black_plat/install/tracked_description/share/ament_index/resource_index/packages/tracked_description
[0.131s] -- Up-to-date: /home/kirill/VNIIA/Projects/black_plat/install/tracked_description/share/tracked_description/cmake/tracked_descriptionConfig.cmake
[0.131s] -- Up-to-date: /home/kirill/VNIIA/Projects/black_plat/install/tracked_description/share/tracked_description/cmake/tracked_descriptionConfig-version.cmake
[0.131s] -- Up-to-date: /home/kirill/VNIIA/Projects/black_plat/install/tracked_description/share/tracked_description/package.xml
[0.132s] Invoked command in '/home/kirill/VNIIA/Projects/black_plat/build/tracked_description' returned '0': CMAKE_PREFIX_PATH=/home/kirill/VNIIA/Projects/black_plat/install/bluespace_ai_xsens_mti_driver:/home/kirill/VNIIA/Projects/black_plat/install/velodyne_simulator:/home/kirill/VNIIA/Projects/black_plat/install/velodyne_gazebo_plugins:/home/kirill/VNIIA/Projects/black_plat/install/velodyne_description:/home/kirill/VNIIA/Projects/black_plat/install/t21_sim:/home/kirill/VNIIA/Projects/black_plat/install/tracked_description:/home/kirill/VNIIA/Projects/black_plat/install/t21_tracked:/home/kirill/VNIIA/Projects/black_plat/install/t21_rtabmap:/home/kirill/VNIIA/Projects/black_plat/install/t21_navigation:/home/kirill/VNIIA/Projects/black_plat/install/t21_lidar:/home/kirill/VNIIA/Projects/black_plat/install/odometry_fus:/home/kirill/VNIIA/Projects/black_plat/install/lio_sam:/home/kirill/VNIIA/Projects/black_plat/install/t21_teleop:/opt/ros/humble /usr/bin/cmake --install /home/kirill/VNIIA/Projects/black_plat/build/tracked_description
