-- Install configuration: ""
-- Up-to-date: /home/kirill/VNIIA/Projects/black_plat/install/t21_lidar/share/t21_lidar/launch
-- Up-to-date: /home/kirill/VNIIA/Projects/black_plat/install/t21_lidar/share/t21_lidar/launch/t21_lidar.launch.py
-- Up-to-date: /home/kirill/VNIIA/Projects/black_plat/install/t21_lidar/share/t21_lidar/config
-- Up-to-date: /home/kirill/VNIIA/Projects/black_plat/install/t21_lidar/share/t21_lidar/config/VLP16-velodyne_driver_node-params.yaml
-- Up-to-date: /home/kirill/VNIIA/Projects/black_plat/install/t21_lidar/share/t21_lidar/config/VLP16-velodyne_transform_node-params.yaml
-- Up-to-date: /home/kirill/VNIIA/Projects/black_plat/install/t21_lidar/share/t21_lidar/config/VLP16-velodyne_driver_node-params.yaml
-- Up-to-date: /home/kirill/VNIIA/Projects/black_plat/install/t21_lidar/share/t21_lidar/config/VLP16-velodyne_transform_node-params.yaml
-- Up-to-date: /home/kirill/VNIIA/Projects/black_plat/install/t21_lidar/share/ament_index/resource_index/package_run_dependencies/t21_lidar
-- Up-to-date: /home/kirill/VNIIA/Projects/black_plat/install/t21_lidar/share/ament_index/resource_index/parent_prefix_path/t21_lidar
-- Up-to-date: /home/kirill/VNIIA/Projects/black_plat/install/t21_lidar/share/t21_lidar/environment/ament_prefix_path.sh
-- Up-to-date: /home/kirill/VNIIA/Projects/black_plat/install/t21_lidar/share/t21_lidar/environment/ament_prefix_path.dsv
-- Up-to-date: /home/kirill/VNIIA/Projects/black_plat/install/t21_lidar/share/t21_lidar/environment/path.sh
-- Up-to-date: /home/kirill/VNIIA/Projects/black_plat/install/t21_lidar/share/t21_lidar/environment/path.dsv
-- Up-to-date: /home/kirill/VNIIA/Projects/black_plat/install/t21_lidar/share/t21_lidar/local_setup.bash
-- Up-to-date: /home/kirill/VNIIA/Projects/black_plat/install/t21_lidar/share/t21_lidar/local_setup.sh
-- Up-to-date: /home/kirill/VNIIA/Projects/black_plat/install/t21_lidar/share/t21_lidar/local_setup.zsh
-- Up-to-date: /home/kirill/VNIIA/Projects/black_plat/install/t21_lidar/share/t21_lidar/local_setup.dsv
-- Up-to-date: /home/kirill/VNIIA/Projects/black_plat/install/t21_lidar/share/t21_lidar/package.dsv
-- Up-to-date: /home/kirill/VNIIA/Projects/black_plat/install/t21_lidar/share/ament_index/resource_index/packages/t21_lidar
-- Up-to-date: /home/kirill/VNIIA/Projects/black_plat/install/t21_lidar/share/t21_lidar/cmake/ament_cmake_export_dependencies-extras.cmake
-- Up-to-date: /home/kirill/VNIIA/Projects/black_plat/install/t21_lidar/share/t21_lidar/cmake/t21_lidarConfig.cmake
-- Up-to-date: /home/kirill/VNIIA/Projects/black_plat/install/t21_lidar/share/t21_lidar/cmake/t21_lidarConfig-version.cmake
-- Up-to-date: /home/kirill/VNIIA/Projects/black_plat/install/t21_lidar/share/t21_lidar/package.xml
