In file included from [01m[K/home/kirill/VNIIA/Projects/black_plat/src/LIO-SAM/src/imuPreintegration.cpp:1[m[K:
[01m[K/home/kirill/VNIIA/Projects/black_plat/src/LIO-SAM/include/lio_sam/utility.hpp:[m[K In constructor ‘[01m[KParamServer::ParamServer(std::string, const rclcpp::NodeOptions&)[m[K’:
[01m[K/home/kirill/VNIIA/Projects/black_plat/src/LIO-SAM/include/lio_sam/utility.hpp:317:46:[m[K [01;31m[Kerror: [m[K‘[01m[KpublishOdomToBaseTF[m[K’ was not declared in this scope; did you mean ‘[01m[KpublishOdomToLidarTF[m[K’?
  317 |         get_parameter("publishOdomToBaseTF", [01;31m[KpublishOdomToBaseTF[m[K);
      |                                              [01;31m[K^~~~~~~~~~~~~~~~~~~[m[K
      |                                              [32m[KpublishOdomToLidarTF[m[K
In file included from [01m[K/home/kirill/VNIIA/Projects/black_plat/src/LIO-SAM/src/imageProjection.cpp:1[m[K:
[01m[K/home/kirill/VNIIA/Projects/black_plat/src/LIO-SAM/include/lio_sam/utility.hpp:[m[K In constructor ‘[01m[KParamServer::ParamServer(std::string, const rclcpp::NodeOptions&)[m[K’:
[01m[K/home/kirill/VNIIA/Projects/black_plat/src/LIO-SAM/include/lio_sam/utility.hpp:317:46:[m[K [01;31m[Kerror: [m[K‘[01m[KpublishOdomToBaseTF[m[K’ was not declared in this scope; did you mean ‘[01m[KpublishOdomToLidarTF[m[K’?
  317 |         get_parameter("publishOdomToBaseTF", [01;31m[KpublishOdomToBaseTF[m[K);
      |                                              [01;31m[K^~~~~~~~~~~~~~~~~~~[m[K
      |                                              [32m[KpublishOdomToLidarTF[m[K
In file included from [01m[K/home/kirill/VNIIA/Projects/black_plat/src/LIO-SAM/src/mapOptmization.cpp:1[m[K:
[01m[K/home/kirill/VNIIA/Projects/black_plat/src/LIO-SAM/include/lio_sam/utility.hpp:[m[K In constructor ‘[01m[KParamServer::ParamServer(std::string, const rclcpp::NodeOptions&)[m[K’:
[01m[K/home/kirill/VNIIA/Projects/black_plat/src/LIO-SAM/include/lio_sam/utility.hpp:317:46:[m[K [01;31m[Kerror: [m[K‘[01m[KpublishOdomToBaseTF[m[K’ was not declared in this scope; did you mean ‘[01m[KpublishOdomToLidarTF[m[K’?
  317 |         get_parameter("publishOdomToBaseTF", [01;31m[KpublishOdomToBaseTF[m[K);
      |                                              [01;31m[K^~~~~~~~~~~~~~~~~~~[m[K
      |                                              [32m[KpublishOdomToLidarTF[m[K
In file included from [01m[K/home/kirill/VNIIA/Projects/black_plat/src/LIO-SAM/src/featureExtraction.cpp:1[m[K:
[01m[K/home/kirill/VNIIA/Projects/black_plat/src/LIO-SAM/include/lio_sam/utility.hpp:[m[K In constructor ‘[01m[KParamServer::ParamServer(std::string, const rclcpp::NodeOptions&)[m[K’:
[01m[K/home/kirill/VNIIA/Projects/black_plat/src/LIO-SAM/include/lio_sam/utility.hpp:317:46:[m[K [01;31m[Kerror: [m[K‘[01m[KpublishOdomToBaseTF[m[K’ was not declared in this scope; did you mean ‘[01m[KpublishOdomToLidarTF[m[K’?
  317 |         get_parameter("publishOdomToBaseTF", [01;31m[KpublishOdomToBaseTF[m[K);
      |                                              [01;31m[K^~~~~~~~~~~~~~~~~~~[m[K
      |                                              [32m[KpublishOdomToLidarTF[m[K
[01m[K/home/kirill/VNIIA/Projects/black_plat/src/LIO-SAM/src/imuPreintegration.cpp:[m[K In member function ‘[01m[Kvoid TransformFusion::imuOdometryHandler(nav_msgs::msg::Odometry_<std::allocator<void> >::SharedPtr)[m[K’:
[01m[K/home/kirill/VNIIA/Projects/black_plat/src/LIO-SAM/src/imuPreintegration.cpp:143:21:[m[K [01;31m[Kerror: [m[K‘[01m[KpublishOdomToBaseTF[m[K’ was not declared in this scope; did you mean ‘[01m[KpublishOdomToLidarTF[m[K’?
  143 |                 if ([01;31m[KpublishOdomToBaseTF[m[K)
      |                     [01;31m[K^~~~~~~~~~~~~~~~~~~[m[K
      |                     [32m[KpublishOdomToLidarTF[m[K
gmake[2]: *** [CMakeFiles/lio_sam_featureExtraction.dir/build.make:76: CMakeFiles/lio_sam_featureExtraction.dir/src/featureExtraction.cpp.o] Error 1
gmake[1]: *** [CMakeFiles/Makefile2:599: CMakeFiles/lio_sam_featureExtraction.dir/all] Error 2
gmake[1]: *** Waiting for unfinished jobs....
gmake[2]: *** [CMakeFiles/lio_sam_imageProjection.dir/build.make:76: CMakeFiles/lio_sam_imageProjection.dir/src/imageProjection.cpp.o] Error 1
gmake[1]: *** [CMakeFiles/Makefile2:626: CMakeFiles/lio_sam_imageProjection.dir/all] Error 2
gmake[2]: *** [CMakeFiles/lio_sam_imuPreintegration.dir/build.make:76: CMakeFiles/lio_sam_imuPreintegration.dir/src/imuPreintegration.cpp.o] Error 1
gmake[1]: *** [CMakeFiles/Makefile2:653: CMakeFiles/lio_sam_imuPreintegration.dir/all] Error 2
gmake[2]: *** [CMakeFiles/lio_sam_mapOptimization.dir/build.make:76: CMakeFiles/lio_sam_mapOptimization.dir/src/mapOptmization.cpp.o] Error 1
gmake[1]: *** [CMakeFiles/Makefile2:680: CMakeFiles/lio_sam_mapOptimization.dir/all] Error 2
gmake: *** [Makefile:146: all] Error 2
