[0.027s] Invoking command in '/home/kirill/VNIIA/Projects/black_plat/build/lio_sam': CMAKE_PREFIX_PATH=${CMAKE_PREFIX_PATH}:/home/kirill/VNIIA/Projects/black_plat/install/t21_teleop:/opt/ros/humble /usr/bin/cmake --build /home/kirill/VNIIA/Projects/black_plat/build/lio_sam -- -j8 -l8
[0.097s] [  2%] Built target lio_sam__cpp
[0.098s] [ 10%] Built target lio_sam__rosidl_generator_c
[0.126s] [ 10%] Built target ament_cmake_python_copy_lio_sam
[0.126s] [ 19%] Built target lio_sam__rosidl_typesupport_cpp
[0.132s] [ 27%] Built target lio_sam__rosidl_typesupport_fastrtps_cpp
[0.141s] [ 36%] Built target lio_sam__rosidl_typesupport_c
[0.142s] [ 53%] Built target lio_sam__rosidl_typesupport_introspection_cpp
[0.142s] [ 53%] Built target lio_sam__rosidl_typesupport_introspection_c
[0.147s] [ 61%] Built target lio_sam__rosidl_typesupport_fastrtps_c
[0.152s] [35m[1mConsolidate compiler generated dependencies of target lio_sam_featureExtraction[0m
[0.154s] [35m[1mConsolidate compiler generated dependencies of target lio_sam_imageProjection[0m
[0.163s] [35m[1mConsolidate compiler generated dependencies of target lio_sam_imuPreintegration[0m
[0.166s] [35m[1mConsolidate compiler generated dependencies of target lio_sam_mapOptimization[0m
[0.174s] [ 61%] Built target lio_sam
[0.192s] [ 63%] [32mBuilding CXX object CMakeFiles/lio_sam_imageProjection.dir/src/imageProjection.cpp.o[0m
[0.192s] [ 65%] [32mBuilding CXX object CMakeFiles/lio_sam_featureExtraction.dir/src/featureExtraction.cpp.o[0m
[0.207s] [ 68%] Built target lio_sam__py
[0.208s] [ 70%] [32mBuilding CXX object CMakeFiles/lio_sam_mapOptimization.dir/src/mapOptmization.cpp.o[0m
[0.213s] [ 72%] [32mBuilding CXX object CMakeFiles/lio_sam_imuPreintegration.dir/src/imuPreintegration.cpp.o[0m
[0.228s] [ 78%] Built target lio_sam__rosidl_generator_py
[0.264s] [ 82%] Built target lio_sam__rosidl_typesupport_fastrtps_c__pyext
[0.265s] [ 87%] Built target lio_sam__rosidl_typesupport_c__pyext
[0.265s] [ 91%] Built target lio_sam__rosidl_typesupport_introspection_c__pyext
[0.454s] running egg_info
[0.462s] writing lio_sam.egg-info/PKG-INFO
[0.462s] writing dependency_links to lio_sam.egg-info/dependency_links.txt
[0.462s] writing top-level names to lio_sam.egg-info/top_level.txt
[0.463s] reading manifest file 'lio_sam.egg-info/SOURCES.txt'
[0.463s] writing manifest file 'lio_sam.egg-info/SOURCES.txt'
[0.496s] [ 91%] Built target ament_cmake_python_build_lio_sam_egg
[7.009s] In file included from [01m[K/home/kirill/VNIIA/Projects/black_plat/src/LIO-SAM/src/imuPreintegration.cpp:1[m[K:
[7.009s] [01m[K/home/kirill/VNIIA/Projects/black_plat/src/LIO-SAM/include/lio_sam/utility.hpp:[m[K In constructor ‘[01m[KParamServer::ParamServer(std::string, const rclcpp::NodeOptions&)[m[K’:
[7.009s] [01m[K/home/kirill/VNIIA/Projects/black_plat/src/LIO-SAM/include/lio_sam/utility.hpp:317:46:[m[K [01;31m[Kerror: [m[K‘[01m[KpublishOdomToBaseTF[m[K’ was not declared in this scope; did you mean ‘[01m[KpublishOdomToLidarTF[m[K’?
[7.010s]   317 |         get_parameter("publishOdomToBaseTF", [01;31m[KpublishOdomToBaseTF[m[K);
[7.010s]       |                                              [01;31m[K^~~~~~~~~~~~~~~~~~~[m[K
[7.010s]       |                                              [32m[KpublishOdomToLidarTF[m[K
[7.025s] In file included from [01m[K/home/kirill/VNIIA/Projects/black_plat/src/LIO-SAM/src/imageProjection.cpp:1[m[K:
[7.025s] [01m[K/home/kirill/VNIIA/Projects/black_plat/src/LIO-SAM/include/lio_sam/utility.hpp:[m[K In constructor ‘[01m[KParamServer::ParamServer(std::string, const rclcpp::NodeOptions&)[m[K’:
[7.025s] [01m[K/home/kirill/VNIIA/Projects/black_plat/src/LIO-SAM/include/lio_sam/utility.hpp:317:46:[m[K [01;31m[Kerror: [m[K‘[01m[KpublishOdomToBaseTF[m[K’ was not declared in this scope; did you mean ‘[01m[KpublishOdomToLidarTF[m[K’?
[7.025s]   317 |         get_parameter("publishOdomToBaseTF", [01;31m[KpublishOdomToBaseTF[m[K);
[7.025s]       |                                              [01;31m[K^~~~~~~~~~~~~~~~~~~[m[K
[7.026s]       |                                              [32m[KpublishOdomToLidarTF[m[K
[7.052s] In file included from [01m[K/home/kirill/VNIIA/Projects/black_plat/src/LIO-SAM/src/mapOptmization.cpp:1[m[K:
[7.052s] [01m[K/home/kirill/VNIIA/Projects/black_plat/src/LIO-SAM/include/lio_sam/utility.hpp:[m[K In constructor ‘[01m[KParamServer::ParamServer(std::string, const rclcpp::NodeOptions&)[m[K’:
[7.052s] [01m[K/home/kirill/VNIIA/Projects/black_plat/src/LIO-SAM/include/lio_sam/utility.hpp:317:46:[m[K [01;31m[Kerror: [m[K‘[01m[KpublishOdomToBaseTF[m[K’ was not declared in this scope; did you mean ‘[01m[KpublishOdomToLidarTF[m[K’?
[7.052s]   317 |         get_parameter("publishOdomToBaseTF", [01;31m[KpublishOdomToBaseTF[m[K);
[7.052s]       |                                              [01;31m[K^~~~~~~~~~~~~~~~~~~[m[K
[7.052s]       |                                              [32m[KpublishOdomToLidarTF[m[K
[7.083s] In file included from [01m[K/home/kirill/VNIIA/Projects/black_plat/src/LIO-SAM/src/featureExtraction.cpp:1[m[K:
[7.083s] [01m[K/home/kirill/VNIIA/Projects/black_plat/src/LIO-SAM/include/lio_sam/utility.hpp:[m[K In constructor ‘[01m[KParamServer::ParamServer(std::string, const rclcpp::NodeOptions&)[m[K’:
[7.083s] [01m[K/home/kirill/VNIIA/Projects/black_plat/src/LIO-SAM/include/lio_sam/utility.hpp:317:46:[m[K [01;31m[Kerror: [m[K‘[01m[KpublishOdomToBaseTF[m[K’ was not declared in this scope; did you mean ‘[01m[KpublishOdomToLidarTF[m[K’?
[7.083s]   317 |         get_parameter("publishOdomToBaseTF", [01;31m[KpublishOdomToBaseTF[m[K);
[7.083s]       |                                              [01;31m[K^~~~~~~~~~~~~~~~~~~[m[K
[7.083s]       |                                              [32m[KpublishOdomToLidarTF[m[K
[10.795s] [01m[K/home/kirill/VNIIA/Projects/black_plat/src/LIO-SAM/src/imuPreintegration.cpp:[m[K In member function ‘[01m[Kvoid TransformFusion::imuOdometryHandler(nav_msgs::msg::Odometry_<std::allocator<void> >::SharedPtr)[m[K’:
[10.796s] [01m[K/home/kirill/VNIIA/Projects/black_plat/src/LIO-SAM/src/imuPreintegration.cpp:143:21:[m[K [01;31m[Kerror: [m[K‘[01m[KpublishOdomToBaseTF[m[K’ was not declared in this scope; did you mean ‘[01m[KpublishOdomToLidarTF[m[K’?
[10.796s]   143 |                 if ([01;31m[KpublishOdomToBaseTF[m[K)
[10.796s]       |                     [01;31m[K^~~~~~~~~~~~~~~~~~~[m[K
[10.796s]       |                     [32m[KpublishOdomToLidarTF[m[K
[16.066s] gmake[2]: *** [CMakeFiles/lio_sam_featureExtraction.dir/build.make:76: CMakeFiles/lio_sam_featureExtraction.dir/src/featureExtraction.cpp.o] Error 1
[16.067s] gmake[1]: *** [CMakeFiles/Makefile2:599: CMakeFiles/lio_sam_featureExtraction.dir/all] Error 2
[16.067s] gmake[1]: *** Waiting for unfinished jobs....
[16.995s] gmake[2]: *** [CMakeFiles/lio_sam_imageProjection.dir/build.make:76: CMakeFiles/lio_sam_imageProjection.dir/src/imageProjection.cpp.o] Error 1
[16.995s] gmake[1]: *** [CMakeFiles/Makefile2:626: CMakeFiles/lio_sam_imageProjection.dir/all] Error 2
[24.767s] gmake[2]: *** [CMakeFiles/lio_sam_imuPreintegration.dir/build.make:76: CMakeFiles/lio_sam_imuPreintegration.dir/src/imuPreintegration.cpp.o] Error 1
[24.767s] gmake[1]: *** [CMakeFiles/Makefile2:653: CMakeFiles/lio_sam_imuPreintegration.dir/all] Error 2
[34.623s] gmake[2]: *** [CMakeFiles/lio_sam_mapOptimization.dir/build.make:76: CMakeFiles/lio_sam_mapOptimization.dir/src/mapOptmization.cpp.o] Error 1
[34.624s] gmake[1]: *** [CMakeFiles/Makefile2:680: CMakeFiles/lio_sam_mapOptimization.dir/all] Error 2
[34.624s] gmake: *** [Makefile:146: all] Error 2
[34.626s] Invoked command in '/home/kirill/VNIIA/Projects/black_plat/build/lio_sam' returned '2': CMAKE_PREFIX_PATH=${CMAKE_PREFIX_PATH}:/home/kirill/VNIIA/Projects/black_plat/install/t21_teleop:/opt/ros/humble /usr/bin/cmake --build /home/kirill/VNIIA/Projects/black_plat/build/lio_sam -- -j8 -l8
