[0.982s] Invoking command in '/home/kirill/VNIIA/Projects/black_plat/src/t21_teleop': PYTHONPATH=/home/kirill/VNIIA/Projects/black_plat/build/t21_teleop/prefix_override:/usr/lib/python3/dist-packages/colcon_core/task/python/colcon_distutils_commands:/home/kirill/VNIIA/Projects/black_plat/install/t21_teleop/lib/python3.10/site-packages:${PYTHONPATH} /usr/bin/python3 -W ignore:setup.py install is deprecated -W ignore:easy_install command is deprecated setup.py egg_info --egg-base ../../build/t21_teleop build --build-base /home/kirill/VNIIA/Projects/black_plat/build/t21_teleop/build install --record /home/kirill/VNIIA/Projects/black_plat/build/t21_teleop/install.log --single-version-externally-managed install_data
[1.524s] running egg_info
[1.524s] creating ../../build/t21_teleop/t21_teleop.egg-info
[1.525s] writing ../../build/t21_teleop/t21_teleop.egg-info/PKG-INFO
[1.525s] writing dependency_links to ../../build/t21_teleop/t21_teleop.egg-info/dependency_links.txt
[1.525s] writing entry points to ../../build/t21_teleop/t21_teleop.egg-info/entry_points.txt
[1.525s] writing requirements to ../../build/t21_teleop/t21_teleop.egg-info/requires.txt
[1.525s] writing top-level names to ../../build/t21_teleop/t21_teleop.egg-info/top_level.txt
[1.525s] writing manifest file '../../build/t21_teleop/t21_teleop.egg-info/SOURCES.txt'
[1.525s] reading manifest file '../../build/t21_teleop/t21_teleop.egg-info/SOURCES.txt'
[1.525s] writing manifest file '../../build/t21_teleop/t21_teleop.egg-info/SOURCES.txt'
[1.525s] running build
[1.525s] running build_py
[1.525s] creating /home/kirill/VNIIA/Projects/black_plat/build/t21_teleop/build
[1.525s] creating /home/kirill/VNIIA/Projects/black_plat/build/t21_teleop/build/lib
[1.526s] creating /home/kirill/VNIIA/Projects/black_plat/build/t21_teleop/build/lib/t21_teleop
[1.526s] copying t21_teleop/drive_test.py -> /home/kirill/VNIIA/Projects/black_plat/build/t21_teleop/build/lib/t21_teleop
[1.526s] copying t21_teleop/joy_platform_teleop.py -> /home/kirill/VNIIA/Projects/black_plat/build/t21_teleop/build/lib/t21_teleop
[1.527s] copying t21_teleop/joy_flipper_teleop.py -> /home/kirill/VNIIA/Projects/black_plat/build/t21_teleop/build/lib/t21_teleop
[1.527s] copying t21_teleop/__init__.py -> /home/kirill/VNIIA/Projects/black_plat/build/t21_teleop/build/lib/t21_teleop
[1.527s] copying t21_teleop/flipper_teleop.py -> /home/kirill/VNIIA/Projects/black_plat/build/t21_teleop/build/lib/t21_teleop
[1.527s] copying t21_teleop/joy_full_teleop.py -> /home/kirill/VNIIA/Projects/black_plat/build/t21_teleop/build/lib/t21_teleop
[1.527s] running install
[1.527s] running install_lib
[1.527s] creating /home/kirill/VNIIA/Projects/black_plat/install/t21_teleop/lib/python3.10/site-packages/t21_teleop
[1.527s] copying /home/kirill/VNIIA/Projects/black_plat/build/t21_teleop/build/lib/t21_teleop/drive_test.py -> /home/kirill/VNIIA/Projects/black_plat/install/t21_teleop/lib/python3.10/site-packages/t21_teleop
[1.527s] copying /home/kirill/VNIIA/Projects/black_plat/build/t21_teleop/build/lib/t21_teleop/joy_platform_teleop.py -> /home/kirill/VNIIA/Projects/black_plat/install/t21_teleop/lib/python3.10/site-packages/t21_teleop
[1.527s] copying /home/kirill/VNIIA/Projects/black_plat/build/t21_teleop/build/lib/t21_teleop/joy_flipper_teleop.py -> /home/kirill/VNIIA/Projects/black_plat/install/t21_teleop/lib/python3.10/site-packages/t21_teleop
[1.527s] copying /home/kirill/VNIIA/Projects/black_plat/build/t21_teleop/build/lib/t21_teleop/__init__.py -> /home/kirill/VNIIA/Projects/black_plat/install/t21_teleop/lib/python3.10/site-packages/t21_teleop
[1.527s] copying /home/kirill/VNIIA/Projects/black_plat/build/t21_teleop/build/lib/t21_teleop/flipper_teleop.py -> /home/kirill/VNIIA/Projects/black_plat/install/t21_teleop/lib/python3.10/site-packages/t21_teleop
[1.527s] copying /home/kirill/VNIIA/Projects/black_plat/build/t21_teleop/build/lib/t21_teleop/joy_full_teleop.py -> /home/kirill/VNIIA/Projects/black_plat/install/t21_teleop/lib/python3.10/site-packages/t21_teleop
[1.527s] byte-compiling /home/kirill/VNIIA/Projects/black_plat/install/t21_teleop/lib/python3.10/site-packages/t21_teleop/drive_test.py to drive_test.cpython-310.pyc
[1.528s] byte-compiling /home/kirill/VNIIA/Projects/black_plat/install/t21_teleop/lib/python3.10/site-packages/t21_teleop/joy_platform_teleop.py to joy_platform_teleop.cpython-310.pyc
[1.528s] byte-compiling /home/kirill/VNIIA/Projects/black_plat/install/t21_teleop/lib/python3.10/site-packages/t21_teleop/joy_flipper_teleop.py to joy_flipper_teleop.cpython-310.pyc
[1.528s] byte-compiling /home/kirill/VNIIA/Projects/black_plat/install/t21_teleop/lib/python3.10/site-packages/t21_teleop/__init__.py to __init__.cpython-310.pyc
[1.528s] byte-compiling /home/kirill/VNIIA/Projects/black_plat/install/t21_teleop/lib/python3.10/site-packages/t21_teleop/flipper_teleop.py to flipper_teleop.cpython-310.pyc
[1.528s] byte-compiling /home/kirill/VNIIA/Projects/black_plat/install/t21_teleop/lib/python3.10/site-packages/t21_teleop/joy_full_teleop.py to joy_full_teleop.cpython-310.pyc
[1.528s] running install_data
[1.528s] creating /home/kirill/VNIIA/Projects/black_plat/install/t21_teleop/share/ament_index
[1.528s] creating /home/kirill/VNIIA/Projects/black_plat/install/t21_teleop/share/ament_index/resource_index
[1.528s] creating /home/kirill/VNIIA/Projects/black_plat/install/t21_teleop/share/ament_index/resource_index/packages
[1.528s] copying resource/t21_teleop -> /home/kirill/VNIIA/Projects/black_plat/install/t21_teleop/share/ament_index/resource_index/packages
[1.528s] copying package.xml -> /home/kirill/VNIIA/Projects/black_plat/install/t21_teleop/share/t21_teleop
[1.528s] creating /home/kirill/VNIIA/Projects/black_plat/install/t21_teleop/share/t21_teleop/launch
[1.528s] copying launch/joy_flipper_teleop.launch.py -> /home/kirill/VNIIA/Projects/black_plat/install/t21_teleop/share/t21_teleop/launch
[1.528s] copying launch/joy_full_teleop.launch.py -> /home/kirill/VNIIA/Projects/black_plat/install/t21_teleop/share/t21_teleop/launch
[1.528s] copying launch/joy_platform_teleop.launch.py -> /home/kirill/VNIIA/Projects/black_plat/install/t21_teleop/share/t21_teleop/launch
[1.528s] running install_egg_info
[1.528s] Copying ../../build/t21_teleop/t21_teleop.egg-info to /home/kirill/VNIIA/Projects/black_plat/install/t21_teleop/lib/python3.10/site-packages/t21_teleop-0.0.0-py3.10.egg-info
[1.528s] running install_scripts
[1.528s] Installing drive_test script to /home/kirill/VNIIA/Projects/black_plat/install/t21_teleop/lib/t21_teleop
[1.528s] Installing flipper_teleop script to /home/kirill/VNIIA/Projects/black_plat/install/t21_teleop/lib/t21_teleop
[1.528s] Installing joy_flipper_teleop script to /home/kirill/VNIIA/Projects/black_plat/install/t21_teleop/lib/t21_teleop
[1.528s] Installing joy_full_teleop script to /home/kirill/VNIIA/Projects/black_plat/install/t21_teleop/lib/t21_teleop
[1.529s] Installing joy_platform_teleop script to /home/kirill/VNIIA/Projects/black_plat/install/t21_teleop/lib/t21_teleop
[1.529s] writing list of installed files to '/home/kirill/VNIIA/Projects/black_plat/build/t21_teleop/install.log'
[1.530s] Invoked command in '/home/kirill/VNIIA/Projects/black_plat/src/t21_teleop' returned '0': PYTHONPATH=/home/kirill/VNIIA/Projects/black_plat/build/t21_teleop/prefix_override:/usr/lib/python3/dist-packages/colcon_core/task/python/colcon_distutils_commands:/home/kirill/VNIIA/Projects/black_plat/install/t21_teleop/lib/python3.10/site-packages:${PYTHONPATH} /usr/bin/python3 -W ignore:setup.py install is deprecated -W ignore:easy_install command is deprecated setup.py egg_info --egg-base ../../build/t21_teleop build --build-base /home/kirill/VNIIA/Projects/black_plat/build/t21_teleop/build install --record /home/kirill/VNIIA/Projects/black_plat/build/t21_teleop/install.log --single-version-externally-managed install_data
