[0.022s] Invoking command in '/home/kirill/VNIIA/Projects/black_plat/build/velodyne_description': CMAKE_PREFIX_PATH=${CMAKE_PREFIX_PATH}:/home/kirill/VNIIA/Projects/black_plat/install/t21_teleop:/opt/ros/humble /usr/bin/cmake /home/kirill/VNIIA/Projects/black_plat/src/velodyne_simulator/velodyne_description -DCMAKE_INSTALL_PREFIX=/home/kirill/VNIIA/Projects/black_plat/install/velodyne_description
[0.118s] -- The C compiler identification is GNU 11.4.0
[0.219s] -- The CXX compiler identification is GNU 11.4.0
[0.229s] -- Detecting C compiler ABI info
[0.311s] -- Detecting C compiler ABI info - done
[0.326s] -- Check for working C compiler: /usr/bin/cc - skipped
[0.326s] -- Detecting C compile features
[0.326s] -- Detecting C compile features - done
[0.331s] -- Detecting CXX compiler ABI info
[0.422s] -- Detecting CXX compiler ABI info - done
[0.434s] -- Check for working CXX compiler: /usr/bin/c++ - skipped
[0.434s] -- Detecting CXX compile features
[0.435s] -- Detecting CXX compile features - done
[0.437s] -- Found ament_cmake: 1.3.12 (/opt/ros/humble/share/ament_cmake/cmake)
[0.629s] -- Found Python3: /usr/bin/python3 (found version "3.10.12") found components: Interpreter 
[0.842s] -- Configuring done
[0.845s] -- Generating done
[0.847s] -- Build files have been written to: /home/kirill/VNIIA/Projects/black_plat/build/velodyne_description
[0.856s] Invoked command in '/home/kirill/VNIIA/Projects/black_plat/build/velodyne_description' returned '0': CMAKE_PREFIX_PATH=${CMAKE_PREFIX_PATH}:/home/kirill/VNIIA/Projects/black_plat/install/t21_teleop:/opt/ros/humble /usr/bin/cmake /home/kirill/VNIIA/Projects/black_plat/src/velodyne_simulator/velodyne_description -DCMAKE_INSTALL_PREFIX=/home/kirill/VNIIA/Projects/black_plat/install/velodyne_description
[0.860s] Invoking command in '/home/kirill/VNIIA/Projects/black_plat/build/velodyne_description': CMAKE_PREFIX_PATH=${CMAKE_PREFIX_PATH}:/home/kirill/VNIIA/Projects/black_plat/install/t21_teleop:/opt/ros/humble /usr/bin/cmake --build /home/kirill/VNIIA/Projects/black_plat/build/velodyne_description -- -j8 -l8
[0.905s] Invoked command in '/home/kirill/VNIIA/Projects/black_plat/build/velodyne_description' returned '0': CMAKE_PREFIX_PATH=${CMAKE_PREFIX_PATH}:/home/kirill/VNIIA/Projects/black_plat/install/t21_teleop:/opt/ros/humble /usr/bin/cmake --build /home/kirill/VNIIA/Projects/black_plat/build/velodyne_description -- -j8 -l8
[0.910s] Invoking command in '/home/kirill/VNIIA/Projects/black_plat/build/velodyne_description': CMAKE_PREFIX_PATH=${CMAKE_PREFIX_PATH}:/home/kirill/VNIIA/Projects/black_plat/install/t21_teleop:/opt/ros/humble /usr/bin/cmake --install /home/kirill/VNIIA/Projects/black_plat/build/velodyne_description
[0.922s] -- Install configuration: ""
[0.923s] -- Installing: /home/kirill/VNIIA/Projects/black_plat/install/velodyne_description/share/velodyne_description/launch
[0.923s] -- Installing: /home/kirill/VNIIA/Projects/black_plat/install/velodyne_description/share/velodyne_description/launch/example.launch.py
[0.923s] -- Installing: /home/kirill/VNIIA/Projects/black_plat/install/velodyne_description/share/velodyne_description/meshes
[0.923s] -- Installing: /home/kirill/VNIIA/Projects/black_plat/install/velodyne_description/share/velodyne_description/meshes/VLP16_scan.stl
[0.923s] -- Installing: /home/kirill/VNIIA/Projects/black_plat/install/velodyne_description/share/velodyne_description/meshes/HDL32E_scan.stl
[0.923s] -- Installing: /home/kirill/VNIIA/Projects/black_plat/install/velodyne_description/share/velodyne_description/meshes/VLP16_base_1.stl
[0.923s] -- Installing: /home/kirill/VNIIA/Projects/black_plat/install/velodyne_description/share/velodyne_description/meshes/HDL32E_base.stl
[0.923s] -- Installing: /home/kirill/VNIIA/Projects/black_plat/install/velodyne_description/share/velodyne_description/meshes/VLP16_base_1.dae
[0.923s] -- Installing: /home/kirill/VNIIA/Projects/black_plat/install/velodyne_description/share/velodyne_description/meshes/VLP16_base_2.dae
[0.924s] -- Installing: /home/kirill/VNIIA/Projects/black_plat/install/velodyne_description/share/velodyne_description/meshes/VLP16_base_2.stl
[0.924s] -- Installing: /home/kirill/VNIIA/Projects/black_plat/install/velodyne_description/share/velodyne_description/meshes/HDL32E_base.dae
[0.924s] -- Installing: /home/kirill/VNIIA/Projects/black_plat/install/velodyne_description/share/velodyne_description/meshes/HDL32E_scan.dae
[0.925s] -- Installing: /home/kirill/VNIIA/Projects/black_plat/install/velodyne_description/share/velodyne_description/meshes/VLP16_scan.dae
[0.928s] -- Installing: /home/kirill/VNIIA/Projects/black_plat/install/velodyne_description/share/velodyne_description/rviz
[0.929s] -- Installing: /home/kirill/VNIIA/Projects/black_plat/install/velodyne_description/share/velodyne_description/rviz/example.rviz
[0.929s] -- Installing: /home/kirill/VNIIA/Projects/black_plat/install/velodyne_description/share/velodyne_description/urdf
[0.929s] -- Installing: /home/kirill/VNIIA/Projects/black_plat/install/velodyne_description/share/velodyne_description/urdf/example.urdf.xacro
[0.929s] -- Installing: /home/kirill/VNIIA/Projects/black_plat/install/velodyne_description/share/velodyne_description/urdf/HDL-32E.urdf.xacro
[0.929s] -- Installing: /home/kirill/VNIIA/Projects/black_plat/install/velodyne_description/share/velodyne_description/urdf/VLP-16.urdf.xacro
[0.932s] -- Installing: /home/kirill/VNIIA/Projects/black_plat/install/velodyne_description/share/velodyne_description/world
[0.933s] -- Installing: /home/kirill/VNIIA/Projects/black_plat/install/velodyne_description/share/velodyne_description/world/example.world
[0.934s] -- Installing: /home/kirill/VNIIA/Projects/black_plat/install/velodyne_description/share/velodyne_description/environment/velodyne_description.dsv
[0.935s] -- Installing: /home/kirill/VNIIA/Projects/black_plat/install/velodyne_description/share/ament_index/resource_index/package_run_dependencies/velodyne_description
[0.935s] -- Installing: /home/kirill/VNIIA/Projects/black_plat/install/velodyne_description/share/ament_index/resource_index/parent_prefix_path/velodyne_description
[0.935s] -- Installing: /home/kirill/VNIIA/Projects/black_plat/install/velodyne_description/share/velodyne_description/environment/ament_prefix_path.sh
[0.935s] -- Installing: /home/kirill/VNIIA/Projects/black_plat/install/velodyne_description/share/velodyne_description/environment/ament_prefix_path.dsv
[0.935s] -- Installing: /home/kirill/VNIIA/Projects/black_plat/install/velodyne_description/share/velodyne_description/environment/path.sh
[0.935s] -- Installing: /home/kirill/VNIIA/Projects/black_plat/install/velodyne_description/share/velodyne_description/environment/path.dsv
[0.935s] -- Installing: /home/kirill/VNIIA/Projects/black_plat/install/velodyne_description/share/velodyne_description/local_setup.bash
[0.935s] -- Installing: /home/kirill/VNIIA/Projects/black_plat/install/velodyne_description/share/velodyne_description/local_setup.sh
[0.935s] -- Installing: /home/kirill/VNIIA/Projects/black_plat/install/velodyne_description/share/velodyne_description/local_setup.zsh
[0.936s] -- Installing: /home/kirill/VNIIA/Projects/black_plat/install/velodyne_description/share/velodyne_description/local_setup.dsv
[0.936s] -- Installing: /home/kirill/VNIIA/Projects/black_plat/install/velodyne_description/share/velodyne_description/package.dsv
[0.936s] -- Installing: /home/kirill/VNIIA/Projects/black_plat/install/velodyne_description/share/ament_index/resource_index/packages/velodyne_description
[0.936s] -- Installing: /home/kirill/VNIIA/Projects/black_plat/install/velodyne_description/share/velodyne_description/cmake/velodyne_descriptionConfig.cmake
[0.936s] -- Installing: /home/kirill/VNIIA/Projects/black_plat/install/velodyne_description/share/velodyne_description/cmake/velodyne_descriptionConfig-version.cmake
[0.936s] -- Installing: /home/kirill/VNIIA/Projects/black_plat/install/velodyne_description/share/velodyne_description/package.xml
[0.955s] Invoked command in '/home/kirill/VNIIA/Projects/black_plat/build/velodyne_description' returned '0': CMAKE_PREFIX_PATH=${CMAKE_PREFIX_PATH}:/home/kirill/VNIIA/Projects/black_plat/install/t21_teleop:/opt/ros/humble /usr/bin/cmake --install /home/kirill/VNIIA/Projects/black_plat/build/velodyne_description
