[0.007s] Invoking command in '/home/kirill/VNIIA/Projects/black_plat/build/t21_sim': CMAKE_PREFIX_PATH=/home/kirill/VNIIA/Projects/black_plat/install/tracked_description:/home/kirill/VNIIA/Projects/black_plat/install/odometry_fus:/home/kirill/VNIIA/Projects/black_plat/install/bluespace_ai_xsens_mti_driver:/home/kirill/VNIIA/Projects/black_plat/install/velodyne_simulator:/home/kirill/VNIIA/Projects/black_plat/install/velodyne_gazebo_plugins:/home/kirill/VNIIA/Projects/black_plat/install/velodyne_description:/home/kirill/VNIIA/Projects/black_plat/install/t21_sim:/home/kirill/VNIIA/Projects/black_plat/install/t21_tracked:/home/kirill/VNIIA/Projects/black_plat/install/t21_rtabmap:/home/kirill/VNIIA/Projects/black_plat/install/t21_navigation:/home/kirill/VNIIA/Projects/black_plat/install/t21_lidar:/home/kirill/VNIIA/Projects/black_plat/install/lio_sam:/home/kirill/VNIIA/Projects/black_plat/install/t21_teleop:/opt/ros/humble /usr/bin/cmake --build /home/kirill/VNIIA/Projects/black_plat/build/t21_sim -- -j8 -l8
[0.036s] Invoked command in '/home/kirill/VNIIA/Projects/black_plat/build/t21_sim' returned '0': CMAKE_PREFIX_PATH=/home/kirill/VNIIA/Projects/black_plat/install/tracked_description:/home/kirill/VNIIA/Projects/black_plat/install/odometry_fus:/home/kirill/VNIIA/Projects/black_plat/install/bluespace_ai_xsens_mti_driver:/home/kirill/VNIIA/Projects/black_plat/install/velodyne_simulator:/home/kirill/VNIIA/Projects/black_plat/install/velodyne_gazebo_plugins:/home/kirill/VNIIA/Projects/black_plat/install/velodyne_description:/home/kirill/VNIIA/Projects/black_plat/install/t21_sim:/home/kirill/VNIIA/Projects/black_plat/install/t21_tracked:/home/kirill/VNIIA/Projects/black_plat/install/t21_rtabmap:/home/kirill/VNIIA/Projects/black_plat/install/t21_navigation:/home/kirill/VNIIA/Projects/black_plat/install/t21_lidar:/home/kirill/VNIIA/Projects/black_plat/install/lio_sam:/home/kirill/VNIIA/Projects/black_plat/install/t21_teleop:/opt/ros/humble /usr/bin/cmake --build /home/kirill/VNIIA/Projects/black_plat/build/t21_sim -- -j8 -l8
[0.037s] Invoking command in '/home/kirill/VNIIA/Projects/black_plat/build/t21_sim': CMAKE_PREFIX_PATH=/home/kirill/VNIIA/Projects/black_plat/install/tracked_description:/home/kirill/VNIIA/Projects/black_plat/install/odometry_fus:/home/kirill/VNIIA/Projects/black_plat/install/bluespace_ai_xsens_mti_driver:/home/kirill/VNIIA/Projects/black_plat/install/velodyne_simulator:/home/kirill/VNIIA/Projects/black_plat/install/velodyne_gazebo_plugins:/home/kirill/VNIIA/Projects/black_plat/install/velodyne_description:/home/kirill/VNIIA/Projects/black_plat/install/t21_sim:/home/kirill/VNIIA/Projects/black_plat/install/t21_tracked:/home/kirill/VNIIA/Projects/black_plat/install/t21_rtabmap:/home/kirill/VNIIA/Projects/black_plat/install/t21_navigation:/home/kirill/VNIIA/Projects/black_plat/install/t21_lidar:/home/kirill/VNIIA/Projects/black_plat/install/lio_sam:/home/kirill/VNIIA/Projects/black_plat/install/t21_teleop:/opt/ros/humble /usr/bin/cmake --install /home/kirill/VNIIA/Projects/black_plat/build/t21_sim
[0.043s] -- Install configuration: ""
[0.043s] -- Up-to-date: /home/kirill/VNIIA/Projects/black_plat/install/t21_sim/share/t21_sim/config
[0.043s] -- Up-to-date: /home/kirill/VNIIA/Projects/black_plat/install/t21_sim/share/t21_sim/config/odometry_fus.yaml
[0.043s] -- Up-to-date: /home/kirill/VNIIA/Projects/black_plat/install/t21_sim/share/t21_sim/config/t21.ros2_control.xacro
[0.043s] -- Up-to-date: /home/kirill/VNIIA/Projects/black_plat/install/t21_sim/share/t21_sim/config/gazebo_params.yaml
[0.043s] -- Up-to-date: /home/kirill/VNIIA/Projects/black_plat/install/t21_sim/share/t21_sim/config/ekf.yaml
[0.043s] -- Up-to-date: /home/kirill/VNIIA/Projects/black_plat/install/t21_sim/share/t21_sim/config/my_controllers.yaml
[0.043s] -- Up-to-date: /home/kirill/VNIIA/Projects/black_plat/install/t21_sim/share/t21_sim/config/description.rviz
[0.043s] -- Up-to-date: /home/kirill/VNIIA/Projects/black_plat/install/t21_sim/share/t21_sim/launch
[0.043s] -- Up-to-date: /home/kirill/VNIIA/Projects/black_plat/install/t21_sim/share/t21_sim/launch/rsp.launch.py
[0.043s] -- Up-to-date: /home/kirill/VNIIA/Projects/black_plat/install/t21_sim/share/t21_sim/launch/launch_sim.launch.py
[0.043s] -- Up-to-date: /home/kirill/VNIIA/Projects/black_plat/install/t21_sim/share/t21_sim/meshes
[0.043s] -- Up-to-date: /home/kirill/VNIIA/Projects/black_plat/install/t21_sim/share/t21_sim/meshes/fliper_link.STL
[0.043s] -- Up-to-date: /home/kirill/VNIIA/Projects/black_plat/install/t21_sim/share/t21_sim/meshes/big_box.stl
[0.043s] -- Up-to-date: /home/kirill/VNIIA/Projects/black_plat/install/t21_sim/share/t21_sim/meshes/base_link.STL
[0.043s] -- Up-to-date: /home/kirill/VNIIA/Projects/black_plat/install/t21_sim/share/t21_sim/meshes/left_wheel_link.STL
[0.043s] -- Up-to-date: /home/kirill/VNIIA/Projects/black_plat/install/t21_sim/share/t21_sim/meshes/right_wheel_link.STL
[0.043s] -- Up-to-date: /home/kirill/VNIIA/Projects/black_plat/install/t21_sim/share/t21_sim/urdf
[0.043s] -- Up-to-date: /home/kirill/VNIIA/Projects/black_plat/install/t21_sim/share/t21_sim/urdf/ros2_control.xacro
[0.043s] -- Installing: /home/kirill/VNIIA/Projects/black_plat/install/t21_sim/share/t21_sim/urdf/imu.xacro
[0.044s] -- Up-to-date: /home/kirill/VNIIA/Projects/black_plat/install/t21_sim/share/t21_sim/urdf/depth_camera.xacro
[0.044s] -- Up-to-date: /home/kirill/VNIIA/Projects/black_plat/install/t21_sim/share/t21_sim/urdf/t21_ros2_control.xacro
[0.044s] -- Up-to-date: /home/kirill/VNIIA/Projects/black_plat/install/t21_sim/share/t21_sim/urdf/camera.xacro
[0.044s] -- Up-to-date: /home/kirill/VNIIA/Projects/black_plat/install/t21_sim/share/t21_sim/urdf/t21.urdf.xacro
[0.044s] -- Up-to-date: /home/kirill/VNIIA/Projects/black_plat/install/t21_sim/share/t21_sim/urdf/tracked_robot.urdf.xacro
[0.044s] -- Up-to-date: /home/kirill/VNIIA/Projects/black_plat/install/t21_sim/share/t21_sim/worlds
[0.044s] -- Up-to-date: /home/kirill/VNIIA/Projects/black_plat/install/t21_sim/share/t21_sim/worlds/playground.world
[0.044s] -- Up-to-date: /home/kirill/VNIIA/Projects/black_plat/install/t21_sim/share/t21_sim/worlds/empty.world
[0.044s] -- Up-to-date: /home/kirill/VNIIA/Projects/black_plat/install/t21_sim/share/t21_sim/worlds/cafe.world
[0.044s] -- Up-to-date: /home/kirill/VNIIA/Projects/black_plat/install/t21_sim/share/ament_index/resource_index/package_run_dependencies/t21_sim
[0.044s] -- Up-to-date: /home/kirill/VNIIA/Projects/black_plat/install/t21_sim/share/ament_index/resource_index/parent_prefix_path/t21_sim
[0.044s] -- Up-to-date: /home/kirill/VNIIA/Projects/black_plat/install/t21_sim/share/t21_sim/environment/ament_prefix_path.sh
[0.044s] -- Up-to-date: /home/kirill/VNIIA/Projects/black_plat/install/t21_sim/share/t21_sim/environment/ament_prefix_path.dsv
[0.044s] -- Up-to-date: /home/kirill/VNIIA/Projects/black_plat/install/t21_sim/share/t21_sim/environment/path.sh
[0.044s] -- Up-to-date: /home/kirill/VNIIA/Projects/black_plat/install/t21_sim/share/t21_sim/environment/path.dsv
[0.044s] -- Up-to-date: /home/kirill/VNIIA/Projects/black_plat/install/t21_sim/share/t21_sim/local_setup.bash
[0.044s] -- Up-to-date: /home/kirill/VNIIA/Projects/black_plat/install/t21_sim/share/t21_sim/local_setup.sh
[0.044s] -- Up-to-date: /home/kirill/VNIIA/Projects/black_plat/install/t21_sim/share/t21_sim/local_setup.zsh
[0.044s] -- Up-to-date: /home/kirill/VNIIA/Projects/black_plat/install/t21_sim/share/t21_sim/local_setup.dsv
[0.044s] -- Installing: /home/kirill/VNIIA/Projects/black_plat/install/t21_sim/share/t21_sim/package.dsv
[0.045s] -- Up-to-date: /home/kirill/VNIIA/Projects/black_plat/install/t21_sim/share/ament_index/resource_index/packages/t21_sim
[0.045s] -- Up-to-date: /home/kirill/VNIIA/Projects/black_plat/install/t21_sim/share/t21_sim/cmake/t21_simConfig.cmake
[0.045s] -- Up-to-date: /home/kirill/VNIIA/Projects/black_plat/install/t21_sim/share/t21_sim/cmake/t21_simConfig-version.cmake
[0.045s] -- Up-to-date: /home/kirill/VNIIA/Projects/black_plat/install/t21_sim/share/t21_sim/package.xml
[0.045s] Invoked command in '/home/kirill/VNIIA/Projects/black_plat/build/t21_sim' returned '0': CMAKE_PREFIX_PATH=/home/kirill/VNIIA/Projects/black_plat/install/tracked_description:/home/kirill/VNIIA/Projects/black_plat/install/odometry_fus:/home/kirill/VNIIA/Projects/black_plat/install/bluespace_ai_xsens_mti_driver:/home/kirill/VNIIA/Projects/black_plat/install/velodyne_simulator:/home/kirill/VNIIA/Projects/black_plat/install/velodyne_gazebo_plugins:/home/kirill/VNIIA/Projects/black_plat/install/velodyne_description:/home/kirill/VNIIA/Projects/black_plat/install/t21_sim:/home/kirill/VNIIA/Projects/black_plat/install/t21_tracked:/home/kirill/VNIIA/Projects/black_plat/install/t21_rtabmap:/home/kirill/VNIIA/Projects/black_plat/install/t21_navigation:/home/kirill/VNIIA/Projects/black_plat/install/t21_lidar:/home/kirill/VNIIA/Projects/black_plat/install/lio_sam:/home/kirill/VNIIA/Projects/black_plat/install/t21_teleop:/opt/ros/humble /usr/bin/cmake --install /home/kirill/VNIIA/Projects/black_plat/build/t21_sim
