[0.027s] Invoking command in '/home/kirill/VNIIA/Projects/black_plat/build/lio_sam': CMAKE_PREFIX_PATH=${CMAKE_PREFIX_PATH}:/home/kirill/VNIIA/Projects/black_plat/install/t21_teleop:/opt/ros/humble /usr/bin/cmake --build /home/kirill/VNIIA/Projects/black_plat/build/lio_sam -- -j8 -l8
[0.111s] [  6%] Built target lio_sam__cpp
[0.111s] [ 10%] Built target lio_sam__rosidl_generator_c
[0.111s] [ 10%] Built target ament_cmake_python_copy_lio_sam
[0.131s] [ 19%] Built target lio_sam__rosidl_typesupport_introspection_cpp
[0.131s] [ 27%] Built target lio_sam__rosidl_typesupport_fastrtps_cpp
[0.137s] [ 36%] Built target lio_sam__rosidl_typesupport_cpp
[0.148s] [ 44%] Built target lio_sam__rosidl_typesupport_fastrtps_c
[0.149s] [ 53%] Built target lio_sam__rosidl_typesupport_c
[0.149s] [ 61%] Built target lio_sam__rosidl_typesupport_introspection_c
[0.186s] [ 61%] Built target lio_sam
[0.192s] [ 70%] Built target lio_sam_imageProjection
[0.193s] [ 70%] Built target lio_sam_featureExtraction
[0.208s] [ 74%] Built target lio_sam_mapOptimization
[0.212s] [ 76%] [32mBuilding CXX object CMakeFiles/lio_sam_imuPreintegration.dir/src/imuPreintegration.cpp.o[0m
[0.212s] [ 78%] Built target lio_sam__py
[0.231s] [ 85%] Built target lio_sam__rosidl_generator_py
[0.252s] [ 89%] Built target lio_sam__rosidl_typesupport_c__pyext
[0.253s] [ 93%] Built target lio_sam__rosidl_typesupport_fastrtps_c__pyext
[0.255s] [ 97%] Built target lio_sam__rosidl_typesupport_introspection_c__pyext
[0.397s] running egg_info
[0.397s] writing lio_sam.egg-info/PKG-INFO
[0.397s] writing dependency_links to lio_sam.egg-info/dependency_links.txt
[0.397s] writing top-level names to lio_sam.egg-info/top_level.txt
[0.399s] reading manifest file 'lio_sam.egg-info/SOURCES.txt'
[0.400s] writing manifest file 'lio_sam.egg-info/SOURCES.txt'
[0.421s] [ 97%] Built target ament_cmake_python_build_lio_sam_egg
[28.757s] [100%] [32m[1mLinking CXX executable lio_sam_imuPreintegration[0m
[29.178s] [100%] Built target lio_sam_imuPreintegration
[29.186s] Invoked command in '/home/kirill/VNIIA/Projects/black_plat/build/lio_sam' returned '0': CMAKE_PREFIX_PATH=${CMAKE_PREFIX_PATH}:/home/kirill/VNIIA/Projects/black_plat/install/t21_teleop:/opt/ros/humble /usr/bin/cmake --build /home/kirill/VNIIA/Projects/black_plat/build/lio_sam -- -j8 -l8
[29.187s] Invoking command in '/home/kirill/VNIIA/Projects/black_plat/build/lio_sam': CMAKE_PREFIX_PATH=${CMAKE_PREFIX_PATH}:/home/kirill/VNIIA/Projects/black_plat/install/t21_teleop:/opt/ros/humble /usr/bin/cmake --install /home/kirill/VNIIA/Projects/black_plat/build/lio_sam
[29.193s] -- Install configuration: "Release"
[29.193s] -- Up-to-date: /home/kirill/VNIIA/Projects/black_plat/install/lio_sam/share/ament_index/resource_index/rosidl_interfaces/lio_sam
[29.193s] -- Up-to-date: /home/kirill/VNIIA/Projects/black_plat/install/lio_sam/include/lio_sam/lio_sam
[29.193s] -- Up-to-date: /home/kirill/VNIIA/Projects/black_plat/install/lio_sam/include/lio_sam/lio_sam/msg
[29.193s] -- Up-to-date: /home/kirill/VNIIA/Projects/black_plat/install/lio_sam/include/lio_sam/lio_sam/msg/rosidl_generator_c__visibility_control.h
[29.193s] -- Up-to-date: /home/kirill/VNIIA/Projects/black_plat/install/lio_sam/include/lio_sam/lio_sam/msg/detail
[29.193s] -- Up-to-date: /home/kirill/VNIIA/Projects/black_plat/install/lio_sam/include/lio_sam/lio_sam/msg/detail/cloud_info__functions.h
[29.193s] -- Up-to-date: /home/kirill/VNIIA/Projects/black_plat/install/lio_sam/include/lio_sam/lio_sam/msg/detail/cloud_info__functions.c
[29.193s] -- Up-to-date: /home/kirill/VNIIA/Projects/black_plat/install/lio_sam/include/lio_sam/lio_sam/msg/detail/cloud_info__type_support.h
[29.194s] -- Up-to-date: /home/kirill/VNIIA/Projects/black_plat/install/lio_sam/include/lio_sam/lio_sam/msg/detail/cloud_info__struct.h
[29.194s] -- Up-to-date: /home/kirill/VNIIA/Projects/black_plat/install/lio_sam/include/lio_sam/lio_sam/msg/cloud_info.h
[29.194s] -- Up-to-date: /home/kirill/VNIIA/Projects/black_plat/install/lio_sam/include/lio_sam/lio_sam/srv
[29.194s] -- Up-to-date: /home/kirill/VNIIA/Projects/black_plat/install/lio_sam/include/lio_sam/lio_sam/srv/save_map.h
[29.194s] -- Up-to-date: /home/kirill/VNIIA/Projects/black_plat/install/lio_sam/include/lio_sam/lio_sam/srv/detail
[29.194s] -- Up-to-date: /home/kirill/VNIIA/Projects/black_plat/install/lio_sam/include/lio_sam/lio_sam/srv/detail/save_map__struct.h
[29.194s] -- Up-to-date: /home/kirill/VNIIA/Projects/black_plat/install/lio_sam/include/lio_sam/lio_sam/srv/detail/save_map__functions.h
[29.194s] -- Up-to-date: /home/kirill/VNIIA/Projects/black_plat/install/lio_sam/include/lio_sam/lio_sam/srv/detail/save_map__functions.c
[29.194s] -- Up-to-date: /home/kirill/VNIIA/Projects/black_plat/install/lio_sam/include/lio_sam/lio_sam/srv/detail/save_map__type_support.h
[29.194s] -- Up-to-date: /home/kirill/VNIIA/Projects/black_plat/install/lio_sam/share/lio_sam/environment/library_path.sh
[29.194s] -- Up-to-date: /home/kirill/VNIIA/Projects/black_plat/install/lio_sam/share/lio_sam/environment/library_path.dsv
[29.194s] -- Up-to-date: /home/kirill/VNIIA/Projects/black_plat/install/lio_sam/lib/liblio_sam__rosidl_generator_c.so
[29.194s] -- Up-to-date: /home/kirill/VNIIA/Projects/black_plat/install/lio_sam/include/lio_sam/lio_sam
[29.194s] -- Up-to-date: /home/kirill/VNIIA/Projects/black_plat/install/lio_sam/include/lio_sam/lio_sam/msg
[29.194s] -- Up-to-date: /home/kirill/VNIIA/Projects/black_plat/install/lio_sam/include/lio_sam/lio_sam/msg/rosidl_typesupport_fastrtps_c__visibility_control.h
[29.194s] -- Up-to-date: /home/kirill/VNIIA/Projects/black_plat/install/lio_sam/include/lio_sam/lio_sam/msg/detail
[29.194s] -- Up-to-date: /home/kirill/VNIIA/Projects/black_plat/install/lio_sam/include/lio_sam/lio_sam/msg/detail/cloud_info__rosidl_typesupport_fastrtps_c.h
[29.194s] -- Up-to-date: /home/kirill/VNIIA/Projects/black_plat/install/lio_sam/include/lio_sam/lio_sam/srv
[29.194s] -- Up-to-date: /home/kirill/VNIIA/Projects/black_plat/install/lio_sam/include/lio_sam/lio_sam/srv/detail
[29.195s] -- Up-to-date: /home/kirill/VNIIA/Projects/black_plat/install/lio_sam/include/lio_sam/lio_sam/srv/detail/save_map__rosidl_typesupport_fastrtps_c.h
[29.195s] -- Up-to-date: /home/kirill/VNIIA/Projects/black_plat/install/lio_sam/lib/liblio_sam__rosidl_typesupport_fastrtps_c.so
[29.195s] -- Up-to-date: /home/kirill/VNIIA/Projects/black_plat/install/lio_sam/include/lio_sam/lio_sam
[29.195s] -- Up-to-date: /home/kirill/VNIIA/Projects/black_plat/install/lio_sam/include/lio_sam/lio_sam/msg
[29.195s] -- Up-to-date: /home/kirill/VNIIA/Projects/black_plat/install/lio_sam/include/lio_sam/lio_sam/msg/rosidl_typesupport_introspection_c__visibility_control.h
[29.195s] -- Up-to-date: /home/kirill/VNIIA/Projects/black_plat/install/lio_sam/include/lio_sam/lio_sam/msg/detail
[29.195s] -- Up-to-date: /home/kirill/VNIIA/Projects/black_plat/install/lio_sam/include/lio_sam/lio_sam/msg/detail/cloud_info__type_support.c
[29.195s] -- Up-to-date: /home/kirill/VNIIA/Projects/black_plat/install/lio_sam/include/lio_sam/lio_sam/msg/detail/cloud_info__rosidl_typesupport_introspection_c.h
[29.195s] -- Up-to-date: /home/kirill/VNIIA/Projects/black_plat/install/lio_sam/include/lio_sam/lio_sam/srv
[29.195s] -- Up-to-date: /home/kirill/VNIIA/Projects/black_plat/install/lio_sam/include/lio_sam/lio_sam/srv/detail
[29.195s] -- Up-to-date: /home/kirill/VNIIA/Projects/black_plat/install/lio_sam/include/lio_sam/lio_sam/srv/detail/save_map__type_support.c
[29.195s] -- Up-to-date: /home/kirill/VNIIA/Projects/black_plat/install/lio_sam/include/lio_sam/lio_sam/srv/detail/save_map__rosidl_typesupport_introspection_c.h
[29.195s] -- Up-to-date: /home/kirill/VNIIA/Projects/black_plat/install/lio_sam/lib/liblio_sam__rosidl_typesupport_introspection_c.so
[29.195s] -- Up-to-date: /home/kirill/VNIIA/Projects/black_plat/install/lio_sam/lib/liblio_sam__rosidl_typesupport_c.so
[29.195s] -- Up-to-date: /home/kirill/VNIIA/Projects/black_plat/install/lio_sam/include/lio_sam/lio_sam
[29.195s] -- Up-to-date: /home/kirill/VNIIA/Projects/black_plat/install/lio_sam/include/lio_sam/lio_sam/msg
[29.195s] -- Up-to-date: /home/kirill/VNIIA/Projects/black_plat/install/lio_sam/include/lio_sam/lio_sam/msg/rosidl_generator_cpp__visibility_control.hpp
[29.196s] -- Up-to-date: /home/kirill/VNIIA/Projects/black_plat/install/lio_sam/include/lio_sam/lio_sam/msg/cloud_info.hpp
[29.196s] -- Up-to-date: /home/kirill/VNIIA/Projects/black_plat/install/lio_sam/include/lio_sam/lio_sam/msg/detail
[29.196s] -- Up-to-date: /home/kirill/VNIIA/Projects/black_plat/install/lio_sam/include/lio_sam/lio_sam/msg/detail/cloud_info__struct.hpp
[29.196s] -- Up-to-date: /home/kirill/VNIIA/Projects/black_plat/install/lio_sam/include/lio_sam/lio_sam/msg/detail/cloud_info__builder.hpp
[29.196s] -- Up-to-date: /home/kirill/VNIIA/Projects/black_plat/install/lio_sam/include/lio_sam/lio_sam/msg/detail/cloud_info__traits.hpp
[29.196s] -- Up-to-date: /home/kirill/VNIIA/Projects/black_plat/install/lio_sam/include/lio_sam/lio_sam/msg/detail/cloud_info__type_support.hpp
[29.196s] -- Up-to-date: /home/kirill/VNIIA/Projects/black_plat/install/lio_sam/include/lio_sam/lio_sam/srv
[29.196s] -- Up-to-date: /home/kirill/VNIIA/Projects/black_plat/install/lio_sam/include/lio_sam/lio_sam/srv/save_map.hpp
[29.196s] -- Up-to-date: /home/kirill/VNIIA/Projects/black_plat/install/lio_sam/include/lio_sam/lio_sam/srv/detail
[29.196s] -- Up-to-date: /home/kirill/VNIIA/Projects/black_plat/install/lio_sam/include/lio_sam/lio_sam/srv/detail/save_map__traits.hpp
[29.196s] -- Up-to-date: /home/kirill/VNIIA/Projects/black_plat/install/lio_sam/include/lio_sam/lio_sam/srv/detail/save_map__builder.hpp
[29.196s] -- Up-to-date: /home/kirill/VNIIA/Projects/black_plat/install/lio_sam/include/lio_sam/lio_sam/srv/detail/save_map__type_support.hpp
[29.196s] -- Up-to-date: /home/kirill/VNIIA/Projects/black_plat/install/lio_sam/include/lio_sam/lio_sam/srv/detail/save_map__struct.hpp
[29.196s] -- Up-to-date: /home/kirill/VNIIA/Projects/black_plat/install/lio_sam/include/lio_sam/lio_sam
[29.196s] -- Up-to-date: /home/kirill/VNIIA/Projects/black_plat/install/lio_sam/include/lio_sam/lio_sam/msg
[29.196s] -- Up-to-date: /home/kirill/VNIIA/Projects/black_plat/install/lio_sam/include/lio_sam/lio_sam/msg/rosidl_typesupport_fastrtps_cpp__visibility_control.h
[29.196s] -- Up-to-date: /home/kirill/VNIIA/Projects/black_plat/install/lio_sam/include/lio_sam/lio_sam/msg/detail
[29.196s] -- Up-to-date: /home/kirill/VNIIA/Projects/black_plat/install/lio_sam/include/lio_sam/lio_sam/msg/detail/cloud_info__rosidl_typesupport_fastrtps_cpp.hpp
[29.196s] -- Up-to-date: /home/kirill/VNIIA/Projects/black_plat/install/lio_sam/include/lio_sam/lio_sam/msg/detail/dds_fastrtps
[29.196s] -- Up-to-date: /home/kirill/VNIIA/Projects/black_plat/install/lio_sam/include/lio_sam/lio_sam/srv
[29.196s] -- Up-to-date: /home/kirill/VNIIA/Projects/black_plat/install/lio_sam/include/lio_sam/lio_sam/srv/detail
[29.197s] -- Up-to-date: /home/kirill/VNIIA/Projects/black_plat/install/lio_sam/include/lio_sam/lio_sam/srv/detail/save_map__rosidl_typesupport_fastrtps_cpp.hpp
[29.197s] -- Up-to-date: /home/kirill/VNIIA/Projects/black_plat/install/lio_sam/include/lio_sam/lio_sam/srv/detail/dds_fastrtps
[29.197s] -- Up-to-date: /home/kirill/VNIIA/Projects/black_plat/install/lio_sam/lib/liblio_sam__rosidl_typesupport_fastrtps_cpp.so
[29.197s] -- Up-to-date: /home/kirill/VNIIA/Projects/black_plat/install/lio_sam/include/lio_sam/lio_sam
[29.197s] -- Up-to-date: /home/kirill/VNIIA/Projects/black_plat/install/lio_sam/include/lio_sam/lio_sam/msg
[29.197s] -- Up-to-date: /home/kirill/VNIIA/Projects/black_plat/install/lio_sam/include/lio_sam/lio_sam/msg/detail
[29.197s] -- Up-to-date: /home/kirill/VNIIA/Projects/black_plat/install/lio_sam/include/lio_sam/lio_sam/msg/detail/cloud_info__type_support.cpp
[29.197s] -- Up-to-date: /home/kirill/VNIIA/Projects/black_plat/install/lio_sam/include/lio_sam/lio_sam/msg/detail/cloud_info__rosidl_typesupport_introspection_cpp.hpp
[29.197s] -- Up-to-date: /home/kirill/VNIIA/Projects/black_plat/install/lio_sam/include/lio_sam/lio_sam/srv
[29.197s] -- Up-to-date: /home/kirill/VNIIA/Projects/black_plat/install/lio_sam/include/lio_sam/lio_sam/srv/detail
[29.197s] -- Up-to-date: /home/kirill/VNIIA/Projects/black_plat/install/lio_sam/include/lio_sam/lio_sam/srv/detail/save_map__rosidl_typesupport_introspection_cpp.hpp
[29.197s] -- Up-to-date: /home/kirill/VNIIA/Projects/black_plat/install/lio_sam/include/lio_sam/lio_sam/srv/detail/save_map__type_support.cpp
[29.197s] -- Up-to-date: /home/kirill/VNIIA/Projects/black_plat/install/lio_sam/lib/liblio_sam__rosidl_typesupport_introspection_cpp.so
[29.197s] -- Up-to-date: /home/kirill/VNIIA/Projects/black_plat/install/lio_sam/lib/liblio_sam__rosidl_typesupport_cpp.so
[29.197s] -- Up-to-date: /home/kirill/VNIIA/Projects/black_plat/install/lio_sam/share/lio_sam/environment/pythonpath.sh
[29.197s] -- Up-to-date: /home/kirill/VNIIA/Projects/black_plat/install/lio_sam/share/lio_sam/environment/pythonpath.dsv
[29.197s] -- Up-to-date: /home/kirill/VNIIA/Projects/black_plat/install/lio_sam/local/lib/python3.10/dist-packages/lio_sam-1.0.0-py3.10.egg-info
[29.197s] -- Installing: /home/kirill/VNIIA/Projects/black_plat/install/lio_sam/local/lib/python3.10/dist-packages/lio_sam-1.0.0-py3.10.egg-info/top_level.txt
[29.197s] -- Installing: /home/kirill/VNIIA/Projects/black_plat/install/lio_sam/local/lib/python3.10/dist-packages/lio_sam-1.0.0-py3.10.egg-info/SOURCES.txt
[29.197s] -- Installing: /home/kirill/VNIIA/Projects/black_plat/install/lio_sam/local/lib/python3.10/dist-packages/lio_sam-1.0.0-py3.10.egg-info/PKG-INFO
[29.197s] -- Installing: /home/kirill/VNIIA/Projects/black_plat/install/lio_sam/local/lib/python3.10/dist-packages/lio_sam-1.0.0-py3.10.egg-info/dependency_links.txt
[29.197s] -- Up-to-date: /home/kirill/VNIIA/Projects/black_plat/install/lio_sam/local/lib/python3.10/dist-packages/lio_sam
[29.198s] -- Up-to-date: /home/kirill/VNIIA/Projects/black_plat/install/lio_sam/local/lib/python3.10/dist-packages/lio_sam/lio_sam_s__rosidl_typesupport_fastrtps_c.cpython-310-x86_64-linux-gnu.so
[29.198s] -- Up-to-date: /home/kirill/VNIIA/Projects/black_plat/install/lio_sam/local/lib/python3.10/dist-packages/lio_sam/lio_sam_s__rosidl_typesupport_introspection_c.cpython-310-x86_64-linux-gnu.so
[29.198s] -- Up-to-date: /home/kirill/VNIIA/Projects/black_plat/install/lio_sam/local/lib/python3.10/dist-packages/lio_sam/_lio_sam_s.ep.rosidl_typesupport_introspection_c.c
[29.198s] -- Up-to-date: /home/kirill/VNIIA/Projects/black_plat/install/lio_sam/local/lib/python3.10/dist-packages/lio_sam/msg
[29.198s] -- Up-to-date: /home/kirill/VNIIA/Projects/black_plat/install/lio_sam/local/lib/python3.10/dist-packages/lio_sam/msg/_cloud_info_s.c
[29.198s] -- Up-to-date: /home/kirill/VNIIA/Projects/black_plat/install/lio_sam/local/lib/python3.10/dist-packages/lio_sam/msg/_cloud_info.py
[29.198s] -- Up-to-date: /home/kirill/VNIIA/Projects/black_plat/install/lio_sam/local/lib/python3.10/dist-packages/lio_sam/msg/__init__.py
[29.198s] -- Up-to-date: /home/kirill/VNIIA/Projects/black_plat/install/lio_sam/local/lib/python3.10/dist-packages/lio_sam/liblio_sam__rosidl_generator_py.so
[29.198s] -- Up-to-date: /home/kirill/VNIIA/Projects/black_plat/install/lio_sam/local/lib/python3.10/dist-packages/lio_sam/_lio_sam_s.ep.rosidl_typesupport_fastrtps_c.c
[29.198s] -- Up-to-date: /home/kirill/VNIIA/Projects/black_plat/install/lio_sam/local/lib/python3.10/dist-packages/lio_sam/__init__.py
[29.198s] -- Up-to-date: /home/kirill/VNIIA/Projects/black_plat/install/lio_sam/local/lib/python3.10/dist-packages/lio_sam/_lio_sam_s.ep.rosidl_typesupport_c.c
[29.198s] -- Up-to-date: /home/kirill/VNIIA/Projects/black_plat/install/lio_sam/local/lib/python3.10/dist-packages/lio_sam/srv
[29.198s] -- Up-to-date: /home/kirill/VNIIA/Projects/black_plat/install/lio_sam/local/lib/python3.10/dist-packages/lio_sam/srv/_save_map_s.c
[29.198s] -- Up-to-date: /home/kirill/VNIIA/Projects/black_plat/install/lio_sam/local/lib/python3.10/dist-packages/lio_sam/srv/_save_map.py
[29.198s] -- Up-to-date: /home/kirill/VNIIA/Projects/black_plat/install/lio_sam/local/lib/python3.10/dist-packages/lio_sam/srv/__init__.py
[29.198s] -- Up-to-date: /home/kirill/VNIIA/Projects/black_plat/install/lio_sam/local/lib/python3.10/dist-packages/lio_sam/lio_sam_s__rosidl_typesupport_c.cpython-310-x86_64-linux-gnu.so
[29.219s] Listing '/home/kirill/VNIIA/Projects/black_plat/install/lio_sam/local/lib/python3.10/dist-packages/lio_sam'...
[29.219s] Listing '/home/kirill/VNIIA/Projects/black_plat/install/lio_sam/local/lib/python3.10/dist-packages/lio_sam/msg'...
[29.219s] Listing '/home/kirill/VNIIA/Projects/black_plat/install/lio_sam/local/lib/python3.10/dist-packages/lio_sam/srv'...
[29.222s] -- Up-to-date: /home/kirill/VNIIA/Projects/black_plat/install/lio_sam/local/lib/python3.10/dist-packages/lio_sam/lio_sam_s__rosidl_typesupport_fastrtps_c.cpython-310-x86_64-linux-gnu.so
[29.222s] -- Up-to-date: /home/kirill/VNIIA/Projects/black_plat/install/lio_sam/local/lib/python3.10/dist-packages/lio_sam/lio_sam_s__rosidl_typesupport_introspection_c.cpython-310-x86_64-linux-gnu.so
[29.222s] -- Up-to-date: /home/kirill/VNIIA/Projects/black_plat/install/lio_sam/local/lib/python3.10/dist-packages/lio_sam/lio_sam_s__rosidl_typesupport_c.cpython-310-x86_64-linux-gnu.so
[29.222s] -- Up-to-date: /home/kirill/VNIIA/Projects/black_plat/install/lio_sam/lib/liblio_sam__rosidl_generator_py.so
[29.222s] -- Up-to-date: /home/kirill/VNIIA/Projects/black_plat/install/lio_sam/share/lio_sam/msg/CloudInfo.idl
[29.222s] -- Up-to-date: /home/kirill/VNIIA/Projects/black_plat/install/lio_sam/share/lio_sam/srv/SaveMap.idl
[29.222s] -- Up-to-date: /home/kirill/VNIIA/Projects/black_plat/install/lio_sam/share/lio_sam/msg/CloudInfo.msg
[29.222s] -- Up-to-date: /home/kirill/VNIIA/Projects/black_plat/install/lio_sam/share/lio_sam/srv/SaveMap.srv
[29.222s] -- Up-to-date: /home/kirill/VNIIA/Projects/black_plat/install/lio_sam/share/lio_sam/srv/SaveMap_Request.msg
[29.222s] -- Up-to-date: /home/kirill/VNIIA/Projects/black_plat/install/lio_sam/share/lio_sam/srv/SaveMap_Response.msg
[29.222s] -- Up-to-date: /home/kirill/VNIIA/Projects/black_plat/install/lio_sam/share/lio_sam//launch
[29.222s] -- Up-to-date: /home/kirill/VNIIA/Projects/black_plat/install/lio_sam/share/lio_sam//launch/run.launch.py
[29.222s] -- Up-to-date: /home/kirill/VNIIA/Projects/black_plat/install/lio_sam/share/lio_sam//config
[29.222s] -- Up-to-date: /home/kirill/VNIIA/Projects/black_plat/install/lio_sam/share/lio_sam//config/doc
[29.223s] -- Up-to-date: /home/kirill/VNIIA/Projects/black_plat/install/lio_sam/share/lio_sam//config/doc/imu-debug.gif
[29.223s] -- Up-to-date: /home/kirill/VNIIA/Projects/black_plat/install/lio_sam/share/lio_sam//config/doc/imu-transform.png
[29.223s] -- Up-to-date: /home/kirill/VNIIA/Projects/black_plat/install/lio_sam/share/lio_sam//config/doc/system.png
[29.223s] -- Up-to-date: /home/kirill/VNIIA/Projects/black_plat/install/lio_sam/share/lio_sam//config/doc/device-hand.png
[29.223s] -- Up-to-date: /home/kirill/VNIIA/Projects/black_plat/install/lio_sam/share/lio_sam//config/doc/demo.gif
[29.223s] -- Up-to-date: /home/kirill/VNIIA/Projects/black_plat/install/lio_sam/share/lio_sam//config/doc/ouster-demo.gif
[29.223s] -- Up-to-date: /home/kirill/VNIIA/Projects/black_plat/install/lio_sam/share/lio_sam//config/doc/device-hand-2.png
[29.223s] -- Up-to-date: /home/kirill/VNIIA/Projects/black_plat/install/lio_sam/share/lio_sam//config/doc/loop-closure.gif
[29.223s] -- Up-to-date: /home/kirill/VNIIA/Projects/black_plat/install/lio_sam/share/lio_sam//config/doc/kitti-map.png
[29.223s] -- Up-to-date: /home/kirill/VNIIA/Projects/black_plat/install/lio_sam/share/lio_sam//config/doc/kitti2bag
[29.223s] -- Up-to-date: /home/kirill/VNIIA/Projects/black_plat/install/lio_sam/share/lio_sam//config/doc/kitti2bag/README.md
[29.223s] -- Up-to-date: /home/kirill/VNIIA/Projects/black_plat/install/lio_sam/share/lio_sam//config/doc/kitti2bag/kitti2bag.py
[29.223s] -- Up-to-date: /home/kirill/VNIIA/Projects/black_plat/install/lio_sam/share/lio_sam//config/doc/device-boat.png
[29.223s] -- Up-to-date: /home/kirill/VNIIA/Projects/black_plat/install/lio_sam/share/lio_sam//config/doc/device-jackal.png
[29.223s] -- Up-to-date: /home/kirill/VNIIA/Projects/black_plat/install/lio_sam/share/lio_sam//config/doc/ouster-device.jpg
[29.223s] -- Up-to-date: /home/kirill/VNIIA/Projects/black_plat/install/lio_sam/share/lio_sam//config/doc/loop-closure-2.gif
[29.223s] -- Up-to-date: /home/kirill/VNIIA/Projects/black_plat/install/lio_sam/share/lio_sam//config/doc/kitti-demo.gif
[29.223s] -- Up-to-date: /home/kirill/VNIIA/Projects/black_plat/install/lio_sam/share/lio_sam//config/doc/gps-demo.gif
[29.223s] -- Up-to-date: /home/kirill/VNIIA/Projects/black_plat/install/lio_sam/share/lio_sam//config/doc/paper.pdf
[29.223s] -- Up-to-date: /home/kirill/VNIIA/Projects/black_plat/install/lio_sam/share/lio_sam//config/params.yaml
[29.223s] -- Up-to-date: /home/kirill/VNIIA/Projects/black_plat/install/lio_sam/share/lio_sam//config/rviz2.rviz
[29.223s] -- Up-to-date: /home/kirill/VNIIA/Projects/black_plat/install/lio_sam/share/lio_sam//config/robot.urdf.xacro
[29.223s] -- Up-to-date: /home/kirill/VNIIA/Projects/black_plat/install/lio_sam/lib/lio_sam/lio_sam_imageProjection
[29.223s] -- Installing: /home/kirill/VNIIA/Projects/black_plat/install/lio_sam/lib/lio_sam/lio_sam_imuPreintegration
[29.224s] -- Set runtime path of "/home/kirill/VNIIA/Projects/black_plat/install/lio_sam/lib/lio_sam/lio_sam_imuPreintegration" to ""
[29.224s] -- Up-to-date: /home/kirill/VNIIA/Projects/black_plat/install/lio_sam/lib/lio_sam/lio_sam_featureExtraction
[29.224s] -- Up-to-date: /home/kirill/VNIIA/Projects/black_plat/install/lio_sam/lib/lio_sam/lio_sam_mapOptimization
[29.224s] -- Up-to-date: /home/kirill/VNIIA/Projects/black_plat/install/lio_sam/include
[29.224s] -- Up-to-date: /home/kirill/VNIIA/Projects/black_plat/install/lio_sam/include/lio_sam
[29.224s] -- Up-to-date: /home/kirill/VNIIA/Projects/black_plat/install/lio_sam/include/lio_sam/utility.hpp
[29.224s] -- Up-to-date: /home/kirill/VNIIA/Projects/black_plat/install/lio_sam/share/ament_index/resource_index/package_run_dependencies/lio_sam
[29.225s] -- Up-to-date: /home/kirill/VNIIA/Projects/black_plat/install/lio_sam/share/ament_index/resource_index/parent_prefix_path/lio_sam
[29.225s] -- Up-to-date: /home/kirill/VNIIA/Projects/black_plat/install/lio_sam/share/lio_sam/environment/ament_prefix_path.sh
[29.225s] -- Up-to-date: /home/kirill/VNIIA/Projects/black_plat/install/lio_sam/share/lio_sam/environment/ament_prefix_path.dsv
[29.225s] -- Up-to-date: /home/kirill/VNIIA/Projects/black_plat/install/lio_sam/share/lio_sam/environment/path.sh
[29.225s] -- Up-to-date: /home/kirill/VNIIA/Projects/black_plat/install/lio_sam/share/lio_sam/environment/path.dsv
[29.225s] -- Up-to-date: /home/kirill/VNIIA/Projects/black_plat/install/lio_sam/share/lio_sam/local_setup.bash
[29.225s] -- Up-to-date: /home/kirill/VNIIA/Projects/black_plat/install/lio_sam/share/lio_sam/local_setup.sh
[29.225s] -- Up-to-date: /home/kirill/VNIIA/Projects/black_plat/install/lio_sam/share/lio_sam/local_setup.zsh
[29.225s] -- Up-to-date: /home/kirill/VNIIA/Projects/black_plat/install/lio_sam/share/lio_sam/local_setup.dsv
[29.225s] -- Installing: /home/kirill/VNIIA/Projects/black_plat/install/lio_sam/share/lio_sam/package.dsv
[29.225s] -- Up-to-date: /home/kirill/VNIIA/Projects/black_plat/install/lio_sam/share/ament_index/resource_index/packages/lio_sam
[29.225s] -- Up-to-date: /home/kirill/VNIIA/Projects/black_plat/install/lio_sam/share/lio_sam/cmake/export_lio_sam__rosidl_generator_cExport.cmake
[29.225s] -- Up-to-date: /home/kirill/VNIIA/Projects/black_plat/install/lio_sam/share/lio_sam/cmake/export_lio_sam__rosidl_generator_cExport-release.cmake
[29.225s] -- Up-to-date: /home/kirill/VNIIA/Projects/black_plat/install/lio_sam/share/lio_sam/cmake/export_lio_sam__rosidl_typesupport_fastrtps_cExport.cmake
[29.225s] -- Up-to-date: /home/kirill/VNIIA/Projects/black_plat/install/lio_sam/share/lio_sam/cmake/export_lio_sam__rosidl_typesupport_fastrtps_cExport-release.cmake
[29.225s] -- Up-to-date: /home/kirill/VNIIA/Projects/black_plat/install/lio_sam/share/lio_sam/cmake/lio_sam__rosidl_typesupport_introspection_cExport.cmake
[29.225s] -- Up-to-date: /home/kirill/VNIIA/Projects/black_plat/install/lio_sam/share/lio_sam/cmake/lio_sam__rosidl_typesupport_introspection_cExport-release.cmake
[29.225s] -- Up-to-date: /home/kirill/VNIIA/Projects/black_plat/install/lio_sam/share/lio_sam/cmake/lio_sam__rosidl_typesupport_cExport.cmake
[29.225s] -- Up-to-date: /home/kirill/VNIIA/Projects/black_plat/install/lio_sam/share/lio_sam/cmake/lio_sam__rosidl_typesupport_cExport-release.cmake
[29.225s] -- Up-to-date: /home/kirill/VNIIA/Projects/black_plat/install/lio_sam/share/lio_sam/cmake/export_lio_sam__rosidl_generator_cppExport.cmake
[29.225s] -- Up-to-date: /home/kirill/VNIIA/Projects/black_plat/install/lio_sam/share/lio_sam/cmake/export_lio_sam__rosidl_typesupport_fastrtps_cppExport.cmake
[29.225s] -- Up-to-date: /home/kirill/VNIIA/Projects/black_plat/install/lio_sam/share/lio_sam/cmake/export_lio_sam__rosidl_typesupport_fastrtps_cppExport-release.cmake
[29.226s] -- Up-to-date: /home/kirill/VNIIA/Projects/black_plat/install/lio_sam/share/lio_sam/cmake/lio_sam__rosidl_typesupport_introspection_cppExport.cmake
[29.226s] -- Up-to-date: /home/kirill/VNIIA/Projects/black_plat/install/lio_sam/share/lio_sam/cmake/lio_sam__rosidl_typesupport_introspection_cppExport-release.cmake
[29.226s] -- Up-to-date: /home/kirill/VNIIA/Projects/black_plat/install/lio_sam/share/lio_sam/cmake/lio_sam__rosidl_typesupport_cppExport.cmake
[29.226s] -- Up-to-date: /home/kirill/VNIIA/Projects/black_plat/install/lio_sam/share/lio_sam/cmake/lio_sam__rosidl_typesupport_cppExport-release.cmake
[29.226s] -- Up-to-date: /home/kirill/VNIIA/Projects/black_plat/install/lio_sam/share/lio_sam/cmake/export_lio_sam__rosidl_generator_pyExport.cmake
[29.226s] -- Up-to-date: /home/kirill/VNIIA/Projects/black_plat/install/lio_sam/share/lio_sam/cmake/export_lio_sam__rosidl_generator_pyExport-release.cmake
[29.226s] -- Up-to-date: /home/kirill/VNIIA/Projects/black_plat/install/lio_sam/share/lio_sam/cmake/rosidl_cmake-extras.cmake
[29.226s] -- Up-to-date: /home/kirill/VNIIA/Projects/black_plat/install/lio_sam/share/lio_sam/cmake/ament_cmake_export_dependencies-extras.cmake
[29.226s] -- Up-to-date: /home/kirill/VNIIA/Projects/black_plat/install/lio_sam/share/lio_sam/cmake/ament_cmake_export_include_directories-extras.cmake
[29.226s] -- Up-to-date: /home/kirill/VNIIA/Projects/black_plat/install/lio_sam/share/lio_sam/cmake/ament_cmake_export_libraries-extras.cmake
[29.226s] -- Up-to-date: /home/kirill/VNIIA/Projects/black_plat/install/lio_sam/share/lio_sam/cmake/ament_cmake_export_targets-extras.cmake
[29.226s] -- Up-to-date: /home/kirill/VNIIA/Projects/black_plat/install/lio_sam/share/lio_sam/cmake/rosidl_cmake_export_typesupport_targets-extras.cmake
[29.226s] -- Up-to-date: /home/kirill/VNIIA/Projects/black_plat/install/lio_sam/share/lio_sam/cmake/rosidl_cmake_export_typesupport_libraries-extras.cmake
[29.226s] -- Up-to-date: /home/kirill/VNIIA/Projects/black_plat/install/lio_sam/share/lio_sam/cmake/lio_samConfig.cmake
[29.226s] -- Up-to-date: /home/kirill/VNIIA/Projects/black_plat/install/lio_sam/share/lio_sam/cmake/lio_samConfig-version.cmake
[29.226s] -- Up-to-date: /home/kirill/VNIIA/Projects/black_plat/install/lio_sam/share/lio_sam/package.xml
[29.228s] Invoked command in '/home/kirill/VNIIA/Projects/black_plat/build/lio_sam' returned '0': CMAKE_PREFIX_PATH=${CMAKE_PREFIX_PATH}:/home/kirill/VNIIA/Projects/black_plat/install/t21_teleop:/opt/ros/humble /usr/bin/cmake --install /home/kirill/VNIIA/Projects/black_plat/build/lio_sam
