[0.851s] Invoking command in '/home/kirill/VNIIA/Projects/black_plat/src/t21_teleop': PYTHONPATH=/home/kirill/VNIIA/Projects/black_plat/build/t21_teleop/prefix_override:/usr/lib/python3/dist-packages/colcon_core/task/python/colcon_distutils_commands:/home/kirill/VNIIA/Projects/black_plat/install/t21_teleop/lib/python3.10/site-packages:${PYTHONPATH} /usr/bin/python3 -W ignore:setup.py install is deprecated -W ignore:easy_install command is deprecated setup.py egg_info --egg-base ../../build/t21_teleop build --build-base /home/kirill/VNIIA/Projects/black_plat/build/t21_teleop/build install --record /home/kirill/VNIIA/Projects/black_plat/build/t21_teleop/install.log --single-version-externally-managed install_data
[1.050s] running egg_info
[1.052s] writing ../../build/t21_teleop/t21_teleop.egg-info/PKG-INFO
[1.052s] writing dependency_links to ../../build/t21_teleop/t21_teleop.egg-info/dependency_links.txt
[1.052s] writing entry points to ../../build/t21_teleop/t21_teleop.egg-info/entry_points.txt
[1.052s] writing requirements to ../../build/t21_teleop/t21_teleop.egg-info/requires.txt
[1.053s] writing top-level names to ../../build/t21_teleop/t21_teleop.egg-info/top_level.txt
[1.054s] reading manifest file '../../build/t21_teleop/t21_teleop.egg-info/SOURCES.txt'
[1.055s] writing manifest file '../../build/t21_teleop/t21_teleop.egg-info/SOURCES.txt'
[1.055s] running build
[1.055s] running build_py
[1.056s] running install
[1.056s] running install_lib
[1.057s] running install_data
[1.057s] running install_egg_info
[1.059s] removing '/home/kirill/VNIIA/Projects/black_plat/install/t21_teleop/lib/python3.10/site-packages/t21_teleop-0.0.0-py3.10.egg-info' (and everything under it)
[1.059s] Copying ../../build/t21_teleop/t21_teleop.egg-info to /home/kirill/VNIIA/Projects/black_plat/install/t21_teleop/lib/python3.10/site-packages/t21_teleop-0.0.0-py3.10.egg-info
[1.059s] running install_scripts
[1.076s] Installing drive_test script to /home/kirill/VNIIA/Projects/black_plat/install/t21_teleop/lib/t21_teleop
[1.076s] Installing flipper_teleop script to /home/kirill/VNIIA/Projects/black_plat/install/t21_teleop/lib/t21_teleop
[1.076s] Installing joy_flipper_teleop script to /home/kirill/VNIIA/Projects/black_plat/install/t21_teleop/lib/t21_teleop
[1.076s] Installing joy_full_teleop script to /home/kirill/VNIIA/Projects/black_plat/install/t21_teleop/lib/t21_teleop
[1.076s] Installing joy_platform_teleop script to /home/kirill/VNIIA/Projects/black_plat/install/t21_teleop/lib/t21_teleop
[1.076s] writing list of installed files to '/home/kirill/VNIIA/Projects/black_plat/build/t21_teleop/install.log'
[1.095s] Invoked command in '/home/kirill/VNIIA/Projects/black_plat/src/t21_teleop' returned '0': PYTHONPATH=/home/kirill/VNIIA/Projects/black_plat/build/t21_teleop/prefix_override:/usr/lib/python3/dist-packages/colcon_core/task/python/colcon_distutils_commands:/home/kirill/VNIIA/Projects/black_plat/install/t21_teleop/lib/python3.10/site-packages:${PYTHONPATH} /usr/bin/python3 -W ignore:setup.py install is deprecated -W ignore:easy_install command is deprecated setup.py egg_info --egg-base ../../build/t21_teleop build --build-base /home/kirill/VNIIA/Projects/black_plat/build/t21_teleop/build install --record /home/kirill/VNIIA/Projects/black_plat/build/t21_teleop/install.log --single-version-externally-managed install_data
