/home/kirill/VNIIA/Projects/black_plat/install/t21_teleop/lib/python3.10/site-packages/t21_teleop/drive_test.py
/home/kirill/VNIIA/Projects/black_plat/install/t21_teleop/lib/python3.10/site-packages/t21_teleop/joy_platform_teleop.py
/home/kirill/VNIIA/Projects/black_plat/install/t21_teleop/lib/python3.10/site-packages/t21_teleop/joy_flipper_teleop.py
/home/kirill/VNIIA/Projects/black_plat/install/t21_teleop/lib/python3.10/site-packages/t21_teleop/__init__.py
/home/kirill/VNIIA/Projects/black_plat/install/t21_teleop/lib/python3.10/site-packages/t21_teleop/flipper_teleop.py
/home/kirill/VNIIA/Projects/black_plat/install/t21_teleop/lib/python3.10/site-packages/t21_teleop/joy_full_teleop.py
/home/kirill/VNIIA/Projects/black_plat/install/t21_teleop/lib/python3.10/site-packages/t21_teleop/__pycache__/drive_test.cpython-310.pyc
/home/kirill/VNIIA/Projects/black_plat/install/t21_teleop/lib/python3.10/site-packages/t21_teleop/__pycache__/joy_platform_teleop.cpython-310.pyc
/home/kirill/VNIIA/Projects/black_plat/install/t21_teleop/lib/python3.10/site-packages/t21_teleop/__pycache__/joy_flipper_teleop.cpython-310.pyc
/home/kirill/VNIIA/Projects/black_plat/install/t21_teleop/lib/python3.10/site-packages/t21_teleop/__pycache__/__init__.cpython-310.pyc
/home/kirill/VNIIA/Projects/black_plat/install/t21_teleop/lib/python3.10/site-packages/t21_teleop/__pycache__/flipper_teleop.cpython-310.pyc
/home/kirill/VNIIA/Projects/black_plat/install/t21_teleop/lib/python3.10/site-packages/t21_teleop/__pycache__/joy_full_teleop.cpython-310.pyc
/home/kirill/VNIIA/Projects/black_plat/install/t21_teleop/share/ament_index/resource_index/packages/t21_teleop
/home/kirill/VNIIA/Projects/black_plat/install/t21_teleop/share/t21_teleop/package.xml
/home/kirill/VNIIA/Projects/black_plat/install/t21_teleop/share/t21_teleop/launch/joy_flipper_teleop.launch.py
/home/kirill/VNIIA/Projects/black_plat/install/t21_teleop/share/t21_teleop/launch/joy_full_teleop.launch.py
/home/kirill/VNIIA/Projects/black_plat/install/t21_teleop/share/t21_teleop/launch/joy_platform_teleop.launch.py
/home/kirill/VNIIA/Projects/black_plat/install/t21_teleop/lib/python3.10/site-packages/t21_teleop-0.0.0-py3.10.egg-info/requires.txt
/home/kirill/VNIIA/Projects/black_plat/install/t21_teleop/lib/python3.10/site-packages/t21_teleop-0.0.0-py3.10.egg-info/top_level.txt
/home/kirill/VNIIA/Projects/black_plat/install/t21_teleop/lib/python3.10/site-packages/t21_teleop-0.0.0-py3.10.egg-info/zip-safe
/home/kirill/VNIIA/Projects/black_plat/install/t21_teleop/lib/python3.10/site-packages/t21_teleop-0.0.0-py3.10.egg-info/entry_points.txt
/home/kirill/VNIIA/Projects/black_plat/install/t21_teleop/lib/python3.10/site-packages/t21_teleop-0.0.0-py3.10.egg-info/SOURCES.txt
/home/kirill/VNIIA/Projects/black_plat/install/t21_teleop/lib/python3.10/site-packages/t21_teleop-0.0.0-py3.10.egg-info/PKG-INFO
/home/kirill/VNIIA/Projects/black_plat/install/t21_teleop/lib/python3.10/site-packages/t21_teleop-0.0.0-py3.10.egg-info/dependency_links.txt
/home/kirill/VNIIA/Projects/black_plat/install/t21_teleop/lib/t21_teleop/drive_test
/home/kirill/VNIIA/Projects/black_plat/install/t21_teleop/lib/t21_teleop/flipper_teleop
/home/kirill/VNIIA/Projects/black_plat/install/t21_teleop/lib/t21_teleop/joy_flipper_teleop
/home/kirill/VNIIA/Projects/black_plat/install/t21_teleop/lib/t21_teleop/joy_full_teleop
/home/kirill/VNIIA/Projects/black_plat/install/t21_teleop/lib/t21_teleop/joy_platform_teleop
