[100%] Built target t21_tracked
-- Install configuration: ""
-- Up-to-date: /home/kirill/VNIIA/Projects/black_plat/install/t21_tracked/share/t21_tracked/ros2_control_t21_hardware.xml
-- Up-to-date: /home/kirill/VNIIA/Projects/black_plat/install/t21_tracked/lib/libt21_tracked.so
-- Up-to-date: /home/kirill/VNIIA/Projects/black_plat/install/t21_tracked/include
-- Up-to-date: /home/kirill/VNIIA/Projects/black_plat/install/t21_tracked/include/ros2_control_t21_hardware
-- Up-to-date: /home/kirill/VNIIA/Projects/black_plat/install/t21_tracked/include/ros2_control_t21_hardware/udp_tracked.hpp
-- Up-to-date: /home/kirill/VNIIA/Projects/black_plat/install/t21_tracked/include/ros2_control_t21_hardware/visibility_control.h
-- Up-to-date: /home/kirill/VNIIA/Projects/black_plat/install/t21_tracked/include/ros2_control_t21_hardware/t21_tracked.hpp
-- Up-to-date: /home/kirill/VNIIA/Projects/black_plat/install/t21_tracked/share/t21_tracked/ros2_control_t21_hardware.xml
-- Up-to-date: /home/kirill/VNIIA/Projects/black_plat/install/t21_tracked/share/t21_tracked/environment/library_path.sh
-- Up-to-date: /home/kirill/VNIIA/Projects/black_plat/install/t21_tracked/share/t21_tracked/environment/library_path.dsv
-- Up-to-date: /home/kirill/VNIIA/Projects/black_plat/install/t21_tracked/share/ament_index/resource_index/package_run_dependencies/t21_tracked
-- Up-to-date: /home/kirill/VNIIA/Projects/black_plat/install/t21_tracked/share/ament_index/resource_index/parent_prefix_path/t21_tracked
-- Up-to-date: /home/kirill/VNIIA/Projects/black_plat/install/t21_tracked/share/t21_tracked/environment/ament_prefix_path.sh
-- Up-to-date: /home/kirill/VNIIA/Projects/black_plat/install/t21_tracked/share/t21_tracked/environment/ament_prefix_path.dsv
-- Up-to-date: /home/kirill/VNIIA/Projects/black_plat/install/t21_tracked/share/t21_tracked/environment/path.sh
-- Up-to-date: /home/kirill/VNIIA/Projects/black_plat/install/t21_tracked/share/t21_tracked/environment/path.dsv
-- Up-to-date: /home/kirill/VNIIA/Projects/black_plat/install/t21_tracked/share/t21_tracked/local_setup.bash
-- Up-to-date: /home/kirill/VNIIA/Projects/black_plat/install/t21_tracked/share/t21_tracked/local_setup.sh
-- Up-to-date: /home/kirill/VNIIA/Projects/black_plat/install/t21_tracked/share/t21_tracked/local_setup.zsh
-- Up-to-date: /home/kirill/VNIIA/Projects/black_plat/install/t21_tracked/share/t21_tracked/local_setup.dsv
-- Installing: /home/kirill/VNIIA/Projects/black_plat/install/t21_tracked/share/t21_tracked/package.dsv
-- Up-to-date: /home/kirill/VNIIA/Projects/black_plat/install/t21_tracked/share/ament_index/resource_index/packages/t21_tracked
-- Up-to-date: /home/kirill/VNIIA/Projects/black_plat/install/t21_tracked/share/ament_index/resource_index/hardware_interface__pluginlib__plugin/t21_tracked
-- Up-to-date: /home/kirill/VNIIA/Projects/black_plat/install/t21_tracked/share/t21_tracked/cmake/export_t21_trackedExport.cmake
-- Up-to-date: /home/kirill/VNIIA/Projects/black_plat/install/t21_tracked/share/t21_tracked/cmake/export_t21_trackedExport-noconfig.cmake
-- Up-to-date: /home/kirill/VNIIA/Projects/black_plat/install/t21_tracked/share/t21_tracked/cmake/ament_cmake_export_targets-extras.cmake
-- Up-to-date: /home/kirill/VNIIA/Projects/black_plat/install/t21_tracked/share/t21_tracked/cmake/ament_cmake_export_include_directories-extras.cmake
-- Up-to-date: /home/kirill/VNIIA/Projects/black_plat/install/t21_tracked/share/t21_tracked/cmake/ament_cmake_export_libraries-extras.cmake
-- Up-to-date: /home/kirill/VNIIA/Projects/black_plat/install/t21_tracked/share/t21_tracked/cmake/ament_cmake_export_dependencies-extras.cmake
-- Up-to-date: /home/kirill/VNIIA/Projects/black_plat/install/t21_tracked/share/t21_tracked/cmake/t21_trackedConfig.cmake
-- Up-to-date: /home/kirill/VNIIA/Projects/black_plat/install/t21_tracked/share/t21_tracked/cmake/t21_trackedConfig-version.cmake
-- Up-to-date: /home/kirill/VNIIA/Projects/black_plat/install/t21_tracked/share/t21_tracked/package.xml
