-- The CXX compiler identification is GNU 11.4.0
-- Detecting CXX compiler ABI info
-- Detecting CXX compiler ABI info - done
-- Check for working CXX compiler: /usr/bin/c++ - skipped
-- Detecting CXX compile features
-- Detecting CXX compile features - done
-- Found ament_cmake: 1.3.12 (/opt/ros/humble/share/ament_cmake/cmake)
-- Found Python3: /usr/bin/python3 (found version "3.10.12") found components: Interpreter 
-- Found hardware_interface: 2.51.0 (/opt/ros/humble/share/hardware_interface/cmake)
-- Found rosidl_generator_c: 3.1.7 (/opt/ros/humble/share/rosidl_generator_c/cmake)
-- Found rosidl_adapter: 3.1.7 (/opt/ros/humble/share/rosidl_adapter/cmake)
-- Found rosidl_generator_cpp: 3.1.7 (/opt/ros/humble/share/rosidl_generator_cpp/cmake)
-- Using all available rosidl_typesupport_c: rosidl_typesupport_fastrtps_c;rosidl_typesupport_introspection_c
-- Using all available rosidl_typesupport_cpp: rosidl_typesupport_fastrtps_cpp;rosidl_typesupport_introspection_cpp
-- Found rmw_implementation_cmake: 6.1.2 (/opt/ros/humble/share/rmw_implementation_cmake/cmake)
-- Found rmw_fastrtps_cpp: 6.2.8 (/opt/ros/humble/share/rmw_fastrtps_cpp/cmake)
-- Found TinyXML2 via Config file: TinyXML2_DIR-NOTFOUND
-- Found OpenSSL: /usr/lib/x86_64-linux-gnu/libcrypto.so (found version "3.0.2")  
-- Found TinyXML2 via Config file: TinyXML2_DIR-NOTFOUND
-- Found FastRTPS: /opt/ros/humble/include  
-- Found TinyXML2 via Config file: TinyXML2_DIR-NOTFOUND
-- Found TinyXML2 via Config file: TinyXML2_DIR-NOTFOUND
-- Using RMW implementation 'rmw_fastrtps_cpp' as default
-- Looking for C++ include pthread.h
-- Looking for C++ include pthread.h - found
-- Performing Test CMAKE_HAVE_LIBC_PTHREAD
-- Performing Test CMAKE_HAVE_LIBC_PTHREAD - Success
-- Found Threads: TRUE  
-- Found Boost: /usr/lib/x86_64-linux-gnu/cmake/Boost-1.74.0/BoostConfig.cmake (found version "1.74.0") found components: system 
-- Found graph_msgs: 0.2.0 (/opt/ros/humble/share/graph_msgs/cmake)
-- Found moveit_core: 2.5.9 (/opt/ros/humble/share/moveit_core/cmake)
-- Found Boost: /usr/lib/x86_64-linux-gnu/cmake/Boost-1.74.0/BoostConfig.cmake (found version "1.74.0") found components: chrono date_time filesystem iostreams program_options regex serialization system thread 
-- Found parameter_traits: 0.5.0 (/opt/ros/humble/share/parameter_traits/cmake)
-- Found Boost: /usr/lib/x86_64-linux-gnu/cmake/Boost-1.74.0/BoostConfig.cmake (found version "1.74.0") found components: filesystem 
-- library: /usr/lib/x86_64-linux-gnu/libcurl.so
-- Found Eigen3: TRUE (found version "3.4.0") 
-- Ensuring Eigen3 include directory is part of orocos-kdl CMake target
-- Found moveit_ros_planning: 2.5.9 (/opt/ros/humble/share/moveit_ros_planning/cmake)
-- Found Boost: /usr/lib/x86_64-linux-gnu/cmake/Boost-1.74.0/BoostConfig.cmake (found version "1.74.0") found components: system filesystem date_time program_options thread chrono 
-- Found rviz_visual_tools: 4.1.4 (/opt/ros/humble/share/rviz_visual_tools/cmake)
-- Setting assimp_DIR to: '/opt/ros/humble/share/rviz_assimp_vendor/cmake/../../../opt/rviz_assimp_vendor/lib/cmake/assimp-4.1'
-- Setting OGRE_DIR to: '/opt/ros/humble/share/rviz_ogre_vendor/cmake/../../../opt/rviz_ogre_vendor/lib/OGRE/cmake'
-- Found OGRE
--   static     : OFF
--   components : HLMS;MeshLodGenerator;Overlay;Paging;Property;RTShaderSystem;Terrain;Volume
--   plugins    : Plugin_BSPSceneManager;Plugin_OctreeSceneManager;Plugin_PCZSceneManager;Plugin_ParticleFX;RenderSystem_GL;RenderSystem_GL3Plus;Codec_STBI
--   media      : /opt/ros/humble/opt/rviz_ogre_vendor/share/OGRE/Media
-- OGRE_LIBRARIES: OgreHLMS;OgreMeshLodGenerator;OgreOverlay;OgrePaging;OgreProperty;OgreRTShaderSystem;OgreTerrain;OgreVolume;OgreMain
-- OGRE_LIBRARY_DIRS: /opt/ros/humble/opt/rviz_ogre_vendor/lib
-- OGRE_PLUGINS: Plugin_BSPSceneManager;Plugin_OctreeSceneManager;Plugin_PCZSceneManager;Plugin_ParticleFX;RenderSystem_GL;RenderSystem_GL3Plus;Codec_STBI
-- OGRE_PLUGIN_DIR: /opt/ros/humble/opt/rviz_ogre_vendor/lib/OGRE
-- rviz_ogre_vendor::OgreOverlay for IMPORTED_LOCATION_RELEASE: /opt/ros/humble/opt/rviz_ogre_vendor/lib/libOgreOverlay.so
-- rviz_ogre_vendor::OgreOverlay for IMPORTED_LOCATION_DEBUG: /opt/ros/humble/opt/rviz_ogre_vendor/lib/libOgreOverlay.so
-- rviz_ogre_vendor::OgreMain for IMPORTED_LOCATION_RELEASE: /opt/ros/humble/opt/rviz_ogre_vendor/lib/libOgreMain.so
-- rviz_ogre_vendor::OgreMain for IMPORTED_LOCATION_DEBUG: /opt/ros/humble/opt/rviz_ogre_vendor/lib/libOgreMain.so
-- Found ZLIB: /usr/lib/x86_64-linux-gnu/libz.so (found version "1.2.11") 
-- Found OpenGL: /usr/lib/x86_64-linux-gnu/libOpenGL.so   
-- Found X11: /usr/include   
-- Looking for XOpenDisplay in /usr/lib/x86_64-linux-gnu/libX11.so;/usr/lib/x86_64-linux-gnu/libXext.so
-- Looking for XOpenDisplay in /usr/lib/x86_64-linux-gnu/libX11.so;/usr/lib/x86_64-linux-gnu/libXext.so - found
-- Looking for gethostbyname
-- Looking for gethostbyname - found
-- Looking for connect
-- Looking for connect - found
-- Looking for remove
-- Looking for remove - found
-- Looking for shmat
-- Looking for shmat - found
-- Looking for IceConnectionNumber in ICE
-- Looking for IceConnectionNumber in ICE - found
-- Found ament_cmake_gtest: 1.3.12 (/opt/ros/humble/share/ament_cmake_gtest/cmake)
-- Configuring done
-- Generating done
-- Build files have been written to: /home/kirill/VNIIA/Projects/black_plat/build/t21_tracked
[ 33%] [32mBuilding CXX object CMakeFiles/t21_tracked.dir/src/udp_tracked.cpp.o[0m
[ 66%] [32mBuilding CXX object CMakeFiles/t21_tracked.dir/src/t21_tracked.cpp.o[0m
[100%] [32m[1mLinking CXX shared library libt21_tracked.so[0m
[100%] Built target t21_tracked
-- Install configuration: ""
-- Installing: /home/kirill/VNIIA/Projects/black_plat/install/t21_tracked/share/t21_tracked/ros2_control_t21_hardware.xml
-- Installing: /home/kirill/VNIIA/Projects/black_plat/install/t21_tracked/lib/libt21_tracked.so
-- Set runtime path of "/home/kirill/VNIIA/Projects/black_plat/install/t21_tracked/lib/libt21_tracked.so" to ""
-- Installing: /home/kirill/VNIIA/Projects/black_plat/install/t21_tracked/include
-- Installing: /home/kirill/VNIIA/Projects/black_plat/install/t21_tracked/include/ros2_control_t21_hardware
-- Installing: /home/kirill/VNIIA/Projects/black_plat/install/t21_tracked/include/ros2_control_t21_hardware/udp_tracked.hpp
-- Installing: /home/kirill/VNIIA/Projects/black_plat/install/t21_tracked/include/ros2_control_t21_hardware/visibility_control.h
-- Installing: /home/kirill/VNIIA/Projects/black_plat/install/t21_tracked/include/ros2_control_t21_hardware/t21_tracked.hpp
-- Up-to-date: /home/kirill/VNIIA/Projects/black_plat/install/t21_tracked/share/t21_tracked/ros2_control_t21_hardware.xml
-- Installing: /home/kirill/VNIIA/Projects/black_plat/install/t21_tracked/share/t21_tracked/environment/library_path.sh
-- Installing: /home/kirill/VNIIA/Projects/black_plat/install/t21_tracked/share/t21_tracked/environment/library_path.dsv
-- Installing: /home/kirill/VNIIA/Projects/black_plat/install/t21_tracked/share/ament_index/resource_index/package_run_dependencies/t21_tracked
-- Installing: /home/kirill/VNIIA/Projects/black_plat/install/t21_tracked/share/ament_index/resource_index/parent_prefix_path/t21_tracked
-- Installing: /home/kirill/VNIIA/Projects/black_plat/install/t21_tracked/share/t21_tracked/environment/ament_prefix_path.sh
-- Installing: /home/kirill/VNIIA/Projects/black_plat/install/t21_tracked/share/t21_tracked/environment/ament_prefix_path.dsv
-- Installing: /home/kirill/VNIIA/Projects/black_plat/install/t21_tracked/share/t21_tracked/environment/path.sh
-- Installing: /home/kirill/VNIIA/Projects/black_plat/install/t21_tracked/share/t21_tracked/environment/path.dsv
-- Installing: /home/kirill/VNIIA/Projects/black_plat/install/t21_tracked/share/t21_tracked/local_setup.bash
-- Installing: /home/kirill/VNIIA/Projects/black_plat/install/t21_tracked/share/t21_tracked/local_setup.sh
-- Installing: /home/kirill/VNIIA/Projects/black_plat/install/t21_tracked/share/t21_tracked/local_setup.zsh
-- Installing: /home/kirill/VNIIA/Projects/black_plat/install/t21_tracked/share/t21_tracked/local_setup.dsv
-- Installing: /home/kirill/VNIIA/Projects/black_plat/install/t21_tracked/share/t21_tracked/package.dsv
-- Installing: /home/kirill/VNIIA/Projects/black_plat/install/t21_tracked/share/ament_index/resource_index/packages/t21_tracked
-- Installing: /home/kirill/VNIIA/Projects/black_plat/install/t21_tracked/share/ament_index/resource_index/hardware_interface__pluginlib__plugin/t21_tracked
-- Installing: /home/kirill/VNIIA/Projects/black_plat/install/t21_tracked/share/t21_tracked/cmake/export_t21_trackedExport.cmake
-- Installing: /home/kirill/VNIIA/Projects/black_plat/install/t21_tracked/share/t21_tracked/cmake/export_t21_trackedExport-noconfig.cmake
-- Installing: /home/kirill/VNIIA/Projects/black_plat/install/t21_tracked/share/t21_tracked/cmake/ament_cmake_export_targets-extras.cmake
-- Installing: /home/kirill/VNIIA/Projects/black_plat/install/t21_tracked/share/t21_tracked/cmake/ament_cmake_export_include_directories-extras.cmake
-- Installing: /home/kirill/VNIIA/Projects/black_plat/install/t21_tracked/share/t21_tracked/cmake/ament_cmake_export_libraries-extras.cmake
-- Installing: /home/kirill/VNIIA/Projects/black_plat/install/t21_tracked/share/t21_tracked/cmake/ament_cmake_export_dependencies-extras.cmake
-- Installing: /home/kirill/VNIIA/Projects/black_plat/install/t21_tracked/share/t21_tracked/cmake/t21_trackedConfig.cmake
-- Installing: /home/kirill/VNIIA/Projects/black_plat/install/t21_tracked/share/t21_tracked/cmake/t21_trackedConfig-version.cmake
-- Installing: /home/kirill/VNIIA/Projects/black_plat/install/t21_tracked/share/t21_tracked/package.xml
