[0.022s] Invoking command in '/home/kirill/VNIIA/Projects/black_plat/build/t21_tracked': CMAKE_PREFIX_PATH=${CMAKE_PREFIX_PATH}:/home/kirill/VNIIA/Projects/black_plat/install/t21_teleop:/opt/ros/humble /usr/bin/cmake /home/kirill/VNIIA/Projects/black_plat/src/ros2_control/ros2_control_t21_hardware -DCMAKE_INSTALL_PREFIX=/home/kirill/VNIIA/Projects/black_plat/install/t21_tracked
[0.097s] -- The CXX compiler identification is GNU 11.4.0
[0.105s] -- Detecting CXX compiler ABI info
[0.195s] -- Detecting CXX compiler ABI info - done
[0.209s] -- Check for working CXX compiler: /usr/bin/c++ - skipped
[0.209s] -- Detecting CXX compile features
[0.209s] -- Detecting CXX compile features - done
[0.210s] -- Found ament_cmake: 1.3.12 (/opt/ros/humble/share/ament_cmake/cmake)
[0.389s] -- Found Python3: /usr/bin/python3 (found version "3.10.12") found components: Interpreter 
[0.469s] -- Found hardware_interface: 2.51.0 (/opt/ros/humble/share/hardware_interface/cmake)
[0.519s] -- Found rosidl_generator_c: 3.1.7 (/opt/ros/humble/share/rosidl_generator_c/cmake)
[0.527s] -- Found rosidl_adapter: 3.1.7 (/opt/ros/humble/share/rosidl_adapter/cmake)
[0.540s] -- Found rosidl_generator_cpp: 3.1.7 (/opt/ros/humble/share/rosidl_generator_cpp/cmake)
[0.559s] -- Using all available rosidl_typesupport_c: rosidl_typesupport_fastrtps_c;rosidl_typesupport_introspection_c
[0.575s] -- Using all available rosidl_typesupport_cpp: rosidl_typesupport_fastrtps_cpp;rosidl_typesupport_introspection_cpp
[0.786s] -- Found rmw_implementation_cmake: 6.1.2 (/opt/ros/humble/share/rmw_implementation_cmake/cmake)
[0.791s] -- Found rmw_fastrtps_cpp: 6.2.8 (/opt/ros/humble/share/rmw_fastrtps_cpp/cmake)
[0.818s] -- Found TinyXML2 via Config file: TinyXML2_DIR-NOTFOUND
[0.855s] -- Found OpenSSL: /usr/lib/x86_64-linux-gnu/libcrypto.so (found version "3.0.2")  
[0.858s] -- Found TinyXML2 via Config file: TinyXML2_DIR-NOTFOUND
[0.877s] -- Found FastRTPS: /opt/ros/humble/include  
[0.881s] -- Found TinyXML2 via Config file: TinyXML2_DIR-NOTFOUND
[0.890s] -- Found TinyXML2 via Config file: TinyXML2_DIR-NOTFOUND
[0.902s] -- Using RMW implementation 'rmw_fastrtps_cpp' as default
[0.910s] -- Looking for C++ include pthread.h
[0.995s] -- Looking for C++ include pthread.h - found
[0.995s] -- Performing Test CMAKE_HAVE_LIBC_PTHREAD
[1.088s] -- Performing Test CMAKE_HAVE_LIBC_PTHREAD - Success
[1.089s] -- Found Threads: TRUE  
[1.151s] -- Found Boost: /usr/lib/x86_64-linux-gnu/cmake/Boost-1.74.0/BoostConfig.cmake (found version "1.74.0") found components: system 
[1.155s] -- Found graph_msgs: 0.2.0 (/opt/ros/humble/share/graph_msgs/cmake)
[1.178s] -- Found moveit_core: 2.5.9 (/opt/ros/humble/share/moveit_core/cmake)
[1.212s] -- Found Boost: /usr/lib/x86_64-linux-gnu/cmake/Boost-1.74.0/BoostConfig.cmake (found version "1.74.0") found components: chrono date_time filesystem iostreams program_options regex serialization system thread 
[1.273s] -- Found parameter_traits: 0.5.0 (/opt/ros/humble/share/parameter_traits/cmake)
[1.297s] -- Found Boost: /usr/lib/x86_64-linux-gnu/cmake/Boost-1.74.0/BoostConfig.cmake (found version "1.74.0") found components: filesystem 
[1.395s] -- library: /usr/lib/x86_64-linux-gnu/libcurl.so
[1.452s] -- Found Eigen3: TRUE (found version "3.4.0") 
[1.453s] -- Ensuring Eigen3 include directory is part of orocos-kdl CMake target
[1.725s] -- Found moveit_ros_planning: 2.5.9 (/opt/ros/humble/share/moveit_ros_planning/cmake)
[1.731s] -- Found Boost: /usr/lib/x86_64-linux-gnu/cmake/Boost-1.74.0/BoostConfig.cmake (found version "1.74.0") found components: system filesystem date_time program_options thread chrono 
[1.771s] -- Found rviz_visual_tools: 4.1.4 (/opt/ros/humble/share/rviz_visual_tools/cmake)
[1.818s] -- Setting assimp_DIR to: '/opt/ros/humble/share/rviz_assimp_vendor/cmake/../../../opt/rviz_assimp_vendor/lib/cmake/assimp-4.1'
[1.828s] -- Setting OGRE_DIR to: '/opt/ros/humble/share/rviz_ogre_vendor/cmake/../../../opt/rviz_ogre_vendor/lib/OGRE/cmake'
[1.831s] -- Found OGRE
[1.831s] --   static     : OFF
[1.831s] --   components : HLMS;MeshLodGenerator;Overlay;Paging;Property;RTShaderSystem;Terrain;Volume
[1.831s] --   plugins    : Plugin_BSPSceneManager;Plugin_OctreeSceneManager;Plugin_PCZSceneManager;Plugin_ParticleFX;RenderSystem_GL;RenderSystem_GL3Plus;Codec_STBI
[1.831s] --   media      : /opt/ros/humble/opt/rviz_ogre_vendor/share/OGRE/Media
[1.831s] -- OGRE_LIBRARIES: OgreHLMS;OgreMeshLodGenerator;OgreOverlay;OgrePaging;OgreProperty;OgreRTShaderSystem;OgreTerrain;OgreVolume;OgreMain
[1.831s] -- OGRE_LIBRARY_DIRS: /opt/ros/humble/opt/rviz_ogre_vendor/lib
[1.831s] -- OGRE_PLUGINS: Plugin_BSPSceneManager;Plugin_OctreeSceneManager;Plugin_PCZSceneManager;Plugin_ParticleFX;RenderSystem_GL;RenderSystem_GL3Plus;Codec_STBI
[1.831s] -- OGRE_PLUGIN_DIR: /opt/ros/humble/opt/rviz_ogre_vendor/lib/OGRE
[1.831s] -- rviz_ogre_vendor::OgreOverlay for IMPORTED_LOCATION_RELEASE: /opt/ros/humble/opt/rviz_ogre_vendor/lib/libOgreOverlay.so
[1.831s] -- rviz_ogre_vendor::OgreOverlay for IMPORTED_LOCATION_DEBUG: /opt/ros/humble/opt/rviz_ogre_vendor/lib/libOgreOverlay.so
[1.832s] -- rviz_ogre_vendor::OgreMain for IMPORTED_LOCATION_RELEASE: /opt/ros/humble/opt/rviz_ogre_vendor/lib/libOgreMain.so
[1.832s] -- rviz_ogre_vendor::OgreMain for IMPORTED_LOCATION_DEBUG: /opt/ros/humble/opt/rviz_ogre_vendor/lib/libOgreMain.so
[1.868s] -- Found ZLIB: /usr/lib/x86_64-linux-gnu/libz.so (found version "1.2.11") 
[1.880s] -- Found OpenGL: /usr/lib/x86_64-linux-gnu/libOpenGL.so   
[2.015s] -- Found X11: /usr/include   
[2.015s] -- Looking for XOpenDisplay in /usr/lib/x86_64-linux-gnu/libX11.so;/usr/lib/x86_64-linux-gnu/libXext.so
[2.083s] -- Looking for XOpenDisplay in /usr/lib/x86_64-linux-gnu/libX11.so;/usr/lib/x86_64-linux-gnu/libXext.so - found
[2.083s] -- Looking for gethostbyname
[2.164s] -- Looking for gethostbyname - found
[2.165s] -- Looking for connect
[2.258s] -- Looking for connect - found
[2.258s] -- Looking for remove
[2.347s] -- Looking for remove - found
[2.347s] -- Looking for shmat
[2.436s] -- Looking for shmat - found
[2.437s] -- Looking for IceConnectionNumber in ICE
[2.532s] -- Looking for IceConnectionNumber in ICE - found
[2.685s] -- Found ament_cmake_gtest: 1.3.12 (/opt/ros/humble/share/ament_cmake_gtest/cmake)
[2.762s] -- Configuring done
[2.843s] -- Generating done
[2.857s] -- Build files have been written to: /home/kirill/VNIIA/Projects/black_plat/build/t21_tracked
[2.875s] Invoked command in '/home/kirill/VNIIA/Projects/black_plat/build/t21_tracked' returned '0': CMAKE_PREFIX_PATH=${CMAKE_PREFIX_PATH}:/home/kirill/VNIIA/Projects/black_plat/install/t21_teleop:/opt/ros/humble /usr/bin/cmake /home/kirill/VNIIA/Projects/black_plat/src/ros2_control/ros2_control_t21_hardware -DCMAKE_INSTALL_PREFIX=/home/kirill/VNIIA/Projects/black_plat/install/t21_tracked
[2.877s] Invoking command in '/home/kirill/VNIIA/Projects/black_plat/build/t21_tracked': CMAKE_PREFIX_PATH=${CMAKE_PREFIX_PATH}:/home/kirill/VNIIA/Projects/black_plat/install/t21_teleop:/opt/ros/humble /usr/bin/cmake --build /home/kirill/VNIIA/Projects/black_plat/build/t21_tracked -- -j8 -l8
[2.941s] [ 33%] [32mBuilding CXX object CMakeFiles/t21_tracked.dir/src/udp_tracked.cpp.o[0m
[2.947s] [ 66%] [32mBuilding CXX object CMakeFiles/t21_tracked.dir/src/t21_tracked.cpp.o[0m
[7.782s] [100%] [32m[1mLinking CXX shared library libt21_tracked.so[0m
[8.202s] [100%] Built target t21_tracked
[8.214s] Invoked command in '/home/kirill/VNIIA/Projects/black_plat/build/t21_tracked' returned '0': CMAKE_PREFIX_PATH=${CMAKE_PREFIX_PATH}:/home/kirill/VNIIA/Projects/black_plat/install/t21_teleop:/opt/ros/humble /usr/bin/cmake --build /home/kirill/VNIIA/Projects/black_plat/build/t21_tracked -- -j8 -l8
[8.215s] Invoking command in '/home/kirill/VNIIA/Projects/black_plat/build/t21_tracked': CMAKE_PREFIX_PATH=${CMAKE_PREFIX_PATH}:/home/kirill/VNIIA/Projects/black_plat/install/t21_teleop:/opt/ros/humble /usr/bin/cmake --install /home/kirill/VNIIA/Projects/black_plat/build/t21_tracked
[8.226s] -- Install configuration: ""
[8.226s] -- Installing: /home/kirill/VNIIA/Projects/black_plat/install/t21_tracked/share/t21_tracked/ros2_control_t21_hardware.xml
[8.226s] -- Installing: /home/kirill/VNIIA/Projects/black_plat/install/t21_tracked/lib/libt21_tracked.so
[8.227s] -- Set runtime path of "/home/kirill/VNIIA/Projects/black_plat/install/t21_tracked/lib/libt21_tracked.so" to ""
[8.227s] -- Installing: /home/kirill/VNIIA/Projects/black_plat/install/t21_tracked/include
[8.227s] -- Installing: /home/kirill/VNIIA/Projects/black_plat/install/t21_tracked/include/ros2_control_t21_hardware
[8.227s] -- Installing: /home/kirill/VNIIA/Projects/black_plat/install/t21_tracked/include/ros2_control_t21_hardware/udp_tracked.hpp
[8.228s] -- Installing: /home/kirill/VNIIA/Projects/black_plat/install/t21_tracked/include/ros2_control_t21_hardware/visibility_control.h
[8.228s] -- Installing: /home/kirill/VNIIA/Projects/black_plat/install/t21_tracked/include/ros2_control_t21_hardware/t21_tracked.hpp
[8.228s] -- Up-to-date: /home/kirill/VNIIA/Projects/black_plat/install/t21_tracked/share/t21_tracked/ros2_control_t21_hardware.xml
[8.228s] -- Installing: /home/kirill/VNIIA/Projects/black_plat/install/t21_tracked/share/t21_tracked/environment/library_path.sh
[8.228s] -- Installing: /home/kirill/VNIIA/Projects/black_plat/install/t21_tracked/share/t21_tracked/environment/library_path.dsv
[8.228s] -- Installing: /home/kirill/VNIIA/Projects/black_plat/install/t21_tracked/share/ament_index/resource_index/package_run_dependencies/t21_tracked
[8.228s] -- Installing: /home/kirill/VNIIA/Projects/black_plat/install/t21_tracked/share/ament_index/resource_index/parent_prefix_path/t21_tracked
[8.228s] -- Installing: /home/kirill/VNIIA/Projects/black_plat/install/t21_tracked/share/t21_tracked/environment/ament_prefix_path.sh
[8.228s] -- Installing: /home/kirill/VNIIA/Projects/black_plat/install/t21_tracked/share/t21_tracked/environment/ament_prefix_path.dsv
[8.229s] -- Installing: /home/kirill/VNIIA/Projects/black_plat/install/t21_tracked/share/t21_tracked/environment/path.sh
[8.229s] -- Installing: /home/kirill/VNIIA/Projects/black_plat/install/t21_tracked/share/t21_tracked/environment/path.dsv
[8.229s] -- Installing: /home/kirill/VNIIA/Projects/black_plat/install/t21_tracked/share/t21_tracked/local_setup.bash
[8.229s] -- Installing: /home/kirill/VNIIA/Projects/black_plat/install/t21_tracked/share/t21_tracked/local_setup.sh
[8.229s] -- Installing: /home/kirill/VNIIA/Projects/black_plat/install/t21_tracked/share/t21_tracked/local_setup.zsh
[8.229s] -- Installing: /home/kirill/VNIIA/Projects/black_plat/install/t21_tracked/share/t21_tracked/local_setup.dsv
[8.229s] -- Installing: /home/kirill/VNIIA/Projects/black_plat/install/t21_tracked/share/t21_tracked/package.dsv
[8.230s] -- Installing: /home/kirill/VNIIA/Projects/black_plat/install/t21_tracked/share/ament_index/resource_index/packages/t21_tracked
[8.230s] -- Installing: /home/kirill/VNIIA/Projects/black_plat/install/t21_tracked/share/ament_index/resource_index/hardware_interface__pluginlib__plugin/t21_tracked
[8.230s] -- Installing: /home/kirill/VNIIA/Projects/black_plat/install/t21_tracked/share/t21_tracked/cmake/export_t21_trackedExport.cmake
[8.230s] -- Installing: /home/kirill/VNIIA/Projects/black_plat/install/t21_tracked/share/t21_tracked/cmake/export_t21_trackedExport-noconfig.cmake
[8.230s] -- Installing: /home/kirill/VNIIA/Projects/black_plat/install/t21_tracked/share/t21_tracked/cmake/ament_cmake_export_targets-extras.cmake
[8.230s] -- Installing: /home/kirill/VNIIA/Projects/black_plat/install/t21_tracked/share/t21_tracked/cmake/ament_cmake_export_include_directories-extras.cmake
[8.230s] -- Installing: /home/kirill/VNIIA/Projects/black_plat/install/t21_tracked/share/t21_tracked/cmake/ament_cmake_export_libraries-extras.cmake
[8.231s] -- Installing: /home/kirill/VNIIA/Projects/black_plat/install/t21_tracked/share/t21_tracked/cmake/ament_cmake_export_dependencies-extras.cmake
[8.231s] -- Installing: /home/kirill/VNIIA/Projects/black_plat/install/t21_tracked/share/t21_tracked/cmake/t21_trackedConfig.cmake
[8.231s] -- Installing: /home/kirill/VNIIA/Projects/black_plat/install/t21_tracked/share/t21_tracked/cmake/t21_trackedConfig-version.cmake
[8.231s] -- Installing: /home/kirill/VNIIA/Projects/black_plat/install/t21_tracked/share/t21_tracked/package.xml
[8.233s] Invoked command in '/home/kirill/VNIIA/Projects/black_plat/build/t21_tracked' returned '0': CMAKE_PREFIX_PATH=${CMAKE_PREFIX_PATH}:/home/kirill/VNIIA/Projects/black_plat/install/t21_teleop:/opt/ros/humble /usr/bin/cmake --install /home/kirill/VNIIA/Projects/black_plat/build/t21_tracked
