[0.274s] Invoking command in '/home/kirill/VNIIA/Projects/black_plat/build/t21_tracked': CMAKE_PREFIX_PATH=${CMAKE_PREFIX_PATH}:/home/kirill/VNIIA/Projects/black_plat/install/t21_teleop:/opt/ros/humble /usr/bin/cmake --build /home/kirill/VNIIA/Projects/black_plat/build/t21_tracked -- -j8 -l8
[0.323s] [100%] Built target t21_tracked
[0.344s] Invoked command in '/home/kirill/VNIIA/Projects/black_plat/build/t21_tracked' returned '0': CMAKE_PREFIX_PATH=${CMAKE_PREFIX_PATH}:/home/kirill/VNIIA/Projects/black_plat/install/t21_teleop:/opt/ros/humble /usr/bin/cmake --build /home/kirill/VNIIA/Projects/black_plat/build/t21_tracked -- -j8 -l8
[0.346s] Invoking command in '/home/kirill/VNIIA/Projects/black_plat/build/t21_tracked': CMAKE_PREFIX_PATH=${CMAKE_PREFIX_PATH}:/home/kirill/VNIIA/Projects/black_plat/install/t21_teleop:/opt/ros/humble /usr/bin/cmake --install /home/kirill/VNIIA/Projects/black_plat/build/t21_tracked
[0.352s] -- Install configuration: ""
[0.352s] -- Up-to-date: /home/kirill/VNIIA/Projects/black_plat/install/t21_tracked/share/t21_tracked/ros2_control_t21_hardware.xml
[0.352s] -- Up-to-date: /home/kirill/VNIIA/Projects/black_plat/install/t21_tracked/lib/libt21_tracked.so
[0.352s] -- Up-to-date: /home/kirill/VNIIA/Projects/black_plat/install/t21_tracked/include
[0.352s] -- Up-to-date: /home/kirill/VNIIA/Projects/black_plat/install/t21_tracked/include/ros2_control_t21_hardware
[0.352s] -- Up-to-date: /home/kirill/VNIIA/Projects/black_plat/install/t21_tracked/include/ros2_control_t21_hardware/udp_tracked.hpp
[0.352s] -- Up-to-date: /home/kirill/VNIIA/Projects/black_plat/install/t21_tracked/include/ros2_control_t21_hardware/visibility_control.h
[0.352s] -- Up-to-date: /home/kirill/VNIIA/Projects/black_plat/install/t21_tracked/include/ros2_control_t21_hardware/t21_tracked.hpp
[0.352s] -- Up-to-date: /home/kirill/VNIIA/Projects/black_plat/install/t21_tracked/share/t21_tracked/ros2_control_t21_hardware.xml
[0.352s] -- Up-to-date: /home/kirill/VNIIA/Projects/black_plat/install/t21_tracked/share/t21_tracked/environment/library_path.sh
[0.352s] -- Up-to-date: /home/kirill/VNIIA/Projects/black_plat/install/t21_tracked/share/t21_tracked/environment/library_path.dsv
[0.352s] -- Up-to-date: /home/kirill/VNIIA/Projects/black_plat/install/t21_tracked/share/ament_index/resource_index/package_run_dependencies/t21_tracked
[0.353s] -- Up-to-date: /home/kirill/VNIIA/Projects/black_plat/install/t21_tracked/share/ament_index/resource_index/parent_prefix_path/t21_tracked
[0.353s] -- Up-to-date: /home/kirill/VNIIA/Projects/black_plat/install/t21_tracked/share/t21_tracked/environment/ament_prefix_path.sh
[0.353s] -- Up-to-date: /home/kirill/VNIIA/Projects/black_plat/install/t21_tracked/share/t21_tracked/environment/ament_prefix_path.dsv
[0.353s] -- Up-to-date: /home/kirill/VNIIA/Projects/black_plat/install/t21_tracked/share/t21_tracked/environment/path.sh
[0.353s] -- Up-to-date: /home/kirill/VNIIA/Projects/black_plat/install/t21_tracked/share/t21_tracked/environment/path.dsv
[0.353s] -- Up-to-date: /home/kirill/VNIIA/Projects/black_plat/install/t21_tracked/share/t21_tracked/local_setup.bash
[0.353s] -- Up-to-date: /home/kirill/VNIIA/Projects/black_plat/install/t21_tracked/share/t21_tracked/local_setup.sh
[0.353s] -- Up-to-date: /home/kirill/VNIIA/Projects/black_plat/install/t21_tracked/share/t21_tracked/local_setup.zsh
[0.353s] -- Up-to-date: /home/kirill/VNIIA/Projects/black_plat/install/t21_tracked/share/t21_tracked/local_setup.dsv
[0.353s] -- Installing: /home/kirill/VNIIA/Projects/black_plat/install/t21_tracked/share/t21_tracked/package.dsv
[0.353s] -- Up-to-date: /home/kirill/VNIIA/Projects/black_plat/install/t21_tracked/share/ament_index/resource_index/packages/t21_tracked
[0.353s] -- Up-to-date: /home/kirill/VNIIA/Projects/black_plat/install/t21_tracked/share/ament_index/resource_index/hardware_interface__pluginlib__plugin/t21_tracked
[0.353s] -- Up-to-date: /home/kirill/VNIIA/Projects/black_plat/install/t21_tracked/share/t21_tracked/cmake/export_t21_trackedExport.cmake
[0.353s] -- Up-to-date: /home/kirill/VNIIA/Projects/black_plat/install/t21_tracked/share/t21_tracked/cmake/export_t21_trackedExport-noconfig.cmake
[0.353s] -- Up-to-date: /home/kirill/VNIIA/Projects/black_plat/install/t21_tracked/share/t21_tracked/cmake/ament_cmake_export_targets-extras.cmake
[0.353s] -- Up-to-date: /home/kirill/VNIIA/Projects/black_plat/install/t21_tracked/share/t21_tracked/cmake/ament_cmake_export_include_directories-extras.cmake
[0.353s] -- Up-to-date: /home/kirill/VNIIA/Projects/black_plat/install/t21_tracked/share/t21_tracked/cmake/ament_cmake_export_libraries-extras.cmake
[0.353s] -- Up-to-date: /home/kirill/VNIIA/Projects/black_plat/install/t21_tracked/share/t21_tracked/cmake/ament_cmake_export_dependencies-extras.cmake
[0.353s] -- Up-to-date: /home/kirill/VNIIA/Projects/black_plat/install/t21_tracked/share/t21_tracked/cmake/t21_trackedConfig.cmake
[0.353s] -- Up-to-date: /home/kirill/VNIIA/Projects/black_plat/install/t21_tracked/share/t21_tracked/cmake/t21_trackedConfig-version.cmake
[0.354s] -- Up-to-date: /home/kirill/VNIIA/Projects/black_plat/install/t21_tracked/share/t21_tracked/package.xml
[0.365s] Invoked command in '/home/kirill/VNIIA/Projects/black_plat/build/t21_tracked' returned '0': CMAKE_PREFIX_PATH=${CMAKE_PREFIX_PATH}:/home/kirill/VNIIA/Projects/black_plat/install/t21_teleop:/opt/ros/humble /usr/bin/cmake --install /home/kirill/VNIIA/Projects/black_plat/build/t21_tracked
