-- The C compiler identification is GNU 11.4.0
-- The CXX compiler identification is GNU 11.4.0
-- Detecting C compiler ABI info
-- Detecting C compiler ABI info - done
-- Check for working C compiler: /usr/bin/cc - skipped
-- Detecting C compile features
-- Detecting C compile features - done
-- Detecting CXX compiler ABI info
-- Detecting CXX compiler ABI info - done
-- Check for working CXX compiler: /usr/bin/c++ - skipped
-- Detecting CXX compile features
-- Detecting CXX compile features - done
-- Found ament_cmake: 1.3.12 (/opt/ros/humble/share/ament_cmake/cmake)
-- Found Python3: /usr/bin/python3 (found version "3.10.12") found components: Interpreter 
-- Found rclcpp: 16.0.14 (/opt/ros/humble/share/rclcpp/cmake)
-- Found rosidl_generator_c: 3.1.7 (/opt/ros/humble/share/rosidl_generator_c/cmake)
-- Found rosidl_adapter: 3.1.7 (/opt/ros/humble/share/rosidl_adapter/cmake)
-- Found rosidl_generator_cpp: 3.1.7 (/opt/ros/humble/share/rosidl_generator_cpp/cmake)
-- Using all available rosidl_typesupport_c: rosidl_typesupport_fastrtps_c;rosidl_typesupport_introspection_c
-- Using all available rosidl_typesupport_cpp: rosidl_typesupport_fastrtps_cpp;rosidl_typesupport_introspection_cpp
-- Found rmw_implementation_cmake: 6.1.2 (/opt/ros/humble/share/rmw_implementation_cmake/cmake)
-- Found rmw_fastrtps_cpp: 6.2.8 (/opt/ros/humble/share/rmw_fastrtps_cpp/cmake)
-- Found OpenSSL: /usr/lib/x86_64-linux-gnu/libcrypto.so (found version "3.0.2")  
-- Found FastRTPS: /opt/ros/humble/include  
-- Using RMW implementation 'rmw_fastrtps_cpp' as default
-- Looking for pthread.h
-- Looking for pthread.h - found
-- Performing Test CMAKE_HAVE_LIBC_PTHREAD
-- Performing Test CMAKE_HAVE_LIBC_PTHREAD - Success
-- Found Threads: TRUE  
-- Found geometry_msgs: 4.9.0 (/opt/ros/humble/share/geometry_msgs/cmake)
-- Found sensor_msgs: 4.9.0 (/opt/ros/humble/share/sensor_msgs/cmake)
-- Found xacro: 2.0.13 (/opt/ros/humble/share/xacro/cmake)
-- Found urdf: 2.6.1 (/opt/ros/humble/share/urdf/cmake)
-- Found robot_state_publisher: 3.0.3 (/opt/ros/humble/share/robot_state_publisher/cmake)
-- Found eigen3_cmake_module: 0.1.1 (/opt/ros/humble/share/eigen3_cmake_module/cmake)
-- Found Eigen3: TRUE (found version "3.4.0") 
-- Ensuring Eigen3 include directory is part of orocos-kdl CMake target
-- Found ros2_control: 2.51.0 (/opt/ros/humble/share/ros2_control/cmake)
-- Found controller_interface: 2.51.0 (/opt/ros/humble/share/controller_interface/cmake)
-- Found diff_drive_controller: 2.48.0 (/opt/ros/humble/share/diff_drive_controller/cmake)
-- Found ament_lint_auto: 0.12.14 (/opt/ros/humble/share/ament_lint_auto/cmake)
-- Added test 'cppcheck' to perform static code analysis on C / C++ code
-- Configured cppcheck include dirs: 
-- Configured cppcheck exclude dirs and/or files: 
-- Added test 'flake8' to check Python code syntax and style conventions
-- Added test 'lint_cmake' to check CMake code style
-- Added test 'pep257' to check Python code against some of the docstring style conventions in PEP 257
-- Added test 'uncrustify' to check C / C++ code style
-- Configured uncrustify additional arguments: 
-- Added test 'xmllint' to check XML markup files
-- Configuring done
-- Generating done
-- Build files have been written to: /home/kirill/VNIIA/Projects/black_plat/build/tracked_description
[ 25%] [32mBuilding CXX object CMakeFiles/dummy.dir/src/dummy.cpp.o[0m
[ 50%] [32mBuilding CXX object CMakeFiles/cmd_vel_to_float.dir/src/cmd_vel_to_float.cpp.o[0m
[01m[K/home/kirill/VNIIA/Projects/black_plat/src/tracked_description/src/dummy.cpp:[m[K In function ‘[01m[Kint main(int, char**)[m[K’:
[01m[K/home/kirill/VNIIA/Projects/black_plat/src/tracked_description/src/dummy.cpp:93:15:[m[K [01;35m[Kwarning: [m[Kvariable ‘[01m[Kcli[m[K’ set but not used [[01;35m[K]8;;https://gcc.gnu.org/onlinedocs/gcc/Warning-Options.html#index-Wunused-but-set-variable-Wunused-but-set-variable]8;;[m[K]
   93 |   sockaddr_in [01;35m[Kcli[m[K{};
      |               [01;35m[K^~~[m[K
[ 75%] [32m[1mLinking CXX executable dummy[0m
[ 75%] Built target dummy
[100%] [32m[1mLinking CXX executable cmd_vel_to_float[0m
[100%] Built target cmd_vel_to_float
-- Install configuration: ""
-- Installing: /home/kirill/VNIIA/Projects/black_plat/install/tracked_description/lib/tracked_description/dummy
-- Set runtime path of "/home/kirill/VNIIA/Projects/black_plat/install/tracked_description/lib/tracked_description/dummy" to ""
-- Installing: /home/kirill/VNIIA/Projects/black_plat/install/tracked_description/lib/tracked_description/cmd_vel_to_float
-- Set runtime path of "/home/kirill/VNIIA/Projects/black_plat/install/tracked_description/lib/tracked_description/cmd_vel_to_float" to ""
-- Installing: /home/kirill/VNIIA/Projects/black_plat/install/tracked_description/share/tracked_description/launch
-- Installing: /home/kirill/VNIIA/Projects/black_plat/install/tracked_description/share/tracked_description/launch/bringup_t21.launch.py
-- Installing: /home/kirill/VNIIA/Projects/black_plat/install/tracked_description/share/tracked_description/launch/display.launch.py
-- Installing: /home/kirill/VNIIA/Projects/black_plat/install/tracked_description/share/tracked_description/launch/bringup_t21_odom_test.launch.py
-- Installing: /home/kirill/VNIIA/Projects/black_plat/install/tracked_description/share/tracked_description/urdf
-- Installing: /home/kirill/VNIIA/Projects/black_plat/install/tracked_description/share/tracked_description/urdf/t21.urdf.xacro
-- Installing: /home/kirill/VNIIA/Projects/black_plat/install/tracked_description/share/tracked_description/urdf/tracked_robot.urdf.xacro
-- Installing: /home/kirill/VNIIA/Projects/black_plat/install/tracked_description/share/tracked_description/mesh
-- Installing: /home/kirill/VNIIA/Projects/black_plat/install/tracked_description/share/tracked_description/mesh/base.stl
-- Installing: /home/kirill/VNIIA/Projects/black_plat/install/tracked_description/share/tracked_description/mesh/fliper.stl
-- Installing: /home/kirill/VNIIA/Projects/black_plat/install/tracked_description/share/tracked_description/mesh/big_box.stl
-- Installing: /home/kirill/VNIIA/Projects/black_plat/install/tracked_description/share/tracked_description/config
-- Installing: /home/kirill/VNIIA/Projects/black_plat/install/tracked_description/share/tracked_description/config/odometry_fus.yaml
-- Installing: /home/kirill/VNIIA/Projects/black_plat/install/tracked_description/share/tracked_description/config/t21.ros2_control.xacro
-- Installing: /home/kirill/VNIIA/Projects/black_plat/install/tracked_description/share/tracked_description/config/controllers.yaml
-- Installing: /home/kirill/VNIIA/Projects/black_plat/install/tracked_description/share/tracked_description/config/t21.rviz
-- Installing: /home/kirill/VNIIA/Projects/black_plat/install/tracked_description/share/tracked_description/config/ps4_teleop.yaml
-- Installing: /home/kirill/VNIIA/Projects/black_plat/install/tracked_description/share/tracked_description/config/ekf.yaml
-- Installing: /home/kirill/VNIIA/Projects/black_plat/install/tracked_description/share/ament_index/resource_index/package_run_dependencies/tracked_description
-- Installing: /home/kirill/VNIIA/Projects/black_plat/install/tracked_description/share/ament_index/resource_index/parent_prefix_path/tracked_description
-- Installing: /home/kirill/VNIIA/Projects/black_plat/install/tracked_description/share/tracked_description/environment/ament_prefix_path.sh
-- Installing: /home/kirill/VNIIA/Projects/black_plat/install/tracked_description/share/tracked_description/environment/ament_prefix_path.dsv
-- Installing: /home/kirill/VNIIA/Projects/black_plat/install/tracked_description/share/tracked_description/environment/path.sh
-- Installing: /home/kirill/VNIIA/Projects/black_plat/install/tracked_description/share/tracked_description/environment/path.dsv
-- Installing: /home/kirill/VNIIA/Projects/black_plat/install/tracked_description/share/tracked_description/local_setup.bash
-- Installing: /home/kirill/VNIIA/Projects/black_plat/install/tracked_description/share/tracked_description/local_setup.sh
-- Installing: /home/kirill/VNIIA/Projects/black_plat/install/tracked_description/share/tracked_description/local_setup.zsh
-- Installing: /home/kirill/VNIIA/Projects/black_plat/install/tracked_description/share/tracked_description/local_setup.dsv
-- Installing: /home/kirill/VNIIA/Projects/black_plat/install/tracked_description/share/tracked_description/package.dsv
-- Installing: /home/kirill/VNIIA/Projects/black_plat/install/tracked_description/share/ament_index/resource_index/packages/tracked_description
-- Installing: /home/kirill/VNIIA/Projects/black_plat/install/tracked_description/share/tracked_description/cmake/tracked_descriptionConfig.cmake
-- Installing: /home/kirill/VNIIA/Projects/black_plat/install/tracked_description/share/tracked_description/cmake/tracked_descriptionConfig-version.cmake
-- Installing: /home/kirill/VNIIA/Projects/black_plat/install/tracked_description/share/tracked_description/package.xml
