[0.011s] Invoking command in '/home/kirill/VNIIA/Projects/black_plat/build/tracked_description': CMAKE_PREFIX_PATH=/home/kirill/VNIIA/Projects/black_plat/install/bluespace_ai_xsens_mti_driver:/home/kirill/VNIIA/Projects/black_plat/install/velodyne_simulator:/home/kirill/VNIIA/Projects/black_plat/install/velodyne_gazebo_plugins:/home/kirill/VNIIA/Projects/black_plat/install/velodyne_description:/home/kirill/VNIIA/Projects/black_plat/install/t21_sim:/home/kirill/VNIIA/Projects/black_plat/install/tracked_description:/home/kirill/VNIIA/Projects/black_plat/install/t21_tracked:/home/kirill/VNIIA/Projects/black_plat/install/t21_rtabmap:/home/kirill/VNIIA/Projects/black_plat/install/t21_navigation:/home/kirill/VNIIA/Projects/black_plat/install/t21_lidar:/home/kirill/VNIIA/Projects/black_plat/install/odometry_fus:/home/kirill/VNIIA/Projects/black_plat/install/lio_sam:/home/kirill/VNIIA/Projects/black_plat/install/t21_teleop:/opt/ros/humble /usr/bin/cmake /home/kirill/VNIIA/Projects/black_plat/src/tracked_description -DCMAKE_INSTALL_PREFIX=/home/kirill/VNIIA/Projects/black_plat/install/tracked_description
[0.084s] -- The C compiler identification is GNU 11.4.0
[0.160s] -- The CXX compiler identification is GNU 11.4.0
[0.169s] -- Detecting C compiler ABI info
[0.253s] -- Detecting C compiler ABI info - done
[0.264s] -- Check for working C compiler: /usr/bin/cc - skipped
[0.264s] -- Detecting C compile features
[0.265s] -- Detecting C compile features - done
[0.269s] -- Detecting CXX compiler ABI info
[0.372s] -- Detecting CXX compiler ABI info - done
[0.385s] -- Check for working CXX compiler: /usr/bin/c++ - skipped
[0.385s] -- Detecting CXX compile features
[0.386s] -- Detecting CXX compile features - done
[0.390s] -- Found ament_cmake: 1.3.12 (/opt/ros/humble/share/ament_cmake/cmake)
[0.588s] -- Found Python3: /usr/bin/python3 (found version "3.10.12") found components: Interpreter 
[0.712s] -- Found rclcpp: 16.0.14 (/opt/ros/humble/share/rclcpp/cmake)
[0.783s] -- Found rosidl_generator_c: 3.1.7 (/opt/ros/humble/share/rosidl_generator_c/cmake)
[0.792s] -- Found rosidl_adapter: 3.1.7 (/opt/ros/humble/share/rosidl_adapter/cmake)
[0.807s] -- Found rosidl_generator_cpp: 3.1.7 (/opt/ros/humble/share/rosidl_generator_cpp/cmake)
[0.827s] -- Using all available rosidl_typesupport_c: rosidl_typesupport_fastrtps_c;rosidl_typesupport_introspection_c
[0.854s] -- Using all available rosidl_typesupport_cpp: rosidl_typesupport_fastrtps_cpp;rosidl_typesupport_introspection_cpp
[0.929s] -- Found rmw_implementation_cmake: 6.1.2 (/opt/ros/humble/share/rmw_implementation_cmake/cmake)
[0.935s] -- Found rmw_fastrtps_cpp: 6.2.8 (/opt/ros/humble/share/rmw_fastrtps_cpp/cmake)
[1.067s] -- Found OpenSSL: /usr/lib/x86_64-linux-gnu/libcrypto.so (found version "3.0.2")  
[1.104s] -- Found FastRTPS: /opt/ros/humble/include  
[1.142s] -- Using RMW implementation 'rmw_fastrtps_cpp' as default
[1.151s] -- Looking for pthread.h
[1.214s] -- Looking for pthread.h - found
[1.214s] -- Performing Test CMAKE_HAVE_LIBC_PTHREAD
[1.273s] -- Performing Test CMAKE_HAVE_LIBC_PTHREAD - Success
[1.274s] -- Found Threads: TRUE  
[1.325s] -- Found geometry_msgs: 4.9.0 (/opt/ros/humble/share/geometry_msgs/cmake)
[1.337s] -- Found sensor_msgs: 4.9.0 (/opt/ros/humble/share/sensor_msgs/cmake)
[1.354s] -- Found xacro: 2.0.13 (/opt/ros/humble/share/xacro/cmake)
[1.356s] -- Found urdf: 2.6.1 (/opt/ros/humble/share/urdf/cmake)
[1.391s] -- Found robot_state_publisher: 3.0.3 (/opt/ros/humble/share/robot_state_publisher/cmake)
[1.411s] -- Found eigen3_cmake_module: 0.1.1 (/opt/ros/humble/share/eigen3_cmake_module/cmake)
[1.412s] -- Found Eigen3: TRUE (found version "3.4.0") 
[1.412s] -- Ensuring Eigen3 include directory is part of orocos-kdl CMake target
[1.509s] -- Found ros2_control: 2.51.0 (/opt/ros/humble/share/ros2_control/cmake)
[1.511s] -- Found controller_interface: 2.51.0 (/opt/ros/humble/share/controller_interface/cmake)
[1.585s] -- Found diff_drive_controller: 2.48.0 (/opt/ros/humble/share/diff_drive_controller/cmake)
[1.648s] -- Found ament_lint_auto: 0.12.14 (/opt/ros/humble/share/ament_lint_auto/cmake)
[1.726s] -- Added test 'cppcheck' to perform static code analysis on C / C++ code
[1.726s] -- Configured cppcheck include dirs: 
[1.726s] -- Configured cppcheck exclude dirs and/or files: 
[1.727s] -- Added test 'flake8' to check Python code syntax and style conventions
[1.727s] -- Added test 'lint_cmake' to check CMake code style
[1.728s] -- Added test 'pep257' to check Python code against some of the docstring style conventions in PEP 257
[1.729s] -- Added test 'uncrustify' to check C / C++ code style
[1.729s] -- Configured uncrustify additional arguments: 
[1.730s] -- Added test 'xmllint' to check XML markup files
[1.731s] -- Configuring done
[1.758s] -- Generating done
[1.767s] -- Build files have been written to: /home/kirill/VNIIA/Projects/black_plat/build/tracked_description
[1.780s] Invoked command in '/home/kirill/VNIIA/Projects/black_plat/build/tracked_description' returned '0': CMAKE_PREFIX_PATH=/home/kirill/VNIIA/Projects/black_plat/install/bluespace_ai_xsens_mti_driver:/home/kirill/VNIIA/Projects/black_plat/install/velodyne_simulator:/home/kirill/VNIIA/Projects/black_plat/install/velodyne_gazebo_plugins:/home/kirill/VNIIA/Projects/black_plat/install/velodyne_description:/home/kirill/VNIIA/Projects/black_plat/install/t21_sim:/home/kirill/VNIIA/Projects/black_plat/install/tracked_description:/home/kirill/VNIIA/Projects/black_plat/install/t21_tracked:/home/kirill/VNIIA/Projects/black_plat/install/t21_rtabmap:/home/kirill/VNIIA/Projects/black_plat/install/t21_navigation:/home/kirill/VNIIA/Projects/black_plat/install/t21_lidar:/home/kirill/VNIIA/Projects/black_plat/install/odometry_fus:/home/kirill/VNIIA/Projects/black_plat/install/lio_sam:/home/kirill/VNIIA/Projects/black_plat/install/t21_teleop:/opt/ros/humble /usr/bin/cmake /home/kirill/VNIIA/Projects/black_plat/src/tracked_description -DCMAKE_INSTALL_PREFIX=/home/kirill/VNIIA/Projects/black_plat/install/tracked_description
[1.781s] Invoking command in '/home/kirill/VNIIA/Projects/black_plat/build/tracked_description': CMAKE_PREFIX_PATH=/home/kirill/VNIIA/Projects/black_plat/install/bluespace_ai_xsens_mti_driver:/home/kirill/VNIIA/Projects/black_plat/install/velodyne_simulator:/home/kirill/VNIIA/Projects/black_plat/install/velodyne_gazebo_plugins:/home/kirill/VNIIA/Projects/black_plat/install/velodyne_description:/home/kirill/VNIIA/Projects/black_plat/install/t21_sim:/home/kirill/VNIIA/Projects/black_plat/install/tracked_description:/home/kirill/VNIIA/Projects/black_plat/install/t21_tracked:/home/kirill/VNIIA/Projects/black_plat/install/t21_rtabmap:/home/kirill/VNIIA/Projects/black_plat/install/t21_navigation:/home/kirill/VNIIA/Projects/black_plat/install/t21_lidar:/home/kirill/VNIIA/Projects/black_plat/install/odometry_fus:/home/kirill/VNIIA/Projects/black_plat/install/lio_sam:/home/kirill/VNIIA/Projects/black_plat/install/t21_teleop:/opt/ros/humble /usr/bin/cmake --build /home/kirill/VNIIA/Projects/black_plat/build/tracked_description -- -j8 -l8
[1.832s] [ 25%] [32mBuilding CXX object CMakeFiles/dummy.dir/src/dummy.cpp.o[0m
[1.833s] [ 50%] [32mBuilding CXX object CMakeFiles/cmd_vel_to_float.dir/src/cmd_vel_to_float.cpp.o[0m
[2.235s] [01m[K/home/kirill/VNIIA/Projects/black_plat/src/tracked_description/src/dummy.cpp:[m[K In function ‘[01m[Kint main(int, char**)[m[K’:
[2.235s] [01m[K/home/kirill/VNIIA/Projects/black_plat/src/tracked_description/src/dummy.cpp:93:15:[m[K [01;35m[Kwarning: [m[Kvariable ‘[01m[Kcli[m[K’ set but not used [[01;35m[K]8;;https://gcc.gnu.org/onlinedocs/gcc/Warning-Options.html#index-Wunused-but-set-variable-Wunused-but-set-variable]8;;[m[K]
[2.235s]    93 |   sockaddr_in [01;35m[Kcli[m[K{};
[2.235s]       |               [01;35m[K^~~[m[K
[2.380s] [ 75%] [32m[1mLinking CXX executable dummy[0m
[4.646s] [ 75%] Built target dummy
[11.470s] [100%] [32m[1mLinking CXX executable cmd_vel_to_float[0m
[11.879s] [100%] Built target cmd_vel_to_float
[11.887s] Invoked command in '/home/kirill/VNIIA/Projects/black_plat/build/tracked_description' returned '0': CMAKE_PREFIX_PATH=/home/kirill/VNIIA/Projects/black_plat/install/bluespace_ai_xsens_mti_driver:/home/kirill/VNIIA/Projects/black_plat/install/velodyne_simulator:/home/kirill/VNIIA/Projects/black_plat/install/velodyne_gazebo_plugins:/home/kirill/VNIIA/Projects/black_plat/install/velodyne_description:/home/kirill/VNIIA/Projects/black_plat/install/t21_sim:/home/kirill/VNIIA/Projects/black_plat/install/tracked_description:/home/kirill/VNIIA/Projects/black_plat/install/t21_tracked:/home/kirill/VNIIA/Projects/black_plat/install/t21_rtabmap:/home/kirill/VNIIA/Projects/black_plat/install/t21_navigation:/home/kirill/VNIIA/Projects/black_plat/install/t21_lidar:/home/kirill/VNIIA/Projects/black_plat/install/odometry_fus:/home/kirill/VNIIA/Projects/black_plat/install/lio_sam:/home/kirill/VNIIA/Projects/black_plat/install/t21_teleop:/opt/ros/humble /usr/bin/cmake --build /home/kirill/VNIIA/Projects/black_plat/build/tracked_description -- -j8 -l8
[11.888s] Invoking command in '/home/kirill/VNIIA/Projects/black_plat/build/tracked_description': CMAKE_PREFIX_PATH=/home/kirill/VNIIA/Projects/black_plat/install/bluespace_ai_xsens_mti_driver:/home/kirill/VNIIA/Projects/black_plat/install/velodyne_simulator:/home/kirill/VNIIA/Projects/black_plat/install/velodyne_gazebo_plugins:/home/kirill/VNIIA/Projects/black_plat/install/velodyne_description:/home/kirill/VNIIA/Projects/black_plat/install/t21_sim:/home/kirill/VNIIA/Projects/black_plat/install/tracked_description:/home/kirill/VNIIA/Projects/black_plat/install/t21_tracked:/home/kirill/VNIIA/Projects/black_plat/install/t21_rtabmap:/home/kirill/VNIIA/Projects/black_plat/install/t21_navigation:/home/kirill/VNIIA/Projects/black_plat/install/t21_lidar:/home/kirill/VNIIA/Projects/black_plat/install/odometry_fus:/home/kirill/VNIIA/Projects/black_plat/install/lio_sam:/home/kirill/VNIIA/Projects/black_plat/install/t21_teleop:/opt/ros/humble /usr/bin/cmake --install /home/kirill/VNIIA/Projects/black_plat/build/tracked_description
[11.893s] -- Install configuration: ""
[11.893s] -- Installing: /home/kirill/VNIIA/Projects/black_plat/install/tracked_description/lib/tracked_description/dummy
[11.894s] -- Set runtime path of "/home/kirill/VNIIA/Projects/black_plat/install/tracked_description/lib/tracked_description/dummy" to ""
[11.894s] -- Installing: /home/kirill/VNIIA/Projects/black_plat/install/tracked_description/lib/tracked_description/cmd_vel_to_float
[11.896s] -- Set runtime path of "/home/kirill/VNIIA/Projects/black_plat/install/tracked_description/lib/tracked_description/cmd_vel_to_float" to ""
[11.896s] -- Installing: /home/kirill/VNIIA/Projects/black_plat/install/tracked_description/share/tracked_description/launch
[11.896s] -- Installing: /home/kirill/VNIIA/Projects/black_plat/install/tracked_description/share/tracked_description/launch/bringup_t21.launch.py
[11.897s] -- Installing: /home/kirill/VNIIA/Projects/black_plat/install/tracked_description/share/tracked_description/launch/display.launch.py
[11.897s] -- Installing: /home/kirill/VNIIA/Projects/black_plat/install/tracked_description/share/tracked_description/launch/bringup_t21_odom_test.launch.py
[11.897s] -- Installing: /home/kirill/VNIIA/Projects/black_plat/install/tracked_description/share/tracked_description/urdf
[11.897s] -- Installing: /home/kirill/VNIIA/Projects/black_plat/install/tracked_description/share/tracked_description/urdf/t21.urdf.xacro
[11.897s] -- Installing: /home/kirill/VNIIA/Projects/black_plat/install/tracked_description/share/tracked_description/urdf/tracked_robot.urdf.xacro
[11.897s] -- Installing: /home/kirill/VNIIA/Projects/black_plat/install/tracked_description/share/tracked_description/mesh
[11.897s] -- Installing: /home/kirill/VNIIA/Projects/black_plat/install/tracked_description/share/tracked_description/mesh/base.stl
[11.943s] -- Installing: /home/kirill/VNIIA/Projects/black_plat/install/tracked_description/share/tracked_description/mesh/fliper.stl
[11.945s] -- Installing: /home/kirill/VNIIA/Projects/black_plat/install/tracked_description/share/tracked_description/mesh/big_box.stl
[11.945s] -- Installing: /home/kirill/VNIIA/Projects/black_plat/install/tracked_description/share/tracked_description/config
[11.945s] -- Installing: /home/kirill/VNIIA/Projects/black_plat/install/tracked_description/share/tracked_description/config/odometry_fus.yaml
[11.946s] -- Installing: /home/kirill/VNIIA/Projects/black_plat/install/tracked_description/share/tracked_description/config/t21.ros2_control.xacro
[11.946s] -- Installing: /home/kirill/VNIIA/Projects/black_plat/install/tracked_description/share/tracked_description/config/controllers.yaml
[11.946s] -- Installing: /home/kirill/VNIIA/Projects/black_plat/install/tracked_description/share/tracked_description/config/t21.rviz
[11.946s] -- Installing: /home/kirill/VNIIA/Projects/black_plat/install/tracked_description/share/tracked_description/config/ps4_teleop.yaml
[11.946s] -- Installing: /home/kirill/VNIIA/Projects/black_plat/install/tracked_description/share/tracked_description/config/ekf.yaml
[11.947s] -- Installing: /home/kirill/VNIIA/Projects/black_plat/install/tracked_description/share/ament_index/resource_index/package_run_dependencies/tracked_description
[11.947s] -- Installing: /home/kirill/VNIIA/Projects/black_plat/install/tracked_description/share/ament_index/resource_index/parent_prefix_path/tracked_description
[11.947s] -- Installing: /home/kirill/VNIIA/Projects/black_plat/install/tracked_description/share/tracked_description/environment/ament_prefix_path.sh
[11.947s] -- Installing: /home/kirill/VNIIA/Projects/black_plat/install/tracked_description/share/tracked_description/environment/ament_prefix_path.dsv
[11.947s] -- Installing: /home/kirill/VNIIA/Projects/black_plat/install/tracked_description/share/tracked_description/environment/path.sh
[11.947s] -- Installing: /home/kirill/VNIIA/Projects/black_plat/install/tracked_description/share/tracked_description/environment/path.dsv
[11.947s] -- Installing: /home/kirill/VNIIA/Projects/black_plat/install/tracked_description/share/tracked_description/local_setup.bash
[11.947s] -- Installing: /home/kirill/VNIIA/Projects/black_plat/install/tracked_description/share/tracked_description/local_setup.sh
[11.947s] -- Installing: /home/kirill/VNIIA/Projects/black_plat/install/tracked_description/share/tracked_description/local_setup.zsh
[11.947s] -- Installing: /home/kirill/VNIIA/Projects/black_plat/install/tracked_description/share/tracked_description/local_setup.dsv
[11.947s] -- Installing: /home/kirill/VNIIA/Projects/black_plat/install/tracked_description/share/tracked_description/package.dsv
[11.947s] -- Installing: /home/kirill/VNIIA/Projects/black_plat/install/tracked_description/share/ament_index/resource_index/packages/tracked_description
[11.948s] -- Installing: /home/kirill/VNIIA/Projects/black_plat/install/tracked_description/share/tracked_description/cmake/tracked_descriptionConfig.cmake
[11.948s] -- Installing: /home/kirill/VNIIA/Projects/black_plat/install/tracked_description/share/tracked_description/cmake/tracked_descriptionConfig-version.cmake
[11.948s] -- Installing: /home/kirill/VNIIA/Projects/black_plat/install/tracked_description/share/tracked_description/package.xml
[11.950s] Invoked command in '/home/kirill/VNIIA/Projects/black_plat/build/tracked_description' returned '0': CMAKE_PREFIX_PATH=/home/kirill/VNIIA/Projects/black_plat/install/bluespace_ai_xsens_mti_driver:/home/kirill/VNIIA/Projects/black_plat/install/velodyne_simulator:/home/kirill/VNIIA/Projects/black_plat/install/velodyne_gazebo_plugins:/home/kirill/VNIIA/Projects/black_plat/install/velodyne_description:/home/kirill/VNIIA/Projects/black_plat/install/t21_sim:/home/kirill/VNIIA/Projects/black_plat/install/tracked_description:/home/kirill/VNIIA/Projects/black_plat/install/t21_tracked:/home/kirill/VNIIA/Projects/black_plat/install/t21_rtabmap:/home/kirill/VNIIA/Projects/black_plat/install/t21_navigation:/home/kirill/VNIIA/Projects/black_plat/install/t21_lidar:/home/kirill/VNIIA/Projects/black_plat/install/odometry_fus:/home/kirill/VNIIA/Projects/black_plat/install/lio_sam:/home/kirill/VNIIA/Projects/black_plat/install/t21_teleop:/opt/ros/humble /usr/bin/cmake --install /home/kirill/VNIIA/Projects/black_plat/build/tracked_description
