[0.026s] Invoking command in '/home/kirill/VNIIA/Projects/black_plat/build/odometry_fus': CMAKE_PREFIX_PATH=${CMAKE_PREFIX_PATH}:/home/kirill/VNIIA/Projects/black_plat/install/t21_teleop:/opt/ros/humble /usr/bin/cmake --build /home/kirill/VNIIA/Projects/black_plat/build/odometry_fus -- -j8 -l8
[0.070s] [35m[1mConsolidate compiler generated dependencies of target motion_emulator[0m
[0.070s] [35m[1mConsolidate compiler generated dependencies of target icp_odometer[0m
[0.070s] [35m[1mConsolidate compiler generated dependencies of target odometry_fus_node[0m
[0.091s] [ 33%] Built target odometry_fus_node
[0.091s] [ 66%] Built target motion_emulator
[0.101s] [100%] Built target icp_odometer
[0.141s] Invoked command in '/home/kirill/VNIIA/Projects/black_plat/build/odometry_fus' returned '0': CMAKE_PREFIX_PATH=${CMAKE_PREFIX_PATH}:/home/kirill/VNIIA/Projects/black_plat/install/t21_teleop:/opt/ros/humble /usr/bin/cmake --build /home/kirill/VNIIA/Projects/black_plat/build/odometry_fus -- -j8 -l8
[0.142s] Invoking command in '/home/kirill/VNIIA/Projects/black_plat/build/odometry_fus': CMAKE_PREFIX_PATH=${CMAKE_PREFIX_PATH}:/home/kirill/VNIIA/Projects/black_plat/install/t21_teleop:/opt/ros/humble /usr/bin/cmake --install /home/kirill/VNIIA/Projects/black_plat/build/odometry_fus
[0.148s] -- Install configuration: ""
[0.149s] -- Up-to-date: /home/kirill/VNIIA/Projects/black_plat/install/odometry_fus/lib/odometry_fus/odometry_fus_node
[0.149s] -- Up-to-date: /home/kirill/VNIIA/Projects/black_plat/install/odometry_fus/lib/odometry_fus/motion_emulator
[0.149s] -- Up-to-date: /home/kirill/VNIIA/Projects/black_plat/install/odometry_fus/lib/odometry_fus/icp_odometer
[0.149s] -- Up-to-date: /home/kirill/VNIIA/Projects/black_plat/install/odometry_fus/share/ament_index/resource_index/package_run_dependencies/odometry_fus
[0.149s] -- Up-to-date: /home/kirill/VNIIA/Projects/black_plat/install/odometry_fus/share/ament_index/resource_index/parent_prefix_path/odometry_fus
[0.149s] -- Up-to-date: /home/kirill/VNIIA/Projects/black_plat/install/odometry_fus/share/odometry_fus/environment/ament_prefix_path.sh
[0.149s] -- Up-to-date: /home/kirill/VNIIA/Projects/black_plat/install/odometry_fus/share/odometry_fus/environment/ament_prefix_path.dsv
[0.149s] -- Up-to-date: /home/kirill/VNIIA/Projects/black_plat/install/odometry_fus/share/odometry_fus/environment/path.sh
[0.150s] -- Up-to-date: /home/kirill/VNIIA/Projects/black_plat/install/odometry_fus/share/odometry_fus/environment/path.dsv
[0.150s] -- Up-to-date: /home/kirill/VNIIA/Projects/black_plat/install/odometry_fus/share/odometry_fus/local_setup.bash
[0.150s] -- Up-to-date: /home/kirill/VNIIA/Projects/black_plat/install/odometry_fus/share/odometry_fus/local_setup.sh
[0.150s] -- Up-to-date: /home/kirill/VNIIA/Projects/black_plat/install/odometry_fus/share/odometry_fus/local_setup.zsh
[0.150s] -- Up-to-date: /home/kirill/VNIIA/Projects/black_plat/install/odometry_fus/share/odometry_fus/local_setup.dsv
[0.150s] -- Installing: /home/kirill/VNIIA/Projects/black_plat/install/odometry_fus/share/odometry_fus/package.dsv
[0.150s] -- Up-to-date: /home/kirill/VNIIA/Projects/black_plat/install/odometry_fus/share/ament_index/resource_index/packages/odometry_fus
[0.150s] -- Up-to-date: /home/kirill/VNIIA/Projects/black_plat/install/odometry_fus/share/odometry_fus/cmake/ament_cmake_export_dependencies-extras.cmake
[0.150s] -- Up-to-date: /home/kirill/VNIIA/Projects/black_plat/install/odometry_fus/share/odometry_fus/cmake/odometry_fusConfig.cmake
[0.150s] -- Up-to-date: /home/kirill/VNIIA/Projects/black_plat/install/odometry_fus/share/odometry_fus/cmake/odometry_fusConfig-version.cmake
[0.150s] -- Up-to-date: /home/kirill/VNIIA/Projects/black_plat/install/odometry_fus/share/odometry_fus/package.xml
[0.350s] Invoked command in '/home/kirill/VNIIA/Projects/black_plat/build/odometry_fus' returned '0': CMAKE_PREFIX_PATH=${CMAKE_PREFIX_PATH}:/home/kirill/VNIIA/Projects/black_plat/install/t21_teleop:/opt/ros/humble /usr/bin/cmake --install /home/kirill/VNIIA/Projects/black_plat/build/odometry_fus
