[0.025s] Invoking command in '/home/kirill/VNIIA/Projects/black_plat/build/t21_lidar': CMAKE_PREFIX_PATH=${CMAKE_PREFIX_PATH}:/home/kirill/VNIIA/Projects/black_plat/install/t21_teleop:/opt/ros/humble /usr/bin/cmake --build /home/kirill/VNIIA/Projects/black_plat/build/t21_lidar -- -j8 -l8
[0.081s] Invoked command in '/home/kirill/VNIIA/Projects/black_plat/build/t21_lidar' returned '0': CMAKE_PREFIX_PATH=${CMAKE_PREFIX_PATH}:/home/kirill/VNIIA/Projects/black_plat/install/t21_teleop:/opt/ros/humble /usr/bin/cmake --build /home/kirill/VNIIA/Projects/black_plat/build/t21_lidar -- -j8 -l8
[0.082s] Invoking command in '/home/kirill/VNIIA/Projects/black_plat/build/t21_lidar': CMAKE_PREFIX_PATH=${CMAKE_PREFIX_PATH}:/home/kirill/VNIIA/Projects/black_plat/install/t21_teleop:/opt/ros/humble /usr/bin/cmake --install /home/kirill/VNIIA/Projects/black_plat/build/t21_lidar
[0.106s] -- Install configuration: ""
[0.106s] -- Up-to-date: /home/kirill/VNIIA/Projects/black_plat/install/t21_lidar/share/t21_lidar/launch
[0.106s] -- Up-to-date: /home/kirill/VNIIA/Projects/black_plat/install/t21_lidar/share/t21_lidar/launch/t21_lidar.launch.py
[0.106s] -- Up-to-date: /home/kirill/VNIIA/Projects/black_plat/install/t21_lidar/share/t21_lidar/config
[0.106s] -- Up-to-date: /home/kirill/VNIIA/Projects/black_plat/install/t21_lidar/share/t21_lidar/config/VLP16-velodyne_driver_node-params.yaml
[0.106s] -- Up-to-date: /home/kirill/VNIIA/Projects/black_plat/install/t21_lidar/share/t21_lidar/config/VLP16-velodyne_transform_node-params.yaml
[0.106s] -- Up-to-date: /home/kirill/VNIIA/Projects/black_plat/install/t21_lidar/share/t21_lidar/config/VLP16-velodyne_driver_node-params.yaml
[0.106s] -- Up-to-date: /home/kirill/VNIIA/Projects/black_plat/install/t21_lidar/share/t21_lidar/config/VLP16-velodyne_transform_node-params.yaml
[0.107s] -- Up-to-date: /home/kirill/VNIIA/Projects/black_plat/install/t21_lidar/share/ament_index/resource_index/package_run_dependencies/t21_lidar
[0.107s] -- Up-to-date: /home/kirill/VNIIA/Projects/black_plat/install/t21_lidar/share/ament_index/resource_index/parent_prefix_path/t21_lidar
[0.107s] -- Up-to-date: /home/kirill/VNIIA/Projects/black_plat/install/t21_lidar/share/t21_lidar/environment/ament_prefix_path.sh
[0.107s] -- Up-to-date: /home/kirill/VNIIA/Projects/black_plat/install/t21_lidar/share/t21_lidar/environment/ament_prefix_path.dsv
[0.107s] -- Up-to-date: /home/kirill/VNIIA/Projects/black_plat/install/t21_lidar/share/t21_lidar/environment/path.sh
[0.107s] -- Up-to-date: /home/kirill/VNIIA/Projects/black_plat/install/t21_lidar/share/t21_lidar/environment/path.dsv
[0.107s] -- Up-to-date: /home/kirill/VNIIA/Projects/black_plat/install/t21_lidar/share/t21_lidar/local_setup.bash
[0.107s] -- Up-to-date: /home/kirill/VNIIA/Projects/black_plat/install/t21_lidar/share/t21_lidar/local_setup.sh
[0.107s] -- Up-to-date: /home/kirill/VNIIA/Projects/black_plat/install/t21_lidar/share/t21_lidar/local_setup.zsh
[0.107s] -- Up-to-date: /home/kirill/VNIIA/Projects/black_plat/install/t21_lidar/share/t21_lidar/local_setup.dsv
[0.107s] -- Installing: /home/kirill/VNIIA/Projects/black_plat/install/t21_lidar/share/t21_lidar/package.dsv
[0.107s] -- Up-to-date: /home/kirill/VNIIA/Projects/black_plat/install/t21_lidar/share/ament_index/resource_index/packages/t21_lidar
[0.107s] -- Up-to-date: /home/kirill/VNIIA/Projects/black_plat/install/t21_lidar/share/t21_lidar/cmake/ament_cmake_export_dependencies-extras.cmake
[0.107s] -- Up-to-date: /home/kirill/VNIIA/Projects/black_plat/install/t21_lidar/share/t21_lidar/cmake/t21_lidarConfig.cmake
[0.107s] -- Up-to-date: /home/kirill/VNIIA/Projects/black_plat/install/t21_lidar/share/t21_lidar/cmake/t21_lidarConfig-version.cmake
[0.107s] -- Up-to-date: /home/kirill/VNIIA/Projects/black_plat/install/t21_lidar/share/t21_lidar/package.xml
[0.124s] Invoked command in '/home/kirill/VNIIA/Projects/black_plat/build/t21_lidar' returned '0': CMAKE_PREFIX_PATH=${CMAKE_PREFIX_PATH}:/home/kirill/VNIIA/Projects/black_plat/install/t21_teleop:/opt/ros/humble /usr/bin/cmake --install /home/kirill/VNIIA/Projects/black_plat/build/t21_lidar
