[0.029s] Invoking command in '/home/kirill/VNIIA/Projects/black_plat/build/odometry_fus': CMAKE_PREFIX_PATH=${CMAKE_PREFIX_PATH}:/home/kirill/VNIIA/Projects/black_plat/install/t21_teleop:/opt/ros/humble /usr/bin/cmake --build /home/kirill/VNIIA/Projects/black_plat/build/odometry_fus -- -j8 -l8
[0.097s] [ 33%] Built target odometry_fus_node
[0.101s] [ 66%] Built target motion_emulator
[0.108s] [100%] Built target icp_odometer
[0.175s] Invoked command in '/home/kirill/VNIIA/Projects/black_plat/build/odometry_fus' returned '0': CMAKE_PREFIX_PATH=${CMAKE_PREFIX_PATH}:/home/kirill/VNIIA/Projects/black_plat/install/t21_teleop:/opt/ros/humble /usr/bin/cmake --build /home/kirill/VNIIA/Projects/black_plat/build/odometry_fus -- -j8 -l8
[0.175s] Invoking command in '/home/kirill/VNIIA/Projects/black_plat/build/odometry_fus': CMAKE_PREFIX_PATH=${CMAKE_PREFIX_PATH}:/home/kirill/VNIIA/Projects/black_plat/install/t21_teleop:/opt/ros/humble /usr/bin/cmake --install /home/kirill/VNIIA/Projects/black_plat/build/odometry_fus
[0.200s] -- Install configuration: ""
[0.200s] -- Up-to-date: /home/kirill/VNIIA/Projects/black_plat/install/odometry_fus/lib/odometry_fus/odometry_fus_node
[0.200s] -- Up-to-date: /home/kirill/VNIIA/Projects/black_plat/install/odometry_fus/lib/odometry_fus/motion_emulator
[0.200s] -- Up-to-date: /home/kirill/VNIIA/Projects/black_plat/install/odometry_fus/lib/odometry_fus/icp_odometer
[0.200s] -- Up-to-date: /home/kirill/VNIIA/Projects/black_plat/install/odometry_fus/share/ament_index/resource_index/package_run_dependencies/odometry_fus
[0.200s] -- Up-to-date: /home/kirill/VNIIA/Projects/black_plat/install/odometry_fus/share/ament_index/resource_index/parent_prefix_path/odometry_fus
[0.200s] -- Up-to-date: /home/kirill/VNIIA/Projects/black_plat/install/odometry_fus/share/odometry_fus/environment/ament_prefix_path.sh
[0.200s] -- Up-to-date: /home/kirill/VNIIA/Projects/black_plat/install/odometry_fus/share/odometry_fus/environment/ament_prefix_path.dsv
[0.201s] -- Up-to-date: /home/kirill/VNIIA/Projects/black_plat/install/odometry_fus/share/odometry_fus/environment/path.sh
[0.202s] -- Up-to-date: /home/kirill/VNIIA/Projects/black_plat/install/odometry_fus/share/odometry_fus/environment/path.dsv
[0.202s] -- Up-to-date: /home/kirill/VNIIA/Projects/black_plat/install/odometry_fus/share/odometry_fus/local_setup.bash
[0.202s] -- Up-to-date: /home/kirill/VNIIA/Projects/black_plat/install/odometry_fus/share/odometry_fus/local_setup.sh
[0.202s] -- Up-to-date: /home/kirill/VNIIA/Projects/black_plat/install/odometry_fus/share/odometry_fus/local_setup.zsh
[0.202s] -- Up-to-date: /home/kirill/VNIIA/Projects/black_plat/install/odometry_fus/share/odometry_fus/local_setup.dsv
[0.202s] -- Installing: /home/kirill/VNIIA/Projects/black_plat/install/odometry_fus/share/odometry_fus/package.dsv
[0.202s] -- Up-to-date: /home/kirill/VNIIA/Projects/black_plat/install/odometry_fus/share/ament_index/resource_index/packages/odometry_fus
[0.202s] -- Up-to-date: /home/kirill/VNIIA/Projects/black_plat/install/odometry_fus/share/odometry_fus/cmake/ament_cmake_export_dependencies-extras.cmake
[0.202s] -- Up-to-date: /home/kirill/VNIIA/Projects/black_plat/install/odometry_fus/share/odometry_fus/cmake/odometry_fusConfig.cmake
[0.202s] -- Up-to-date: /home/kirill/VNIIA/Projects/black_plat/install/odometry_fus/share/odometry_fus/cmake/odometry_fusConfig-version.cmake
[0.202s] -- Up-to-date: /home/kirill/VNIIA/Projects/black_plat/install/odometry_fus/share/odometry_fus/package.xml
[0.427s] Invoked command in '/home/kirill/VNIIA/Projects/black_plat/build/odometry_fus' returned '0': CMAKE_PREFIX_PATH=${CMAKE_PREFIX_PATH}:/home/kirill/VNIIA/Projects/black_plat/install/t21_teleop:/opt/ros/humble /usr/bin/cmake --install /home/kirill/VNIIA/Projects/black_plat/build/odometry_fus
