-- Install configuration: ""
-- Up-to-date: /home/kirill/VNIIA/Projects/black_plat/install/t21_sim/share/t21_sim/config
-- Up-to-date: /home/kirill/VNIIA/Projects/black_plat/install/t21_sim/share/t21_sim/config/odometry_fus.yaml
-- Up-to-date: /home/kirill/VNIIA/Projects/black_plat/install/t21_sim/share/t21_sim/config/t21.ros2_control.xacro
-- Up-to-date: /home/kirill/VNIIA/Projects/black_plat/install/t21_sim/share/t21_sim/config/gazebo_params.yaml
-- Up-to-date: /home/kirill/VNIIA/Projects/black_plat/install/t21_sim/share/t21_sim/config/ekf.yaml
-- Up-to-date: /home/kirill/VNIIA/Projects/black_plat/install/t21_sim/share/t21_sim/config/my_controllers.yaml
-- Up-to-date: /home/kirill/VNIIA/Projects/black_plat/install/t21_sim/share/t21_sim/config/description.rviz
-- Up-to-date: /home/kirill/VNIIA/Projects/black_plat/install/t21_sim/share/t21_sim/launch
-- Up-to-date: /home/kirill/VNIIA/Projects/black_plat/install/t21_sim/share/t21_sim/launch/rsp.launch.py
-- Up-to-date: /home/kirill/VNIIA/Projects/black_plat/install/t21_sim/share/t21_sim/launch/launch_sim.launch.py
-- Up-to-date: /home/kirill/VNIIA/Projects/black_plat/install/t21_sim/share/t21_sim/meshes
-- Up-to-date: /home/kirill/VNIIA/Projects/black_plat/install/t21_sim/share/t21_sim/meshes/fliper_link.STL
-- Up-to-date: /home/kirill/VNIIA/Projects/black_plat/install/t21_sim/share/t21_sim/meshes/big_box.stl
-- Up-to-date: /home/kirill/VNIIA/Projects/black_plat/install/t21_sim/share/t21_sim/meshes/base_link.STL
-- Up-to-date: /home/kirill/VNIIA/Projects/black_plat/install/t21_sim/share/t21_sim/meshes/left_wheel_link.STL
-- Up-to-date: /home/kirill/VNIIA/Projects/black_plat/install/t21_sim/share/t21_sim/meshes/right_wheel_link.STL
-- Up-to-date: /home/kirill/VNIIA/Projects/black_plat/install/t21_sim/share/t21_sim/urdf
-- Up-to-date: /home/kirill/VNIIA/Projects/black_plat/install/t21_sim/share/t21_sim/urdf/ros2_control.xacro
-- Up-to-date: /home/kirill/VNIIA/Projects/black_plat/install/t21_sim/share/t21_sim/urdf/imu.xacro
-- Up-to-date: /home/kirill/VNIIA/Projects/black_plat/install/t21_sim/share/t21_sim/urdf/depth_camera.xacro
-- Up-to-date: /home/kirill/VNIIA/Projects/black_plat/install/t21_sim/share/t21_sim/urdf/t21_ros2_control.xacro
-- Up-to-date: /home/kirill/VNIIA/Projects/black_plat/install/t21_sim/share/t21_sim/urdf/camera.xacro
-- Up-to-date: /home/kirill/VNIIA/Projects/black_plat/install/t21_sim/share/t21_sim/urdf/t21.urdf.xacro
-- Up-to-date: /home/kirill/VNIIA/Projects/black_plat/install/t21_sim/share/t21_sim/urdf/tracked_robot.urdf.xacro
-- Up-to-date: /home/kirill/VNIIA/Projects/black_plat/install/t21_sim/share/t21_sim/worlds
-- Up-to-date: /home/kirill/VNIIA/Projects/black_plat/install/t21_sim/share/t21_sim/worlds/playground.world
-- Up-to-date: /home/kirill/VNIIA/Projects/black_plat/install/t21_sim/share/t21_sim/worlds/empty.world
-- Up-to-date: /home/kirill/VNIIA/Projects/black_plat/install/t21_sim/share/t21_sim/worlds/cafe.world
-- Up-to-date: /home/kirill/VNIIA/Projects/black_plat/install/t21_sim/share/ament_index/resource_index/package_run_dependencies/t21_sim
-- Up-to-date: /home/kirill/VNIIA/Projects/black_plat/install/t21_sim/share/ament_index/resource_index/parent_prefix_path/t21_sim
-- Up-to-date: /home/kirill/VNIIA/Projects/black_plat/install/t21_sim/share/t21_sim/environment/ament_prefix_path.sh
-- Up-to-date: /home/kirill/VNIIA/Projects/black_plat/install/t21_sim/share/t21_sim/environment/ament_prefix_path.dsv
-- Up-to-date: /home/kirill/VNIIA/Projects/black_plat/install/t21_sim/share/t21_sim/environment/path.sh
-- Up-to-date: /home/kirill/VNIIA/Projects/black_plat/install/t21_sim/share/t21_sim/environment/path.dsv
-- Up-to-date: /home/kirill/VNIIA/Projects/black_plat/install/t21_sim/share/t21_sim/local_setup.bash
-- Up-to-date: /home/kirill/VNIIA/Projects/black_plat/install/t21_sim/share/t21_sim/local_setup.sh
-- Up-to-date: /home/kirill/VNIIA/Projects/black_plat/install/t21_sim/share/t21_sim/local_setup.zsh
-- Up-to-date: /home/kirill/VNIIA/Projects/black_plat/install/t21_sim/share/t21_sim/local_setup.dsv
-- Installing: /home/kirill/VNIIA/Projects/black_plat/install/t21_sim/share/t21_sim/package.dsv
-- Up-to-date: /home/kirill/VNIIA/Projects/black_plat/install/t21_sim/share/ament_index/resource_index/packages/t21_sim
-- Up-to-date: /home/kirill/VNIIA/Projects/black_plat/install/t21_sim/share/t21_sim/cmake/t21_simConfig.cmake
-- Up-to-date: /home/kirill/VNIIA/Projects/black_plat/install/t21_sim/share/t21_sim/cmake/t21_simConfig-version.cmake
-- Up-to-date: /home/kirill/VNIIA/Projects/black_plat/install/t21_sim/share/t21_sim/package.xml
