[0.711s] Invoking command in '/home/kirill/VNIIA/Projects/black_plat/src/t21_teleop': PYTHONPATH=/home/kirill/VNIIA/Projects/black_plat/build/t21_teleop/prefix_override:/usr/lib/python3/dist-packages/colcon_core/task/python/colcon_distutils_commands:/home/kirill/VNIIA/Projects/black_plat/install/t21_teleop/lib/python3.10/site-packages:${PYTHONPATH} /usr/bin/python3 -W ignore:setup.py install is deprecated -W ignore:easy_install command is deprecated setup.py egg_info --egg-base ../../build/t21_teleop build --build-base /home/kirill/VNIIA/Projects/black_plat/build/t21_teleop/build install --record /home/kirill/VNIIA/Projects/black_plat/build/t21_teleop/install.log --single-version-externally-managed install_data
[0.882s] running egg_info
[0.882s] writing ../../build/t21_teleop/t21_teleop.egg-info/PKG-INFO
[0.882s] writing dependency_links to ../../build/t21_teleop/t21_teleop.egg-info/dependency_links.txt
[0.882s] writing entry points to ../../build/t21_teleop/t21_teleop.egg-info/entry_points.txt
[0.882s] writing requirements to ../../build/t21_teleop/t21_teleop.egg-info/requires.txt
[0.882s] writing top-level names to ../../build/t21_teleop/t21_teleop.egg-info/top_level.txt
[0.883s] reading manifest file '../../build/t21_teleop/t21_teleop.egg-info/SOURCES.txt'
[0.884s] writing manifest file '../../build/t21_teleop/t21_teleop.egg-info/SOURCES.txt'
[0.884s] running build
[0.884s] running build_py
[0.884s] running install
[0.884s] running install_lib
[0.885s] running install_data
[0.885s] running install_egg_info
[0.887s] removing '/home/kirill/VNIIA/Projects/black_plat/install/t21_teleop/lib/python3.10/site-packages/t21_teleop-0.0.0-py3.10.egg-info' (and everything under it)
[0.887s] Copying ../../build/t21_teleop/t21_teleop.egg-info to /home/kirill/VNIIA/Projects/black_plat/install/t21_teleop/lib/python3.10/site-packages/t21_teleop-0.0.0-py3.10.egg-info
[0.887s] running install_scripts
[0.904s] Installing drive_test script to /home/kirill/VNIIA/Projects/black_plat/install/t21_teleop/lib/t21_teleop
[0.904s] Installing flipper_teleop script to /home/kirill/VNIIA/Projects/black_plat/install/t21_teleop/lib/t21_teleop
[0.904s] Installing joy_flipper_teleop script to /home/kirill/VNIIA/Projects/black_plat/install/t21_teleop/lib/t21_teleop
[0.904s] Installing joy_full_teleop script to /home/kirill/VNIIA/Projects/black_plat/install/t21_teleop/lib/t21_teleop
[0.904s] Installing joy_platform_teleop script to /home/kirill/VNIIA/Projects/black_plat/install/t21_teleop/lib/t21_teleop
[0.904s] writing list of installed files to '/home/kirill/VNIIA/Projects/black_plat/build/t21_teleop/install.log'
[0.931s] Invoked command in '/home/kirill/VNIIA/Projects/black_plat/src/t21_teleop' returned '0': PYTHONPATH=/home/kirill/VNIIA/Projects/black_plat/build/t21_teleop/prefix_override:/usr/lib/python3/dist-packages/colcon_core/task/python/colcon_distutils_commands:/home/kirill/VNIIA/Projects/black_plat/install/t21_teleop/lib/python3.10/site-packages:${PYTHONPATH} /usr/bin/python3 -W ignore:setup.py install is deprecated -W ignore:easy_install command is deprecated setup.py egg_info --egg-base ../../build/t21_teleop build --build-base /home/kirill/VNIIA/Projects/black_plat/build/t21_teleop/build install --record /home/kirill/VNIIA/Projects/black_plat/build/t21_teleop/install.log --single-version-externally-managed install_data
