-- Install configuration: ""
-- Up-to-date: /home/kirill/VNIIA/Projects/black_plat/install/t21_rtabmap/share/t21_rtabmap/launch
-- Up-to-date: /home/kirill/VNIIA/Projects/black_plat/install/t21_rtabmap/share/t21_rtabmap/launch/t21_sim_vslam.launch.py
-- Up-to-date: /home/kirill/VNIIA/Projects/black_plat/install/t21_rtabmap/share/t21_rtabmap/launch/t21_vslam.launch.py
-- Up-to-date: /home/kirill/VNIIA/Projects/black_plat/install/t21_rtabmap/share/t21_rtabmap/launch/camera.launch.py
-- Up-to-date: /home/kirill/VNIIA/Projects/black_plat/install/t21_rtabmap/share/t21_rtabmap/config
-- Up-to-date: /home/kirill/VNIIA/Projects/black_plat/install/t21_rtabmap/share/t21_rtabmap/config/icp_odom_params.yaml
-- Up-to-date: /home/kirill/VNIIA/Projects/black_plat/install/t21_rtabmap/share/t21_rtabmap/config/real_rtabmap.yaml
-- Up-to-date: /home/kirill/VNIIA/Projects/black_plat/install/t21_rtabmap/share/t21_rtabmap/config/rgbd_odom_params.yaml
-- Up-to-date: /home/kirill/VNIIA/Projects/black_plat/install/t21_rtabmap/share/t21_rtabmap/config/camera.yaml
-- Up-to-date: /home/kirill/VNIIA/Projects/black_plat/install/t21_rtabmap/share/t21_rtabmap/config/rtabmap.yaml
-- Up-to-date: /home/kirill/VNIIA/Projects/black_plat/install/t21_rtabmap/share/t21_rtabmap/config/rtabmap_params.yaml
-- Up-to-date: /home/kirill/VNIIA/Projects/black_plat/install/t21_rtabmap/share/t21_rtabmap/config/rtabmap_nav2_params.yaml
-- Up-to-date: /home/kirill/VNIIA/Projects/black_plat/install/t21_rtabmap/share/t21_rtabmap/config/rtabmap_viz.yaml
-- Up-to-date: /home/kirill/VNIIA/Projects/black_plat/install/t21_rtabmap/share/t21_rtabmap/config/rgbd_sync_params.yaml
-- Up-to-date: /home/kirill/VNIIA/Projects/black_plat/install/t21_rtabmap/share/t21_rtabmap/config/champ
-- Up-to-date: /home/kirill/VNIIA/Projects/black_plat/install/t21_rtabmap/share/t21_rtabmap/config/champ/rgbd_odom_champ.yaml
-- Up-to-date: /home/kirill/VNIIA/Projects/black_plat/install/t21_rtabmap/share/t21_rtabmap/config/champ/pcl_champ.yaml
-- Up-to-date: /home/kirill/VNIIA/Projects/black_plat/install/t21_rtabmap/share/t21_rtabmap/config/champ/obstacle_champ.yaml
-- Up-to-date: /home/kirill/VNIIA/Projects/black_plat/install/t21_rtabmap/share/t21_rtabmap/config/champ/rtabmap_champ.yaml
-- Up-to-date: /home/kirill/VNIIA/Projects/black_plat/install/t21_rtabmap/share/ament_index/resource_index/package_run_dependencies/t21_rtabmap
-- Up-to-date: /home/kirill/VNIIA/Projects/black_plat/install/t21_rtabmap/share/ament_index/resource_index/parent_prefix_path/t21_rtabmap
-- Up-to-date: /home/kirill/VNIIA/Projects/black_plat/install/t21_rtabmap/share/t21_rtabmap/environment/ament_prefix_path.sh
-- Up-to-date: /home/kirill/VNIIA/Projects/black_plat/install/t21_rtabmap/share/t21_rtabmap/environment/ament_prefix_path.dsv
-- Up-to-date: /home/kirill/VNIIA/Projects/black_plat/install/t21_rtabmap/share/t21_rtabmap/environment/path.sh
-- Up-to-date: /home/kirill/VNIIA/Projects/black_plat/install/t21_rtabmap/share/t21_rtabmap/environment/path.dsv
-- Up-to-date: /home/kirill/VNIIA/Projects/black_plat/install/t21_rtabmap/share/t21_rtabmap/local_setup.bash
-- Up-to-date: /home/kirill/VNIIA/Projects/black_plat/install/t21_rtabmap/share/t21_rtabmap/local_setup.sh
-- Up-to-date: /home/kirill/VNIIA/Projects/black_plat/install/t21_rtabmap/share/t21_rtabmap/local_setup.zsh
-- Up-to-date: /home/kirill/VNIIA/Projects/black_plat/install/t21_rtabmap/share/t21_rtabmap/local_setup.dsv
-- Up-to-date: /home/kirill/VNIIA/Projects/black_plat/install/t21_rtabmap/share/t21_rtabmap/package.dsv
-- Up-to-date: /home/kirill/VNIIA/Projects/black_plat/install/t21_rtabmap/share/ament_index/resource_index/packages/t21_rtabmap
-- Up-to-date: /home/kirill/VNIIA/Projects/black_plat/install/t21_rtabmap/share/t21_rtabmap/cmake/t21_rtabmapConfig.cmake
-- Up-to-date: /home/kirill/VNIIA/Projects/black_plat/install/t21_rtabmap/share/t21_rtabmap/cmake/t21_rtabmapConfig-version.cmake
-- Up-to-date: /home/kirill/VNIIA/Projects/black_plat/install/t21_rtabmap/share/t21_rtabmap/package.xml
