[35m[1mConsolidate compiler generated dependencies of target ground_filter_node[0m
[100%] Built target ground_filter_node
-- Install configuration: ""
-- Up-to-date: /home/kirill/VNIIA/Projects/black_plat/install/t21_navigation/lib/t21_navigation/ground_filter_node
-- Up-to-date: /home/kirill/VNIIA/Projects/black_plat/install/t21_navigation/share/t21_navigation/launch
-- Up-to-date: /home/kirill/VNIIA/Projects/black_plat/install/t21_navigation/share/t21_navigation/launch/navigation.launch.py
-- Up-to-date: /home/kirill/VNIIA/Projects/black_plat/install/t21_navigation/share/t21_navigation/launch/translate.launch.py
-- Up-to-date: /home/kirill/VNIIA/Projects/black_plat/install/t21_navigation/share/t21_navigation/launch/slam.launch.py
-- Up-to-date: /home/kirill/VNIIA/Projects/black_plat/install/t21_navigation/share/t21_navigation/config
-- Up-to-date: /home/kirill/VNIIA/Projects/black_plat/install/t21_navigation/share/t21_navigation/config/navigation.yaml
-- Up-to-date: /home/kirill/VNIIA/Projects/black_plat/install/t21_navigation/share/t21_navigation/config/slam.yaml
-- Up-to-date: /home/kirill/VNIIA/Projects/black_plat/install/t21_navigation/share/t21_navigation/config/navigation_sim.yaml
-- Up-to-date: /home/kirill/VNIIA/Projects/black_plat/install/t21_navigation/share/t21_navigation/maps
-- Up-to-date: /home/kirill/VNIIA/Projects/black_plat/install/t21_navigation/share/t21_navigation/rviz
-- Up-to-date: /home/kirill/VNIIA/Projects/black_plat/install/t21_navigation/share/t21_navigation/behavior_trees
-- Up-to-date: /home/kirill/VNIIA/Projects/black_plat/install/t21_navigation/share/t21_navigation/behavior_trees/navigate_w_replanning_only_if_goal_is_updated.xml
-- Up-to-date: /home/kirill/VNIIA/Projects/black_plat/install/t21_navigation/share/t21_navigation/behavior_trees/navigate_w_replanning_speed.xml
-- Up-to-date: /home/kirill/VNIIA/Projects/black_plat/install/t21_navigation/share/t21_navigation/behavior_trees/navigate_through_poses_w_replanning_and_recovery.xml
-- Up-to-date: /home/kirill/VNIIA/Projects/black_plat/install/t21_navigation/share/t21_navigation/behavior_trees/navigate_w_replanning_time.xml
-- Up-to-date: /home/kirill/VNIIA/Projects/black_plat/install/t21_navigation/share/t21_navigation/behavior_trees/odometry_calibration.xml
-- Up-to-date: /home/kirill/VNIIA/Projects/black_plat/install/t21_navigation/share/t21_navigation/behavior_trees/navigate_to_pose_w_replanning_and_recovery.xml
-- Up-to-date: /home/kirill/VNIIA/Projects/black_plat/install/t21_navigation/share/t21_navigation/behavior_trees/nav_to_pose_with_consistent_replanning_and_if_path_becomes_invalid.xml
-- Up-to-date: /home/kirill/VNIIA/Projects/black_plat/install/t21_navigation/share/t21_navigation/behavior_trees/navigate_w_replanning_only_if_path_becomes_invalid.xml
-- Up-to-date: /home/kirill/VNIIA/Projects/black_plat/install/t21_navigation/share/t21_navigation/behavior_trees/navigate_w_recovery_and_replanning_only_if_path_becomes_invalid.xml
-- Up-to-date: /home/kirill/VNIIA/Projects/black_plat/install/t21_navigation/share/t21_navigation/behavior_trees/follow_point.xml
-- Up-to-date: /home/kirill/VNIIA/Projects/black_plat/install/t21_navigation/share/t21_navigation/behavior_trees/navigate_to_pose_w_replanning_goal_patience_and_recovery.xml
-- Up-to-date: /home/kirill/VNIIA/Projects/black_plat/install/t21_navigation/share/t21_navigation/behavior_trees/navigate_w_replanning_distance.xml
-- Up-to-date: /home/kirill/VNIIA/Projects/black_plat/install/t21_navigation/share/ament_index/resource_index/package_run_dependencies/t21_navigation
-- Up-to-date: /home/kirill/VNIIA/Projects/black_plat/install/t21_navigation/share/ament_index/resource_index/parent_prefix_path/t21_navigation
-- Up-to-date: /home/kirill/VNIIA/Projects/black_plat/install/t21_navigation/share/t21_navigation/environment/ament_prefix_path.sh
-- Up-to-date: /home/kirill/VNIIA/Projects/black_plat/install/t21_navigation/share/t21_navigation/environment/ament_prefix_path.dsv
-- Up-to-date: /home/kirill/VNIIA/Projects/black_plat/install/t21_navigation/share/t21_navigation/environment/path.sh
-- Up-to-date: /home/kirill/VNIIA/Projects/black_plat/install/t21_navigation/share/t21_navigation/environment/path.dsv
-- Up-to-date: /home/kirill/VNIIA/Projects/black_plat/install/t21_navigation/share/t21_navigation/local_setup.bash
-- Up-to-date: /home/kirill/VNIIA/Projects/black_plat/install/t21_navigation/share/t21_navigation/local_setup.sh
-- Up-to-date: /home/kirill/VNIIA/Projects/black_plat/install/t21_navigation/share/t21_navigation/local_setup.zsh
-- Up-to-date: /home/kirill/VNIIA/Projects/black_plat/install/t21_navigation/share/t21_navigation/local_setup.dsv
-- Installing: /home/kirill/VNIIA/Projects/black_plat/install/t21_navigation/share/t21_navigation/package.dsv
-- Up-to-date: /home/kirill/VNIIA/Projects/black_plat/install/t21_navigation/share/ament_index/resource_index/packages/t21_navigation
-- Up-to-date: /home/kirill/VNIIA/Projects/black_plat/install/t21_navigation/share/t21_navigation/cmake/t21_navigationConfig.cmake
-- Up-to-date: /home/kirill/VNIIA/Projects/black_plat/install/t21_navigation/share/t21_navigation/cmake/t21_navigationConfig-version.cmake
-- Up-to-date: /home/kirill/VNIIA/Projects/black_plat/install/t21_navigation/share/t21_navigation/package.xml
